******************************************************************************
            TI ARM Clang Linker PC v4.0.4                      
******************************************************************************
>> Linked Sat Jul  4 19:06:48 2026

OUTPUT FILE NAME:   <empty.out>
ENTRY POINT SYMBOL: "_c_int00_noargs"  address: 000035a1


MEMORY CONFIGURATION

         name            origin    length      used     unused   attr    fill
----------------------  --------  ---------  --------  --------  ----  --------
  FLASH                 00000000   00020000  00005788  0001a878  R  X
  SRAM                  20200000   00008000  000008dd  00007723  RW X
  BCR_CONFIG            41c00000   000000ff  00000000  000000ff  R   
  BSL_CONFIG            41c00100   00000080  00000000  00000080  R   


SEGMENT ALLOCATION MAP

run origin  load origin   length   init length attrs members
----------  ----------- ---------- ----------- ----- -------
00000000    00000000    00003dd8   00003dd8    r-x
  00000000    00000000    000000c0   000000c0    r-- .intvecs
  000000c0    000000c0    00003d18   00003d18    r-x .text
00003de0    00003de0    000019b0   000019b0    r--
  00003de0    00003de0    00001980   00001980    r-- .rodata
  00005760    00005760    00000030   00000030    r-- .cinit
20200000    20200000    000006de   00000000    rw-
  20200000    20200000    000004af   00000000    rw- .bss
  202004b0    202004b0    0000022e   00000000    rw- .data
20207e00    20207e00    00000200   00000000    rw-
  20207e00    20207e00    00000200   00000000    rw- .stack


SECTION ALLOCATION MAP

 output                                  attributes/
section   page    origin      length       input sections
--------  ----  ----------  ----------   ----------------
.intvecs   0    00000000    000000c0     
                  00000000    000000c0     startup_mspm0g350x_ticlang.o (.intvecs)

.text      0    000000c0    00003d18     
                  000000c0    000009d0     libc.a : _printfi.c.obj (.text:__TI_printfi)
                  00000a90    0000026c     Gimbal_Test.o (.text.main)
                  00000cfc    00000220     libc.a : _printfi.c.obj (.text._pconv_a)
                  00000f1c    000001dc            : _printfi.c.obj (.text._pconv_g)
                  000010f8    00000192     libclang_rt.builtins.a : adddf3.S.obj (.text.adddf3_subdf3)
                  0000128a    00000002                            : aeabi_div0.c.obj (.text.__aeabi_idiv0)
                  0000128c    00000170     ti_msp_dl_config.o (.text.SYSCFG_DL_GPIO_init)
                  000013fc    00000158     oled.o (.text.OLED_ShowChar)
                  00001554    0000013c     libc.a : _printfi.c.obj (.text.fcvt)
                  00001690    00000120            : _printfi.c.obj (.text._pconv_e)
                  000017b0    00000114     F32C.o (.text.Parse_Feedback)
                  000018c4    00000114     Gimbal_Test.o (.text.Process_Bluetooth_Data)
                  000019d8    0000010c     libclang_rt.builtins.a : divdf3.S.obj (.text.__divdf3)
                  00001ae4    000000fc     driverlib.a : dl_timer.o (.text.DL_Timer_initTimerMode)
                  00001be0    000000f8     oled.o (.text.OLED_Init)
                  00001cd8    000000e8     ti_msp_dl_config.o (.text.SYSCFG_DL_SYSCTL_SYSPLL_init)
                  00001dc0    000000e4     libclang_rt.builtins.a : muldf3.S.obj (.text.__muldf3)
                  00001ea4    000000dc     driverlib.a : dl_sysctl_mspm0g1x0x_g3x0x.o (.text.DL_SYSCTL_configSYSPLL)
                  00001f80    000000d8     libc.a : s_scalbn.c.obj (.text.scalbn)
                  00002058    000000a2     libclang_rt.builtins.a : udivmoddi4.S.obj (.text)
                  000020fa    00000098     oled.o (.text.OLED_ShowString)
                  00002192    00000002     libclang_rt.builtins.a : aeabi_div0.c.obj (.text.__aeabi_ldiv0)
                  00002194    0000008c     ti_msp_dl_config.o (.text.SYSCFG_DL_initPower)
                  00002220    00000084     ti_msp_dl_config.o (.text.__NVIC_SetPriority)
                  000022a4    0000007c     oled.o (.text.OLED_Refresh)
                  00002320    0000007c     libc.a : copy_decompress_lzss.c.obj (.text:decompress:lzss)
                  0000239c    00000078     Key.o (.text.Key_GetState)
                  00002414    00000074     ti_msp_dl_config.o (.text.SYSCFG_DL_SYSCTL_init)
                  00002488    00000074     libclang_rt.builtins.a : comparedf2.c.obj (.text.__gedf2)
                  000024fc    0000006a     Serial.o (.text.RingBuffer_Write)
                  00002566    00000002     --HOLE-- [fill = 0]
                  00002568    00000068     libclang_rt.builtins.a : comparedf2.c.obj (.text.__ledf2)
                  000025d0    00000066     libc.a : _printfi.c.obj (.text._mcpy)
                  00002636    00000002     --HOLE-- [fill = 0]
                  00002638    00000064     driverlib.a : dl_sysctl_mspm0g1x0x_g3x0x.o (.text.DL_SYSCTL_setHFCLKSourceHFXTParams)
                  0000269c    00000064     oled.o (.text.OLED_ClearPoint)
                  00002700    00000062     libclang_rt.builtins.a : aeabi_dcmp.S.obj (.text.__aeabi_dcmp)
                  00002762    00000002     --HOLE-- [fill = 0]
                  00002764    00000060     Key.o (.text.Key_Tick)
                  000027c4    00000060     oled.o (.text.OLED_Clear)
                  00002824    00000060     ti_msp_dl_config.o (.text.SYSCFG_DL_OLED_init)
                  00002884    0000005e     driverlib.a : dl_i2c.o (.text.DL_I2C_fillControllerTXFIFO)
                  000028e2    00000002     --HOLE-- [fill = 0]
                  000028e4    0000005c     libc.a : s_frexp.c.obj (.text.frexp)
                  00002940    00000058     ti_msp_dl_config.o (.text.SYSCFG_DL_GY_87_init)
                  00002998    00000058     libc.a : _ltoa.c.obj (.text.__TI_ltoa)
                  000029f0    00000058            : _printfi.c.obj (.text._pconv_f)
                  00002a48    00000056     libclang_rt.builtins.a : aeabi_idivmod.S.obj (.text.__aeabi_idivmod)
                  00002a9e    00000052     libc.a : _printfi.c.obj (.text._ecpy)
                  00002af0    00000050     ti_msp_dl_config.o (.text.DL_GPIO_initPeripheralInputFunctionFeatures)
                  00002b40    00000050     oled.o (.text.DL_I2C_startControllerTransfer)
                  00002b90    00000050     oled.o (.text.OLED_WR_Byte)
                  00002be0    00000050     BlueSerial.o (.text.RingBuffer_Read)
                  00002c30    00000050     Serial.o (.text.RingBuffer_Read)
                  00002c80    0000004c     ti_msp_dl_config.o (.text.DL_GPIO_initDigitalInputFeatures)
                  00002ccc    0000004c     ti_msp_dl_config.o (.text.DL_UART_setBaudRateDivisor)
                  00002d18    0000004a     libclang_rt.builtins.a : fixdfsi.S.obj (.text.__fixdfsi)
                  00002d62    00000002     --HOLE-- [fill = 0]
                  00002d64    00000048     driverlib.a : dl_uart.o (.text.DL_UART_init)
                  00002dac    00000048     oled.o (.text.OLED_DisplayTurn)
                  00002df4    00000048     oled.o (.text.OLED_DrawPoint)
                  00002e3c    00000048     ti_msp_dl_config.o (.text.SYSCFG_DL_UART_0_init)
                  00002e84    00000048     ti_msp_dl_config.o (.text.SYSCFG_DL_UART_1_init)
                  00002ecc    00000048     Timer.o (.text.TIMG0_IRQHandler)
                  00002f14    00000046     F32C.o (.text.BCC_Sum)
                  00002f5a    00000002     --HOLE-- [fill = 0]
                  00002f5c    00000044     F32C.o (.text.Build_Position)
                  00002fa0    00000044     driverlib.a : dl_sysctl_mspm0g1x0x_g3x0x.o (.text.DL_SYSCTL_switchMCLKfromSYSOSCtoHSCLK)
                  00002fe4    00000040     F32C.o (.text.Build_Mode)
                  00003024    00000040     F32C.o (.text.Build_Speed)
                  00003064    00000040     BlueSerial.o (.text.RingBuffer_Write)
                  000030a4    00000040     ti_msp_dl_config.o (.text.SYSCFG_DL_TIMER_0_init)
                  000030e4    00000040     libclang_rt.builtins.a : aeabi_uidivmod.S.obj (.text.__aeabi_uidivmod)
                  00003124    00000040     libc.a : atoi.c.obj (.text.atoi)
                  00003164    0000003e     oled.o (.text.OLED_Printf)
                  000031a2    0000003c     Serial.o (.text.Serial_SendArray)
                  000031de    00000002     --HOLE-- [fill = 0]
                  000031e0    0000003c     libc.a : autoinit.c.obj (.text:__TI_auto_init_nobinit_nopinit)
                  0000321c    0000003a     libclang_rt.builtins.a : muldsi3.S.obj (.text.__muldsi3)
                  00003256    00000002     --HOLE-- [fill = 0]
                  00003258    00000034     F32C.o (.text.Build_Feedback)
                  0000328c    00000034     oled.o (.text.OLED_ColorTurn)
                  000032c0    00000030     F32C.o (.text.Build_Enable)
                  000032f0    00000030     libc.a : _printfi.c.obj (.text._fcpy)
                  00003320    0000002c     F32C.o (.text.Send_Speed)
                  0000334c    0000002c     Serial.o (.text.Serial_SendByte)
                  00003378    0000002c     BlueSerial.o (.text.__NVIC_ClearPendingIRQ)
                  000033a4    0000002c     Serial.o (.text.__NVIC_ClearPendingIRQ)
                  000033d0    0000002c     Timer.o (.text.__NVIC_ClearPendingIRQ)
                  000033fc    0000002c     BlueSerial.o (.text.__NVIC_EnableIRQ)
                  00003428    0000002c     Serial.o (.text.__NVIC_EnableIRQ)
                  00003454    0000002c     Timer.o (.text.__NVIC_EnableIRQ)
                  00003480    0000002c     libclang_rt.builtins.a : floatsidf.S.obj (.text.__floatsidf)
                  000034ac    0000002c     libc.a : vsprintf.c.obj (.text.vsprintf)
                  000034d8    00000028     oled.o (.text.DL_Common_updateReg)
                  00003500    00000028     ti_msp_dl_config.o (.text.DL_Common_updateReg)
                  00003528    00000028     ti_msp_dl_config.o (.text.DL_I2C_setControllerRXFIFOThreshold)
                  00003550    00000028     ti_msp_dl_config.o (.text.DL_I2C_setControllerTXFIFOThreshold)
                  00003578    00000028     F32C.o (.text.Send_Mode)
                  000035a0    00000028     libc.a : boot_cortex_m.c.obj (.text:_c_int00_noargs)
                  000035c8    00000026     ti_msp_dl_config.o (.text.DL_I2C_setAnalogGlitchFilterPulseWidth)
                  000035ee    00000026     driverlib.a : dl_i2c.o (.text.DL_I2C_setClockConfig)
                  00003614    00000024     ti_msp_dl_config.o (.text.DL_I2C_setDigitalGlitchFilterPulseWidth)
                  00003638    00000024     ti_msp_dl_config.o (.text.SYSCFG_DL_init)
                  0000365c    00000024     F32C.o (.text.Send_Position)
                  00003680    00000024     BlueSerial.o (.text.UART0_IRQHandler)
                  000036a4    00000024     Serial.o (.text.UART1_IRQHandler)
                  000036c8    00000024     libclang_rt.builtins.a : floatunsidf.S.obj (.text.__floatunsidf)
                  000036ec    00000024                            : muldi3.S.obj (.text.__muldi3)
                  00003710    00000022     libc.a : memccpy.c.obj (.text.memccpy)
                  00003732    00000002     --HOLE-- [fill = 0]
                  00003734    00000020     ti_msp_dl_config.o (.text.DL_GPIO_initPeripheralInputFunction)
                  00003754    00000020     ti_msp_dl_config.o (.text.DL_SYSCTL_setFlashWaitState)
                  00003774    00000020     F32C.o (.text.Send_Enable)
                  00003794    00000020     F32C.o (.text.Send_Feedback)
                  000037b4    0000001e     ti_msp_dl_config.o (.text.DL_UART_setOversampling)
                  000037d2    00000002     --HOLE-- [fill = 0]
                  000037d4    0000001e     libclang_rt.builtins.a : ashldi3.S.obj (.text.__ashldi3)
                  000037f2    00000002     --HOLE-- [fill = 0]
                  000037f4    0000001c     ti_msp_dl_config.o (.text.DL_GPIO_enableHiZ)
                  00003810    0000001c     ti_msp_dl_config.o (.text.DL_GPIO_initPeripheralOutputFunction)
                  0000382c    0000001c     driverlib.a : dl_sysctl_mspm0g1x0x_g3x0x.o (.text.DL_SYSCTL_configFCC)
                  00003848    0000001c     ti_msp_dl_config.o (.text.DL_SYSCTL_setFCCPeriods)
                  00003864    0000001c     ti_msp_dl_config.o (.text.DL_SYSCTL_setSYSOSCFreq)
                  00003880    0000001c     ti_msp_dl_config.o (.text.DL_SYSCTL_setULPCLKDivider)
                  0000389c    0000001c     ti_msp_dl_config.o (.text.DL_Timer_enableInterrupt)
                  000038b8    0000001c     driverlib.a : dl_timer.o (.text.DL_Timer_setClockConfig)
                  000038d4    0000001c     ti_msp_dl_config.o (.text.DL_UART_enableInterrupt)
                  000038f0    0000001c     delay.o (.text.delay_ms)
                  0000390c    00000018     ti_msp_dl_config.o (.text.DL_GPIO_enableOutput)
                  00003924    00000018     ti_msp_dl_config.o (.text.DL_GPIO_enablePower)
                  0000393c    00000018     ti_msp_dl_config.o (.text.DL_GPIO_initDigitalOutput)
                  00003954    00000018     ti_msp_dl_config.o (.text.DL_GPIO_initPeripheralAnalogFunction)
                  0000396c    00000018     ti_msp_dl_config.o (.text.DL_GPIO_reset)
                  00003984    00000018     ti_msp_dl_config.o (.text.DL_I2C_enableAnalogGlitchFilter)
                  0000399c    00000018     ti_msp_dl_config.o (.text.DL_I2C_enableController)
                  000039b4    00000018     ti_msp_dl_config.o (.text.DL_I2C_enableControllerClockStretching)
                  000039cc    00000018     ti_msp_dl_config.o (.text.DL_I2C_enablePower)
                  000039e4    00000018     ti_msp_dl_config.o (.text.DL_I2C_reset)
                  000039fc    00000018     ti_msp_dl_config.o (.text.DL_I2C_setTimerPeriod)
                  00003a14    00000018     ti_msp_dl_config.o (.text.DL_SYSCTL_setBORThreshold)
                  00003a2c    00000018     ti_msp_dl_config.o (.text.DL_Timer_enablePower)
                  00003a44    00000018     ti_msp_dl_config.o (.text.DL_Timer_reset)
                  00003a5c    00000018     ti_msp_dl_config.o (.text.DL_UART_enablePower)
                  00003a74    00000018     Serial.o (.text.DL_UART_isTXFIFOFull)
                  00003a8c    00000018     ti_msp_dl_config.o (.text.DL_UART_reset)
                  00003aa4    00000018     Key.o (.text.Key_GetNum)
                  00003abc    00000018     libc.a : vsprintf.c.obj (.text._outs)
                  00003ad4    00000016     BlueSerial.o (.text.BlueSerial_Init)
                  00003aea    00000016     Key.o (.text.DL_GPIO_readPins)
                  00003b00    00000016     ti_msp_dl_config.o (.text.DL_UART_enable)
                  00003b16    00000016     Serial.o (.text.DL_UART_transmitData)
                  00003b2c    00000016     Serial.o (.text.Serial_Init)
                  00003b42    00000016     Timer.o (.text.Timer_Init)
                  00003b58    00000014     ti_msp_dl_config.o (.text.DL_GPIO_clearPins)
                  00003b6c    00000014     oled.o (.text.DL_I2C_getControllerStatus)
                  00003b80    00000014     ti_msp_dl_config.o (.text.DL_I2C_resetControllerTransfer)
                  00003b94    00000014     ti_msp_dl_config.o (.text.DL_SYSCTL_disableSYSPLL)
                  00003ba8    00000014     ti_msp_dl_config.o (.text.DL_SYSCTL_enableSYSPLL)
                  00003bbc    00000014     ti_msp_dl_config.o (.text.DL_Timer_enableClock)
                  00003bd0    00000014     BlueSerial.o (.text.DL_UART_receiveData)
                  00003be4    00000014     Serial.o (.text.DL_UART_receiveData)
                  00003bf8    00000014     libclang_rt.builtins.a : aeabi_uldivmod.S.obj (.text.__aeabi_uldivmod)
                  00003c0c    00000014     libc.a : _printfi.c.obj (.text.strchr)
                  00003c20    00000012     Timer.o (.text.DL_Timer_getPendingInterrupt)
                  00003c32    00000012     driverlib.a : dl_uart.o (.text.DL_UART_setClockConfig)
                  00003c44    00000012     libc.a : memcpy16.S.obj (.text:TI_memcpy_small)
                  00003c56    00000012            : copy_decompress_none.c.obj (.text:decompress:none)
                  00003c68    00000010     BlueSerial.o (.text.BlueSerial_GetRxCount)
                  00003c78    00000010     BlueSerial.o (.text.BlueSerial_GetRxData)
                  00003c88    00000010     ti_msp_dl_config.o (.text.DL_SYSCTL_disableHFXT)
                  00003c98    00000010     ti_msp_dl_config.o (.text.DL_SYSCTL_isFCCDone)
                  00003ca8    00000010     ti_msp_dl_config.o (.text.DL_SYSCTL_startFCC)
                  00003cb8    00000010     BlueSerial.o (.text.RingBuffer_GetCount)
                  00003cc8    00000010     Serial.o (.text.RingBuffer_GetCount)
                  00003cd8    00000010     Serial.o (.text.Serial_GetRxCount)
                  00003ce8    00000010     Serial.o (.text.Serial_GetRxData)
                  00003cf8    00000010     libc.a : wcslen.c.obj (.text.wcslen)
                  00003d08    00000010            : copy_zero_init.c.obj (.text:decompress:ZI)
                  00003d18    0000000e     libclang_rt.builtins.a : aeabi_memset.S.obj (.text.__aeabi_memset)
                  00003d26    0000000e     libc.a : _printfi.c.obj (.text.strlen)
                  00003d34    0000000e            : memset16.S.obj (.text:TI_memset_small)
                  00003d42    00000002     --HOLE-- [fill = 0]
                  00003d44    0000000c     ti_msp_dl_config.o (.text.DL_SYSCTL_getClockStatus)
                  00003d50    0000000c     ti_msp_dl_config.o (.text.DL_SYSCTL_readFCC)
                  00003d5c    0000000c     libclang_rt.builtins.a : aeabi_memset.S.obj (.text.__aeabi_memclr)
                  00003d68    0000000a     driverlib.a : dl_common.o (.text.DL_Common_delayCycles)
                  00003d72    0000000a     libc.a : _printfi.c.obj (.text.OUTLINED_FUNCTION_0)
                  00003d7c    00000010     libclang_rt.builtins.a : adddf3.S.obj (.tramp.__aeabi_dsub.1)
                  00003d8c    0000000a     libc.a : _printfi.c.obj (.text.OUTLINED_FUNCTION_1)
                  00003d96    0000000a            : vsprintf.c.obj (.text._outc)
                  00003da0    00000008            : aeabi_portable.c.obj (.text.__aeabi_errno_addr)
                  00003da8    00000008     libclang_rt.builtins.a : aeabi_memcpy.S.obj (.text.__aeabi_memcpy)
                  00003db0    00000006     libc.a : exit.c.obj (.text:abort)
                  00003db6    00000004     startup_mspm0g350x_ticlang.o (.text.Default_Handler)
                  00003dba    00000004     libsysbm.a : hostexit.c.obj (.text.HOSTexit)
                  00003dbe    00000004     startup_mspm0g350x_ticlang.o (.text.Reset_Handler)
                  00003dc2    00000002     --HOLE-- [fill = 0]
                  00003dc4    00000010     libc.a : boot_cortex_m.c.obj (.tramp._c_int00_noargs.1)
                  00003dd4    00000004            : pre_init.c.obj (.text._system_pre_init)

.cinit     0    00005760    00000030     
                  00005760    0000000c     (__TI_handler_table)
                  0000576c    00000009     (.cinit..data.load) [load image, compression = lzss]
                  00005775    00000003     --HOLE-- [fill = 0]
                  00005778    00000008     (.cinit..bss.load) [load image, compression = zero_init]
                  00005780    00000010     (__TI_cinit_table)

.rodata    0    00003de0    00001980     
                  00003de0    00000d5c     oled.o (.rodata.asc2_2412)
                  00004b3c    000005f0     oled.o (.rodata.asc2_1608)
                  0000512c    00000474     oled.o (.rodata.asc2_1206)
                  000055a0    00000101     libc.a : aeabi_ctype.S.obj (.rodata:__aeabi_ctype_table_)
                  000056a1    00000003     ti_msp_dl_config.o (.rodata.gTIMER_0ClockConfig)
                  000056a4    00000028     ti_msp_dl_config.o (.rodata.gSYSPLLConfig)
                  000056cc    00000014     ti_msp_dl_config.o (.rodata.gTIMER_0TimerConfig)
                  000056e0    00000011     libc.a : _printfi.c.obj (.rodata.str1.10348868589481759720.1)
                  000056f1    00000011            : _printfi.c.obj (.rodata.str1.15363888844622738466.1)
                  00005702    0000000d     Gimbal_Test.o (.rodata.str1.1137305939433323461.1)
                  0000570f    0000000d     Gimbal_Test.o (.rodata.str1.3912676882186046381.1)
                  0000571c    0000000d     Gimbal_Test.o (.rodata.str1.6756241767796355548.1)
                  00005729    0000000d     Gimbal_Test.o (.rodata.str1.7310398143635496649.1)
                  00005736    0000000a     ti_msp_dl_config.o (.rodata.gUART_0Config)
                  00005740    0000000a     ti_msp_dl_config.o (.rodata.gUART_1Config)
                  0000574a    00000002     ti_msp_dl_config.o (.rodata.gGY_87ClockConfig)
                  0000574c    00000002     ti_msp_dl_config.o (.rodata.gOLEDClockConfig)
                  0000574e    00000002     ti_msp_dl_config.o (.rodata.gUART_0ClockConfig)
                  00005750    00000002     ti_msp_dl_config.o (.rodata.gUART_1ClockConfig)
                  00005752    0000000e     --HOLE-- [fill = 0]

.init_array 
*          0    00000000    00000000     UNINITIALIZED

.binit     0    00000000    00000000     

.bss       0    20200000    000004af     UNINITIALIZED
                  20200000    00000480     (.common:OLED_GRAM)
                  20200480    00000009     F32C.o (.bss.Parse_Feedback.rx_buf)
                  20200489    00000009     F32C.o (.bss.cmd_position)
                  20200492    00000007     F32C.o (.bss.cmd_mode)
                  20200499    00000007     F32C.o (.bss.cmd_speed)
                  202004a0    00000006     F32C.o (.bss.cmd_feedback)
                  202004a6    00000005     F32C.o (.bss.cmd_enable)
                  202004ab    00000004     Gimbal_Test.o (.bss.Process_Bluetooth_Data.rx_buf)

.data      0    202004b0    0000022e     UNINITIALIZED
                  202004b0    00000106     BlueSerial.o (.data.rxBuffer)
                  202005b6    00000106     Serial.o (.data.rxBuffer)
                  202006bc    00000004     libc.a : aeabi_portable.c.obj (.data.__aeabi_errno)
                  202006c0    00000004     F32C.o (.data.motor1_pos)
                  202006c4    00000004     F32C.o (.data.motor1_target)
                  202006c8    00000004     F32C.o (.data.motor2_pos)
                  202006cc    00000004     F32C.o (.data.motor2_target)
                  202006d0    00000002     Timer.o (.data.Count0)
                  202006d2    00000002     Timer.o (.data.Count1)
                  202006d4    00000001     Key.o (.data.Key_Num)
                  202006d5    00000001     Key.o (.data.Key_Tick.Count)
                  202006d6    00000001     Key.o (.data.Key_Tick.CurrState)
                  202006d7    00000001     Key.o (.data.Key_Tick.PrevState)
                  202006d8    00000001     F32C.o (.data.Parse_Feedback.rx_idx)
                  202006d9    00000001     F32C.o (.data.Parse_Feedback.rx_state)
                  202006da    00000001     Gimbal_Test.o (.data.Process_Bluetooth_Data.rx_idx)
                  202006db    00000001     Gimbal_Test.o (.data.Process_Bluetooth_Data.rx_state)
                  202006dc    00000001     F32C.o (.data.motor1_online)
                  202006dd    00000001     F32C.o (.data.motor2_online)

.stack     0    20207e00    00000200     UNINITIALIZED
                  20207e00    00000004     libc.a : boot_cortex_m.c.obj (.stack)
                  20207e04    000001fc     --HOLE--

__llvm_prf_cnts 
*          0    20200000    00000000     UNINITIALIZED

__llvm_prf_bits 
*          0    20200000    00000000     UNINITIALIZED

MODULE SUMMARY

       Module                         code    ro data   rw data
       ------                         ----    -------   -------
    .\
       ti_msp_dl_config.o             2710    91        0      
       startup_mspm0g350x_ticlang.o   8       192       0      
    +--+------------------------------+-------+---------+---------+
       Total:                         2718    283       0      
                                                               
    .\Hardware\
       oled.o                         1542    6080      1152   
       F32C.o                         826     0         63     
       Serial.o                       550     0         262    
       BlueSerial.o                   358     0         262    
       Key.o                          262     0         4      
    +--+------------------------------+-------+---------+---------+
       Total:                         3538    6080      1743   
                                                               
    .\Test\
       Gimbal_Test.o                  896     52        6      
    +--+------------------------------+-------+---------+---------+
       Total:                         896     52        6      
                                                               
    .\system\
       Timer.o                        200     0         4      
       delay.o                        28      0         0      
    +--+------------------------------+-------+---------+---------+
       Total:                         228     0         4      
                                                               
    C:/TI/mspm0_sdk_2_10_00_04/source/ti/driverlib/lib/ticlang/m0p/mspm0g1x0x_g3x0x/driverlib.a
       dl_sysctl_mspm0g1x0x_g3x0x.o   416     0         0      
       dl_timer.o                     280     0         0      
       dl_i2c.o                       132     0         0      
       dl_uart.o                      90      0         0      
       dl_common.o                    10      0         0      
    +--+------------------------------+-------+---------+---------+
       Total:                         928     0         0      
                                                               
    D:\TI\CCS\ccs\tools\compiler\ti-cgt-armllvm_4.0.4.LTS\lib\armv6m-ti-none-eabi/c/libc.a
       _printfi.c.obj                 4510    34        0      
       aeabi_ctype.S.obj              0       257       0      
       s_scalbn.c.obj                 216     0         0      
       copy_decompress_lzss.c.obj     124     0         0      
       s_frexp.c.obj                  92      0         0      
       _ltoa.c.obj                    88      0         0      
       vsprintf.c.obj                 78      0         0      
       atoi.c.obj                     64      0         0      
       autoinit.c.obj                 60      0         0      
       boot_cortex_m.c.obj            56      0         0      
       memccpy.c.obj                  34      0         0      
       copy_decompress_none.c.obj     18      0         0      
       memcpy16.S.obj                 18      0         0      
       copy_zero_init.c.obj           16      0         0      
       wcslen.c.obj                   16      0         0      
       memset16.S.obj                 14      0         0      
       aeabi_portable.c.obj           8       0         4      
       exit.c.obj                     6       0         0      
       pre_init.c.obj                 4       0         0      
    +--+------------------------------+-------+---------+---------+
       Total:                         5422    291       4      
                                                               
    D:\TI\CCS\ccs\tools\compiler\ti-cgt-armllvm_4.0.4.LTS\lib\armv6m-ti-none-eabi/c/libsysbm.a
       hostexit.c.obj                 4       0         0      
    +--+------------------------------+-------+---------+---------+
       Total:                         4       0         0      
                                                               
    D:\TI\CCS\ccs\tools\compiler\ti-cgt-armllvm_4.0.4.LTS\lib\armv6m-ti-none-eabi/libclang_rt.builtins.a
       adddf3.S.obj                   418     0         0      
       divdf3.S.obj                   268     0         0      
       muldf3.S.obj                   228     0         0      
       comparedf2.c.obj               220     0         0      
       udivmoddi4.S.obj               162     0         0      
       aeabi_dcmp.S.obj               98      0         0      
       aeabi_idivmod.S.obj            86      0         0      
       fixdfsi.S.obj                  74      0         0      
       aeabi_uidivmod.S.obj           64      0         0      
       muldsi3.S.obj                  58      0         0      
       floatsidf.S.obj                44      0         0      
       floatunsidf.S.obj              36      0         0      
       muldi3.S.obj                   36      0         0      
       ashldi3.S.obj                  30      0         0      
       aeabi_memset.S.obj             26      0         0      
       aeabi_uldivmod.S.obj           20      0         0      
       aeabi_memcpy.S.obj             8       0         0      
       aeabi_div0.c.obj               4       0         0      
    +--+------------------------------+-------+---------+---------+
       Total:                         1880    0         0      
                                                               
       Stack:                         0       0         512    
       Linker Generated:              0       45        0      
    +--+------------------------------+-------+---------+---------+
       Grand Total:                   15614   6751      2269   


LINKER GENERATED COPY TABLES

__TI_cinit_table @ 00005780 records: 2, size/record: 8, table size: 16
	.data: load addr=0000576c, load size=00000009 bytes, run addr=202004b0, run size=0000022e bytes, compression=lzss
	.bss: load addr=00005778, load size=00000008 bytes, run addr=20200000, run size=000004af bytes, compression=zero_init


LINKER GENERATED HANDLER TABLE

__TI_handler_table @ 00005760 records: 3, size/record: 4, table size: 12
	index: 0, handler: __TI_decompress_lzss
	index: 1, handler: __TI_decompress_none
	index: 2, handler: __TI_zero_init


FAR CALL TRAMPOLINES

callee name               trampoline name
   callee addr  tramp addr   call addr  call info
--------------  -----------  ---------  ----------------
__aeabi_dsub              $Tramp$TT$L$PI$$__aeabi_dsub
   000010f9     00003d7c     00003d7a   libc.a : _printfi.c.obj (.text.OUTLINED_FUNCTION_0)
_c_int00_noargs           $Tramp$TT$L$PI$$_c_int00_noargs
   000035a1     00003dc4     00003dbe   startup_mspm0g350x_ticlang.o (.text.Reset_Handler)

[2 trampolines]
[2 trampoline calls]


GLOBAL SYMBOLS: SORTED ALPHABETICALLY BY Name 

address   name                                 
-------   ----                                 
00003db7  ADC0_IRQHandler                      
00003db7  ADC1_IRQHandler                      
00003db7  AES_IRQHandler                       
00003c69  BlueSerial_GetRxCount                
00003c79  BlueSerial_GetRxData                 
00003ad5  BlueSerial_Init                      
00003dba  C$$EXIT                              
00003db7  CANFD0_IRQHandler                    
202006d0  Count0                               
202006d2  Count1                               
00003db7  DAC0_IRQHandler                      
00003d69  DL_Common_delayCycles                
00002885  DL_I2C_fillControllerTXFIFO          
000035ef  DL_I2C_setClockConfig                
0000382d  DL_SYSCTL_configFCC                  
00001ea5  DL_SYSCTL_configSYSPLL               
00002639  DL_SYSCTL_setHFCLKSourceHFXTParams   
00002fa1  DL_SYSCTL_switchMCLKfromSYSOSCtoHSCLK
00001ae5  DL_Timer_initTimerMode               
000038b9  DL_Timer_setClockConfig              
00002d65  DL_UART_init                         
00003c33  DL_UART_setClockConfig               
00003db7  DMA_IRQHandler                       
00003db7  Default_Handler                      
00003db7  GROUP0_IRQHandler                    
00003db7  GROUP1_IRQHandler                    
00003dbb  HOSTexit                             
00003db7  HardFault_Handler                    
00003db7  I2C0_IRQHandler                      
00003db7  I2C1_IRQHandler                      
00003aa5  Key_GetNum                           
00002765  Key_Tick                             
00003db7  NMI_Handler                          
000027c5  OLED_Clear                           
0000269d  OLED_ClearPoint                      
0000328d  OLED_ColorTurn                       
00002dad  OLED_DisplayTurn                     
00002df5  OLED_DrawPoint                       
20200000  OLED_GRAM                            
00001be1  OLED_Init                            
00003165  OLED_Printf                          
000022a5  OLED_Refresh                         
000013fd  OLED_ShowChar                        
000020fb  OLED_ShowString                      
00002b91  OLED_WR_Byte                         
000017b1  Parse_Feedback                       
00003db7  PendSV_Handler                       
00003db7  RTC_IRQHandler                       
00003dbf  Reset_Handler                        
00003db7  SPI0_IRQHandler                      
00003db7  SPI1_IRQHandler                      
00003db7  SVC_Handler                          
0000128d  SYSCFG_DL_GPIO_init                  
00002941  SYSCFG_DL_GY_87_init                 
00002825  SYSCFG_DL_OLED_init                  
00001cd9  SYSCFG_DL_SYSCTL_SYSPLL_init         
00002415  SYSCFG_DL_SYSCTL_init                
000030a5  SYSCFG_DL_TIMER_0_init               
00002e3d  SYSCFG_DL_UART_0_init                
00002e85  SYSCFG_DL_UART_1_init                
00003639  SYSCFG_DL_init                       
00002195  SYSCFG_DL_initPower                  
00003775  Send_Enable                          
00003795  Send_Feedback                        
00003579  Send_Mode                            
0000365d  Send_Position                        
00003321  Send_Speed                           
00003cd9  Serial_GetRxCount                    
00003ce9  Serial_GetRxData                     
00003b2d  Serial_Init                          
000031a3  Serial_SendArray                     
0000334d  Serial_SendByte                      
00003db7  SysTick_Handler                      
00003db7  TIMA0_IRQHandler                     
00003db7  TIMA1_IRQHandler                     
00002ecd  TIMG0_IRQHandler                     
00003db7  TIMG12_IRQHandler                    
00003db7  TIMG6_IRQHandler                     
00003db7  TIMG7_IRQHandler                     
00003db7  TIMG8_IRQHandler                     
00003c45  TI_memcpy_small                      
00003d35  TI_memset_small                      
00003b43  Timer_Init                           
00003681  UART0_IRQHandler                     
000036a5  UART1_IRQHandler                     
00003db7  UART2_IRQHandler                     
00003db7  UART3_IRQHandler                     
20208000  __STACK_END                          
00000200  __STACK_SIZE                         
00000000  __TI_ATRegion0_region_sz             
00000000  __TI_ATRegion0_src_addr              
00000000  __TI_ATRegion0_trg_addr              
00000000  __TI_ATRegion1_region_sz             
00000000  __TI_ATRegion1_src_addr              
00000000  __TI_ATRegion1_trg_addr              
00000000  __TI_ATRegion2_region_sz             
00000000  __TI_ATRegion2_src_addr              
00000000  __TI_ATRegion2_trg_addr              
00005780  __TI_CINIT_Base                      
00005790  __TI_CINIT_Limit                     
00005790  __TI_CINIT_Warm                      
00005760  __TI_Handler_Table_Base              
0000576c  __TI_Handler_Table_Limit             
000031e1  __TI_auto_init_nobinit_nopinit       
00002321  __TI_decompress_lzss                 
00003c57  __TI_decompress_none                 
00002999  __TI_ltoa                            
ffffffff  __TI_pprof_out_hndl                  
000000c1  __TI_printfi                         
ffffffff  __TI_prof_data_size                  
ffffffff  __TI_prof_data_start                 
00000000  __TI_static_base__                   
00003d09  __TI_zero_init                       
00001103  __adddf3                             
000055a0  __aeabi_ctype_table_                 
000055a0  __aeabi_ctype_table_C                
00002d19  __aeabi_d2iz                         
00001103  __aeabi_dadd                         
00002701  __aeabi_dcmpeq                       
0000273d  __aeabi_dcmpge                       
00002751  __aeabi_dcmpgt                       
00002729  __aeabi_dcmple                       
00002715  __aeabi_dcmplt                       
000019d9  __aeabi_ddiv                         
00001dc1  __aeabi_dmul                         
000010f9  __aeabi_dsub                         
202006bc  __aeabi_errno                        
00003da1  __aeabi_errno_addr                   
00003481  __aeabi_i2d                          
00002a49  __aeabi_idiv                         
0000128b  __aeabi_idiv0                        
00002a49  __aeabi_idivmod                      
00002193  __aeabi_ldiv0                        
000037d5  __aeabi_llsl                         
000036ed  __aeabi_lmul                         
00003d5d  __aeabi_memclr                       
00003d5d  __aeabi_memclr4                      
00003d5d  __aeabi_memclr8                      
00003da9  __aeabi_memcpy                       
00003da9  __aeabi_memcpy4                      
00003da9  __aeabi_memcpy8                      
00003d19  __aeabi_memset                       
00003d19  __aeabi_memset4                      
00003d19  __aeabi_memset8                      
000036c9  __aeabi_ui2d                         
000030e5  __aeabi_uidiv                        
000030e5  __aeabi_uidivmod                     
00003bf9  __aeabi_uldivmod                     
000037d5  __ashldi3                            
ffffffff  __binit__                            
00002569  __cmpdf2                             
000019d9  __divdf3                             
00002569  __eqdf2                              
00002d19  __fixdfsi                            
00003481  __floatsidf                          
000036c9  __floatunsidf                        
00002489  __gedf2                              
00002489  __gtdf2                              
00002569  __ledf2                              
00002569  __ltdf2                              
UNDEFED   __mpu_init                           
00001dc1  __muldf3                             
000036ed  __muldi3                             
0000321d  __muldsi3                            
00002569  __nedf2                              
20207e00  __stack                              
20200000  __start___llvm_prf_bits              
20200000  __start___llvm_prf_cnts              
20200000  __stop___llvm_prf_bits               
20200000  __stop___llvm_prf_cnts               
000010f9  __subdf3                             
00002059  __udivmoddi4                         
000035a1  _c_int00_noargs                      
UNDEFED   _system_post_cinit                   
00003dd5  _system_pre_init                     
00003db1  abort                                
0000512c  asc2_1206                            
00004b3c  asc2_1608                            
00003de0  asc2_2412                            
00003125  atoi                                 
ffffffff  binit                                
000038f1  delay_ms                             
000028e5  frexp                                
000028e5  frexpl                               
00000000  interruptVectors                     
00001f81  ldexp                                
00001f81  ldexpl                               
00000a91  main                                 
00003711  memccpy                              
202006dc  motor1_online                        
202006c0  motor1_pos                           
202006c4  motor1_target                        
202006dd  motor2_online                        
202006c8  motor2_pos                           
202006cc  motor2_target                        
00001f81  scalbn                               
00001f81  scalbnl                              
000034ad  vsprintf                             
00003cf9  wcslen                               


GLOBAL SYMBOLS: SORTED BY Symbol Address 

address   name                                 
-------   ----                                 
00000000  __TI_ATRegion0_region_sz             
00000000  __TI_ATRegion0_src_addr              
00000000  __TI_ATRegion0_trg_addr              
00000000  __TI_ATRegion1_region_sz             
00000000  __TI_ATRegion1_src_addr              
00000000  __TI_ATRegion1_trg_addr              
00000000  __TI_ATRegion2_region_sz             
00000000  __TI_ATRegion2_src_addr              
00000000  __TI_ATRegion2_trg_addr              
00000000  __TI_static_base__                   
00000000  interruptVectors                     
000000c1  __TI_printfi                         
00000200  __STACK_SIZE                         
00000a91  main                                 
000010f9  __aeabi_dsub                         
000010f9  __subdf3                             
00001103  __adddf3                             
00001103  __aeabi_dadd                         
0000128b  __aeabi_idiv0                        
0000128d  SYSCFG_DL_GPIO_init                  
000013fd  OLED_ShowChar                        
000017b1  Parse_Feedback                       
000019d9  __aeabi_ddiv                         
000019d9  __divdf3                             
00001ae5  DL_Timer_initTimerMode               
00001be1  OLED_Init                            
00001cd9  SYSCFG_DL_SYSCTL_SYSPLL_init         
00001dc1  __aeabi_dmul                         
00001dc1  __muldf3                             
00001ea5  DL_SYSCTL_configSYSPLL               
00001f81  ldexp                                
00001f81  ldexpl                               
00001f81  scalbn                               
00001f81  scalbnl                              
00002059  __udivmoddi4                         
000020fb  OLED_ShowString                      
00002193  __aeabi_ldiv0                        
00002195  SYSCFG_DL_initPower                  
000022a5  OLED_Refresh                         
00002321  __TI_decompress_lzss                 
00002415  SYSCFG_DL_SYSCTL_init                
00002489  __gedf2                              
00002489  __gtdf2                              
00002569  __cmpdf2                             
00002569  __eqdf2                              
00002569  __ledf2                              
00002569  __ltdf2                              
00002569  __nedf2                              
00002639  DL_SYSCTL_setHFCLKSourceHFXTParams   
0000269d  OLED_ClearPoint                      
00002701  __aeabi_dcmpeq                       
00002715  __aeabi_dcmplt                       
00002729  __aeabi_dcmple                       
0000273d  __aeabi_dcmpge                       
00002751  __aeabi_dcmpgt                       
00002765  Key_Tick                             
000027c5  OLED_Clear                           
00002825  SYSCFG_DL_OLED_init                  
00002885  DL_I2C_fillControllerTXFIFO          
000028e5  frexp                                
000028e5  frexpl                               
00002941  SYSCFG_DL_GY_87_init                 
00002999  __TI_ltoa                            
00002a49  __aeabi_idiv                         
00002a49  __aeabi_idivmod                      
00002b91  OLED_WR_Byte                         
00002d19  __aeabi_d2iz                         
00002d19  __fixdfsi                            
00002d65  DL_UART_init                         
00002dad  OLED_DisplayTurn                     
00002df5  OLED_DrawPoint                       
00002e3d  SYSCFG_DL_UART_0_init                
00002e85  SYSCFG_DL_UART_1_init                
00002ecd  TIMG0_IRQHandler                     
00002fa1  DL_SYSCTL_switchMCLKfromSYSOSCtoHSCLK
000030a5  SYSCFG_DL_TIMER_0_init               
000030e5  __aeabi_uidiv                        
000030e5  __aeabi_uidivmod                     
00003125  atoi                                 
00003165  OLED_Printf                          
000031a3  Serial_SendArray                     
000031e1  __TI_auto_init_nobinit_nopinit       
0000321d  __muldsi3                            
0000328d  OLED_ColorTurn                       
00003321  Send_Speed                           
0000334d  Serial_SendByte                      
00003481  __aeabi_i2d                          
00003481  __floatsidf                          
000034ad  vsprintf                             
00003579  Send_Mode                            
000035a1  _c_int00_noargs                      
000035ef  DL_I2C_setClockConfig                
00003639  SYSCFG_DL_init                       
0000365d  Send_Position                        
00003681  UART0_IRQHandler                     
000036a5  UART1_IRQHandler                     
000036c9  __aeabi_ui2d                         
000036c9  __floatunsidf                        
000036ed  __aeabi_lmul                         
000036ed  __muldi3                             
00003711  memccpy                              
00003775  Send_Enable                          
00003795  Send_Feedback                        
000037d5  __aeabi_llsl                         
000037d5  __ashldi3                            
0000382d  DL_SYSCTL_configFCC                  
000038b9  DL_Timer_setClockConfig              
000038f1  delay_ms                             
00003aa5  Key_GetNum                           
00003ad5  BlueSerial_Init                      
00003b2d  Serial_Init                          
00003b43  Timer_Init                           
00003bf9  __aeabi_uldivmod                     
00003c33  DL_UART_setClockConfig               
00003c45  TI_memcpy_small                      
00003c57  __TI_decompress_none                 
00003c69  BlueSerial_GetRxCount                
00003c79  BlueSerial_GetRxData                 
00003cd9  Serial_GetRxCount                    
00003ce9  Serial_GetRxData                     
00003cf9  wcslen                               
00003d09  __TI_zero_init                       
00003d19  __aeabi_memset                       
00003d19  __aeabi_memset4                      
00003d19  __aeabi_memset8                      
00003d35  TI_memset_small                      
00003d5d  __aeabi_memclr                       
00003d5d  __aeabi_memclr4                      
00003d5d  __aeabi_memclr8                      
00003d69  DL_Common_delayCycles                
00003da1  __aeabi_errno_addr                   
00003da9  __aeabi_memcpy                       
00003da9  __aeabi_memcpy4                      
00003da9  __aeabi_memcpy8                      
00003db1  abort                                
00003db7  ADC0_IRQHandler                      
00003db7  ADC1_IRQHandler                      
00003db7  AES_IRQHandler                       
00003db7  CANFD0_IRQHandler                    
00003db7  DAC0_IRQHandler                      
00003db7  DMA_IRQHandler                       
00003db7  Default_Handler                      
00003db7  GROUP0_IRQHandler                    
00003db7  GROUP1_IRQHandler                    
00003db7  HardFault_Handler                    
00003db7  I2C0_IRQHandler                      
00003db7  I2C1_IRQHandler                      
00003db7  NMI_Handler                          
00003db7  PendSV_Handler                       
00003db7  RTC_IRQHandler                       
00003db7  SPI0_IRQHandler                      
00003db7  SPI1_IRQHandler                      
00003db7  SVC_Handler                          
00003db7  SysTick_Handler                      
00003db7  TIMA0_IRQHandler                     
00003db7  TIMA1_IRQHandler                     
00003db7  TIMG12_IRQHandler                    
00003db7  TIMG6_IRQHandler                     
00003db7  TIMG7_IRQHandler                     
00003db7  TIMG8_IRQHandler                     
00003db7  UART2_IRQHandler                     
00003db7  UART3_IRQHandler                     
00003dba  C$$EXIT                              
00003dbb  HOSTexit                             
00003dbf  Reset_Handler                        
00003dd5  _system_pre_init                     
00003de0  asc2_2412                            
00004b3c  asc2_1608                            
0000512c  asc2_1206                            
000055a0  __aeabi_ctype_table_                 
000055a0  __aeabi_ctype_table_C                
00005760  __TI_Handler_Table_Base              
0000576c  __TI_Handler_Table_Limit             
00005780  __TI_CINIT_Base                      
00005790  __TI_CINIT_Limit                     
00005790  __TI_CINIT_Warm                      
20200000  OLED_GRAM                            
20200000  __start___llvm_prf_bits              
20200000  __start___llvm_prf_cnts              
20200000  __stop___llvm_prf_bits               
20200000  __stop___llvm_prf_cnts               
202006bc  __aeabi_errno                        
202006c0  motor1_pos                           
202006c4  motor1_target                        
202006c8  motor2_pos                           
202006cc  motor2_target                        
202006d0  Count0                               
202006d2  Count1                               
202006dc  motor1_online                        
202006dd  motor2_online                        
20207e00  __stack                              
20208000  __STACK_END                          
ffffffff  __TI_pprof_out_hndl                  
ffffffff  __TI_prof_data_size                  
ffffffff  __TI_prof_data_start                 
ffffffff  __binit__                            
ffffffff  binit                                
UNDEFED   __mpu_init                           
UNDEFED   _system_post_cinit                   

[199 symbols]
