<?xml version="1.0" encoding="ISO-8859-1" ?>
<link_info>
   <banner>TI ARM Clang Linker PC v4.0.4.LTS</banner>
   <copyright>Copyright (c) 1996-2018 Texas Instruments Incorporated</copyright>
   <command_line>D:\TI\CCS\ccs\tools\compiler\ti-cgt-armllvm_4.0.4.LTS\bin\tiarmlnk -ID:\TI\CCS\ccs\tools\compiler\ti-cgt-armllvm_4.0.4.LTS\lib -o empty.out -mempty.map -iC:/TI/mspm0_sdk_2_10_00_04/source -iD:/STUDY/MSPM0G3507/Myworkspace/empty -iD:/STUDY/MSPM0G3507/Myworkspace/empty/Debug/syscfg -iD:/TI/CCS/ccs/tools/compiler/ti-cgt-armllvm_4.0.4.LTS/lib --diag_wrap=off --display_error_number --warn_sections --xml_link_info=empty_linkInfo.xml --rom_model ./empty.o ./ti_msp_dl_config.o ./startup_mspm0g350x_ticlang.o ./Hardware/AHRS.o ./Hardware/BlueSerial.o ./Hardware/Encoder.o ./Hardware/F32C.o ./Hardware/Grayscale.o ./Hardware/HMC5883L.o ./Hardware/Key.o ./Hardware/MPU6050.o ./Hardware/Motor.o ./Hardware/Serial.o ./Hardware/oled.o ./Hardware/mpu6050/inv_mpu.o ./Hardware/mpu6050/inv_mpu_dmp_motion_driver.o ./Hardware/mpu6050/mpu_port.o ./Test/BlueCar.o ./Test/BlueSerial_Test.o ./Test/Gimbal_Test.o ./Test/Grayscale_Test.o ./Test/MPU6050_Test.o ./Test/Moto_Test.o ./Test/OLED_LED_Test.o ./Test/Serial_Test.o ./Test/Timer_Key_Test.o ./Test/Track_Test.o ./system/Timer.o ./system/delay.o -l./device_linker.cmd -ldevice.cmd.genlibs -llibc.a --start-group -llibc++.a -llibc++abi.a -llibc.a -llibsys.a -llibsysbm.a -llibclang_rt.builtins.a -llibclang_rt.profile.a --end-group --cg_opt_level=0</command_line>
   <link_time>0x6a586da6</link_time>
   <link_errors>0x0</link_errors>
   <output_file>D:\STUDY\MSPM0G3507\Myworkspace\empty\Debug\empty.out</output_file>
   <entry_point>
      <name>_c_int00_noargs</name>
      <address>0x8581</address>
   </entry_point>
   <input_file_list>
      <input_file id="fl-1">
         <path>D:\STUDY\MSPM0G3507\Myworkspace\empty\Debug\.\</path>
         <kind>object</kind>
         <file>empty.o</file>
         <name>empty.o</name>
      </input_file>
      <input_file id="fl-2">
         <path>D:\STUDY\MSPM0G3507\Myworkspace\empty\Debug\.\</path>
         <kind>object</kind>
         <file>ti_msp_dl_config.o</file>
         <name>ti_msp_dl_config.o</name>
      </input_file>
      <input_file id="fl-3">
         <path>D:\STUDY\MSPM0G3507\Myworkspace\empty\Debug\.\</path>
         <kind>object</kind>
         <file>startup_mspm0g350x_ticlang.o</file>
         <name>startup_mspm0g350x_ticlang.o</name>
      </input_file>
      <input_file id="fl-4">
         <path>D:\STUDY\MSPM0G3507\Myworkspace\empty\Debug\.\Hardware\</path>
         <kind>object</kind>
         <file>AHRS.o</file>
         <name>AHRS.o</name>
      </input_file>
      <input_file id="fl-5">
         <path>D:\STUDY\MSPM0G3507\Myworkspace\empty\Debug\.\Hardware\</path>
         <kind>object</kind>
         <file>BlueSerial.o</file>
         <name>BlueSerial.o</name>
      </input_file>
      <input_file id="fl-6">
         <path>D:\STUDY\MSPM0G3507\Myworkspace\empty\Debug\.\Hardware\</path>
         <kind>object</kind>
         <file>Encoder.o</file>
         <name>Encoder.o</name>
      </input_file>
      <input_file id="fl-7">
         <path>D:\STUDY\MSPM0G3507\Myworkspace\empty\Debug\.\Hardware\</path>
         <kind>object</kind>
         <file>F32C.o</file>
         <name>F32C.o</name>
      </input_file>
      <input_file id="fl-8">
         <path>D:\STUDY\MSPM0G3507\Myworkspace\empty\Debug\.\Hardware\</path>
         <kind>object</kind>
         <file>Grayscale.o</file>
         <name>Grayscale.o</name>
      </input_file>
      <input_file id="fl-9">
         <path>D:\STUDY\MSPM0G3507\Myworkspace\empty\Debug\.\Hardware\</path>
         <kind>object</kind>
         <file>HMC5883L.o</file>
         <name>HMC5883L.o</name>
      </input_file>
      <input_file id="fl-a">
         <path>D:\STUDY\MSPM0G3507\Myworkspace\empty\Debug\.\Hardware\</path>
         <kind>object</kind>
         <file>Key.o</file>
         <name>Key.o</name>
      </input_file>
      <input_file id="fl-b">
         <path>D:\STUDY\MSPM0G3507\Myworkspace\empty\Debug\.\Hardware\</path>
         <kind>object</kind>
         <file>MPU6050.o</file>
         <name>MPU6050.o</name>
      </input_file>
      <input_file id="fl-c">
         <path>D:\STUDY\MSPM0G3507\Myworkspace\empty\Debug\.\Hardware\</path>
         <kind>object</kind>
         <file>Motor.o</file>
         <name>Motor.o</name>
      </input_file>
      <input_file id="fl-d">
         <path>D:\STUDY\MSPM0G3507\Myworkspace\empty\Debug\.\Hardware\</path>
         <kind>object</kind>
         <file>Serial.o</file>
         <name>Serial.o</name>
      </input_file>
      <input_file id="fl-e">
         <path>D:\STUDY\MSPM0G3507\Myworkspace\empty\Debug\.\Hardware\</path>
         <kind>object</kind>
         <file>oled.o</file>
         <name>oled.o</name>
      </input_file>
      <input_file id="fl-f">
         <path>D:\STUDY\MSPM0G3507\Myworkspace\empty\Debug\.\Hardware\mpu6050\</path>
         <kind>object</kind>
         <file>inv_mpu.o</file>
         <name>inv_mpu.o</name>
      </input_file>
      <input_file id="fl-10">
         <path>D:\STUDY\MSPM0G3507\Myworkspace\empty\Debug\.\Hardware\mpu6050\</path>
         <kind>object</kind>
         <file>inv_mpu_dmp_motion_driver.o</file>
         <name>inv_mpu_dmp_motion_driver.o</name>
      </input_file>
      <input_file id="fl-11">
         <path>D:\STUDY\MSPM0G3507\Myworkspace\empty\Debug\.\Hardware\mpu6050\</path>
         <kind>object</kind>
         <file>mpu_port.o</file>
         <name>mpu_port.o</name>
      </input_file>
      <input_file id="fl-12">
         <path>D:\STUDY\MSPM0G3507\Myworkspace\empty\Debug\.\Test\</path>
         <kind>object</kind>
         <file>BlueCar.o</file>
         <name>BlueCar.o</name>
      </input_file>
      <input_file id="fl-13">
         <path>D:\STUDY\MSPM0G3507\Myworkspace\empty\Debug\.\Test\</path>
         <kind>object</kind>
         <file>BlueSerial_Test.o</file>
         <name>BlueSerial_Test.o</name>
      </input_file>
      <input_file id="fl-14">
         <path>D:\STUDY\MSPM0G3507\Myworkspace\empty\Debug\.\Test\</path>
         <kind>object</kind>
         <file>Gimbal_Test.o</file>
         <name>Gimbal_Test.o</name>
      </input_file>
      <input_file id="fl-15">
         <path>D:\STUDY\MSPM0G3507\Myworkspace\empty\Debug\.\Test\</path>
         <kind>object</kind>
         <file>Grayscale_Test.o</file>
         <name>Grayscale_Test.o</name>
      </input_file>
      <input_file id="fl-16">
         <path>D:\STUDY\MSPM0G3507\Myworkspace\empty\Debug\.\Test\</path>
         <kind>object</kind>
         <file>MPU6050_Test.o</file>
         <name>MPU6050_Test.o</name>
      </input_file>
      <input_file id="fl-17">
         <path>D:\STUDY\MSPM0G3507\Myworkspace\empty\Debug\.\Test\</path>
         <kind>object</kind>
         <file>Moto_Test.o</file>
         <name>Moto_Test.o</name>
      </input_file>
      <input_file id="fl-18">
         <path>D:\STUDY\MSPM0G3507\Myworkspace\empty\Debug\.\Test\</path>
         <kind>object</kind>
         <file>OLED_LED_Test.o</file>
         <name>OLED_LED_Test.o</name>
      </input_file>
      <input_file id="fl-19">
         <path>D:\STUDY\MSPM0G3507\Myworkspace\empty\Debug\.\Test\</path>
         <kind>object</kind>
         <file>Serial_Test.o</file>
         <name>Serial_Test.o</name>
      </input_file>
      <input_file id="fl-1a">
         <path>D:\STUDY\MSPM0G3507\Myworkspace\empty\Debug\.\Test\</path>
         <kind>object</kind>
         <file>Timer_Key_Test.o</file>
         <name>Timer_Key_Test.o</name>
      </input_file>
      <input_file id="fl-1b">
         <path>D:\STUDY\MSPM0G3507\Myworkspace\empty\Debug\.\Test\</path>
         <kind>object</kind>
         <file>Track_Test.o</file>
         <name>Track_Test.o</name>
      </input_file>
      <input_file id="fl-1c">
         <path>D:\STUDY\MSPM0G3507\Myworkspace\empty\Debug\.\system\</path>
         <kind>object</kind>
         <file>Timer.o</file>
         <name>Timer.o</name>
      </input_file>
      <input_file id="fl-1d">
         <path>D:\STUDY\MSPM0G3507\Myworkspace\empty\Debug\.\system\</path>
         <kind>object</kind>
         <file>delay.o</file>
         <name>delay.o</name>
      </input_file>
      <input_file id="fl-2a">
         <path>D:\STUDY\MSPM0G3507\Myworkspace\empty\Debug\</path>
         <kind>object</kind>
         <file>&lt;internal&gt;</file>
         <name>&lt;internal&gt;</name>
      </input_file>
      <input_file id="fl-2b">
         <path>C:\TI\mspm0_sdk_2_10_00_04\source\ti\driverlib\lib\ticlang\m0p\mspm0g1x0x_g3x0x\</path>
         <kind>archive</kind>
         <file>driverlib.a</file>
         <name>dl_common.o</name>
      </input_file>
      <input_file id="fl-2c">
         <path>C:\TI\mspm0_sdk_2_10_00_04\source\ti\driverlib\lib\ticlang\m0p\mspm0g1x0x_g3x0x\</path>
         <kind>archive</kind>
         <file>driverlib.a</file>
         <name>dl_i2c.o</name>
      </input_file>
      <input_file id="fl-2d">
         <path>C:\TI\mspm0_sdk_2_10_00_04\source\ti\driverlib\lib\ticlang\m0p\mspm0g1x0x_g3x0x\</path>
         <kind>archive</kind>
         <file>driverlib.a</file>
         <name>dl_timer.o</name>
      </input_file>
      <input_file id="fl-2e">
         <path>C:\TI\mspm0_sdk_2_10_00_04\source\ti\driverlib\lib\ticlang\m0p\mspm0g1x0x_g3x0x\</path>
         <kind>archive</kind>
         <file>driverlib.a</file>
         <name>dl_uart.o</name>
      </input_file>
      <input_file id="fl-2f">
         <path>C:\TI\mspm0_sdk_2_10_00_04\source\ti\driverlib\lib\ticlang\m0p\mspm0g1x0x_g3x0x\</path>
         <kind>archive</kind>
         <file>driverlib.a</file>
         <name>dl_sysctl_mspm0g1x0x_g3x0x.o</name>
      </input_file>
      <input_file id="fl-46">
         <path>D:\TI\CCS\ccs\tools\compiler\ti-cgt-armllvm_4.0.4.LTS\lib\armv6m-ti-none-eabi\c\</path>
         <kind>archive</kind>
         <file>libc.a</file>
         <name>e_asin.c.obj</name>
      </input_file>
      <input_file id="fl-47">
         <path>D:\TI\CCS\ccs\tools\compiler\ti-cgt-armllvm_4.0.4.LTS\lib\armv6m-ti-none-eabi\c\</path>
         <kind>archive</kind>
         <file>libc.a</file>
         <name>e_atan2.c.obj</name>
      </input_file>
      <input_file id="fl-48">
         <path>D:\TI\CCS\ccs\tools\compiler\ti-cgt-armllvm_4.0.4.LTS\lib\armv6m-ti-none-eabi\c\</path>
         <kind>archive</kind>
         <file>libc.a</file>
         <name>e_sqrt.c.obj</name>
      </input_file>
      <input_file id="fl-49">
         <path>D:\TI\CCS\ccs\tools\compiler\ti-cgt-armllvm_4.0.4.LTS\lib\armv6m-ti-none-eabi\c\</path>
         <kind>archive</kind>
         <file>libc.a</file>
         <name>s_atan.c.obj</name>
      </input_file>
      <input_file id="fl-4a">
         <path>D:\TI\CCS\ccs\tools\compiler\ti-cgt-armllvm_4.0.4.LTS\lib\armv6m-ti-none-eabi\c\</path>
         <kind>archive</kind>
         <file>libc.a</file>
         <name>e_atan2f.c.obj</name>
      </input_file>
      <input_file id="fl-4b">
         <path>D:\TI\CCS\ccs\tools\compiler\ti-cgt-armllvm_4.0.4.LTS\lib\armv6m-ti-none-eabi\c\</path>
         <kind>archive</kind>
         <file>libc.a</file>
         <name>e_sqrtf.c.obj</name>
      </input_file>
      <input_file id="fl-4c">
         <path>D:\TI\CCS\ccs\tools\compiler\ti-cgt-armllvm_4.0.4.LTS\lib\armv6m-ti-none-eabi\c\</path>
         <kind>archive</kind>
         <file>libc.a</file>
         <name>s_atanf.c.obj</name>
      </input_file>
      <input_file id="fl-4d">
         <path>D:\TI\CCS\ccs\tools\compiler\ti-cgt-armllvm_4.0.4.LTS\lib\armv6m-ti-none-eabi\c\</path>
         <kind>archive</kind>
         <file>libc.a</file>
         <name>s_cosf.c.obj</name>
      </input_file>
      <input_file id="fl-4e">
         <path>D:\TI\CCS\ccs\tools\compiler\ti-cgt-armllvm_4.0.4.LTS\lib\armv6m-ti-none-eabi\c\</path>
         <kind>archive</kind>
         <file>libc.a</file>
         <name>s_sinf.c.obj</name>
      </input_file>
      <input_file id="fl-4f">
         <path>D:\TI\CCS\ccs\tools\compiler\ti-cgt-armllvm_4.0.4.LTS\lib\armv6m-ti-none-eabi\c\</path>
         <kind>archive</kind>
         <file>libc.a</file>
         <name>printf.c.obj</name>
      </input_file>
      <input_file id="fl-50">
         <path>D:\TI\CCS\ccs\tools\compiler\ti-cgt-armllvm_4.0.4.LTS\lib\armv6m-ti-none-eabi\c\</path>
         <kind>archive</kind>
         <file>libc.a</file>
         <name>_printfi.c.obj</name>
      </input_file>
      <input_file id="fl-51">
         <path>D:\TI\CCS\ccs\tools\compiler\ti-cgt-armllvm_4.0.4.LTS\lib\armv6m-ti-none-eabi\c\</path>
         <kind>archive</kind>
         <file>libc.a</file>
         <name>vsnprintf.c.obj</name>
      </input_file>
      <input_file id="fl-52">
         <path>D:\TI\CCS\ccs\tools\compiler\ti-cgt-armllvm_4.0.4.LTS\lib\armv6m-ti-none-eabi\c\</path>
         <kind>archive</kind>
         <file>libc.a</file>
         <name>vsprintf.c.obj</name>
      </input_file>
      <input_file id="fl-53">
         <path>D:\TI\CCS\ccs\tools\compiler\ti-cgt-armllvm_4.0.4.LTS\lib\armv6m-ti-none-eabi\c\</path>
         <kind>archive</kind>
         <file>libc.a</file>
         <name>fputc.c.obj</name>
      </input_file>
      <input_file id="fl-54">
         <path>D:\TI\CCS\ccs\tools\compiler\ti-cgt-armllvm_4.0.4.LTS\lib\armv6m-ti-none-eabi\c\</path>
         <kind>archive</kind>
         <file>libc.a</file>
         <name>fputs.c.obj</name>
      </input_file>
      <input_file id="fl-55">
         <path>D:\TI\CCS\ccs\tools\compiler\ti-cgt-armllvm_4.0.4.LTS\lib\armv6m-ti-none-eabi\c\</path>
         <kind>archive</kind>
         <file>libc.a</file>
         <name>_io_perm.c.obj</name>
      </input_file>
      <input_file id="fl-56">
         <path>D:\TI\CCS\ccs\tools\compiler\ti-cgt-armllvm_4.0.4.LTS\lib\armv6m-ti-none-eabi\c\</path>
         <kind>archive</kind>
         <file>libc.a</file>
         <name>setvbuf.c.obj</name>
      </input_file>
      <input_file id="fl-57">
         <path>D:\TI\CCS\ccs\tools\compiler\ti-cgt-armllvm_4.0.4.LTS\lib\armv6m-ti-none-eabi\c\</path>
         <kind>archive</kind>
         <file>libc.a</file>
         <name>strcmp-armv6m.S.obj</name>
      </input_file>
      <input_file id="fl-58">
         <path>D:\TI\CCS\ccs\tools\compiler\ti-cgt-armllvm_4.0.4.LTS\lib\armv6m-ti-none-eabi\c\</path>
         <kind>archive</kind>
         <file>libc.a</file>
         <name>aeabi_portable.c.obj</name>
      </input_file>
      <input_file id="fl-59">
         <path>D:\TI\CCS\ccs\tools\compiler\ti-cgt-armllvm_4.0.4.LTS\lib\armv6m-ti-none-eabi\c\</path>
         <kind>archive</kind>
         <file>libc.a</file>
         <name>k_rem_pio2.c.obj</name>
      </input_file>
      <input_file id="fl-5a">
         <path>D:\TI\CCS\ccs\tools\compiler\ti-cgt-armllvm_4.0.4.LTS\lib\armv6m-ti-none-eabi\c\</path>
         <kind>archive</kind>
         <file>libc.a</file>
         <name>exit.c.obj</name>
      </input_file>
      <input_file id="fl-5b">
         <path>D:\TI\CCS\ccs\tools\compiler\ti-cgt-armllvm_4.0.4.LTS\lib\armv6m-ti-none-eabi\c\</path>
         <kind>archive</kind>
         <file>libc.a</file>
         <name>_lock.c.obj</name>
      </input_file>
      <input_file id="fl-5c">
         <path>D:\TI\CCS\ccs\tools\compiler\ti-cgt-armllvm_4.0.4.LTS\lib\armv6m-ti-none-eabi\c\</path>
         <kind>archive</kind>
         <file>libc.a</file>
         <name>_ltoa.c.obj</name>
      </input_file>
      <input_file id="fl-5d">
         <path>D:\TI\CCS\ccs\tools\compiler\ti-cgt-armllvm_4.0.4.LTS\lib\armv6m-ti-none-eabi\c\</path>
         <kind>archive</kind>
         <file>libc.a</file>
         <name>assert.c.obj</name>
      </input_file>
      <input_file id="fl-5e">
         <path>D:\TI\CCS\ccs\tools\compiler\ti-cgt-armllvm_4.0.4.LTS\lib\armv6m-ti-none-eabi\c\</path>
         <kind>archive</kind>
         <file>libc.a</file>
         <name>atof.c.obj</name>
      </input_file>
      <input_file id="fl-5f">
         <path>D:\TI\CCS\ccs\tools\compiler\ti-cgt-armllvm_4.0.4.LTS\lib\armv6m-ti-none-eabi\c\</path>
         <kind>archive</kind>
         <file>libc.a</file>
         <name>atoi.c.obj</name>
      </input_file>
      <input_file id="fl-60">
         <path>D:\TI\CCS\ccs\tools\compiler\ti-cgt-armllvm_4.0.4.LTS\lib\armv6m-ti-none-eabi\c\</path>
         <kind>archive</kind>
         <file>libc.a</file>
         <name>defs.c.obj</name>
      </input_file>
      <input_file id="fl-61">
         <path>D:\TI\CCS\ccs\tools\compiler\ti-cgt-armllvm_4.0.4.LTS\lib\armv6m-ti-none-eabi\c\</path>
         <kind>archive</kind>
         <file>libc.a</file>
         <name>memccpy.c.obj</name>
      </input_file>
      <input_file id="fl-62">
         <path>D:\TI\CCS\ccs\tools\compiler\ti-cgt-armllvm_4.0.4.LTS\lib\armv6m-ti-none-eabi\c\</path>
         <kind>archive</kind>
         <file>libc.a</file>
         <name>memcmp.c.obj</name>
      </input_file>
      <input_file id="fl-63">
         <path>D:\TI\CCS\ccs\tools\compiler\ti-cgt-armllvm_4.0.4.LTS\lib\armv6m-ti-none-eabi\c\</path>
         <kind>archive</kind>
         <file>libc.a</file>
         <name>memory.c.obj</name>
      </input_file>
      <input_file id="fl-64">
         <path>D:\TI\CCS\ccs\tools\compiler\ti-cgt-armllvm_4.0.4.LTS\lib\armv6m-ti-none-eabi\c\</path>
         <kind>archive</kind>
         <file>libc.a</file>
         <name>strtod.c.obj</name>
      </input_file>
      <input_file id="fl-65">
         <path>D:\TI\CCS\ccs\tools\compiler\ti-cgt-armllvm_4.0.4.LTS\lib\armv6m-ti-none-eabi\c\</path>
         <kind>archive</kind>
         <file>libc.a</file>
         <name>strtok.c.obj</name>
      </input_file>
      <input_file id="fl-66">
         <path>D:\TI\CCS\ccs\tools\compiler\ti-cgt-armllvm_4.0.4.LTS\lib\armv6m-ti-none-eabi\c\</path>
         <kind>archive</kind>
         <file>libc.a</file>
         <name>boot_cortex_m.c.obj</name>
      </input_file>
      <input_file id="fl-67">
         <path>D:\TI\CCS\ccs\tools\compiler\ti-cgt-armllvm_4.0.4.LTS\lib\armv6m-ti-none-eabi\c\</path>
         <kind>archive</kind>
         <file>libc.a</file>
         <name>mathacl_init.c.obj</name>
      </input_file>
      <input_file id="fl-68">
         <path>D:\TI\CCS\ccs\tools\compiler\ti-cgt-armllvm_4.0.4.LTS\lib\armv6m-ti-none-eabi\c\</path>
         <kind>archive</kind>
         <file>libc.a</file>
         <name>autoinit.c.obj</name>
      </input_file>
      <input_file id="fl-69">
         <path>D:\TI\CCS\ccs\tools\compiler\ti-cgt-armllvm_4.0.4.LTS\lib\armv6m-ti-none-eabi\c\</path>
         <kind>archive</kind>
         <file>libc.a</file>
         <name>pre_init.c.obj</name>
      </input_file>
      <input_file id="fl-6a">
         <path>D:\TI\CCS\ccs\tools\compiler\ti-cgt-armllvm_4.0.4.LTS\lib\armv6m-ti-none-eabi\c\</path>
         <kind>archive</kind>
         <file>libc.a</file>
         <name>cpy_tbl.c.obj</name>
      </input_file>
      <input_file id="fl-6b">
         <path>D:\TI\CCS\ccs\tools\compiler\ti-cgt-armllvm_4.0.4.LTS\lib\armv6m-ti-none-eabi\c\</path>
         <kind>archive</kind>
         <file>libc.a</file>
         <name>copy_zero_init.c.obj</name>
      </input_file>
      <input_file id="fl-6c">
         <path>D:\TI\CCS\ccs\tools\compiler\ti-cgt-armllvm_4.0.4.LTS\lib\armv6m-ti-none-eabi\c\</path>
         <kind>archive</kind>
         <file>libc.a</file>
         <name>copy_decompress_none.c.obj</name>
      </input_file>
      <input_file id="fl-6d">
         <path>D:\TI\CCS\ccs\tools\compiler\ti-cgt-armllvm_4.0.4.LTS\lib\armv6m-ti-none-eabi\c\</path>
         <kind>archive</kind>
         <file>libc.a</file>
         <name>copy_decompress_lzss.c.obj</name>
      </input_file>
      <input_file id="fl-6e">
         <path>D:\TI\CCS\ccs\tools\compiler\ti-cgt-armllvm_4.0.4.LTS\lib\armv6m-ti-none-eabi\c\</path>
         <kind>archive</kind>
         <file>libc.a</file>
         <name>s_floor.c.obj</name>
      </input_file>
      <input_file id="fl-6f">
         <path>D:\TI\CCS\ccs\tools\compiler\ti-cgt-armllvm_4.0.4.LTS\lib\armv6m-ti-none-eabi\c\</path>
         <kind>archive</kind>
         <file>libc.a</file>
         <name>s_frexp.c.obj</name>
      </input_file>
      <input_file id="fl-70">
         <path>D:\TI\CCS\ccs\tools\compiler\ti-cgt-armllvm_4.0.4.LTS\lib\armv6m-ti-none-eabi\c\</path>
         <kind>archive</kind>
         <file>libc.a</file>
         <name>s_scalbn.c.obj</name>
      </input_file>
      <input_file id="fl-71">
         <path>D:\TI\CCS\ccs\tools\compiler\ti-cgt-armllvm_4.0.4.LTS\lib\armv6m-ti-none-eabi\c\</path>
         <kind>archive</kind>
         <file>libc.a</file>
         <name>wcslen.c.obj</name>
      </input_file>
      <input_file id="fl-72">
         <path>D:\TI\CCS\ccs\tools\compiler\ti-cgt-armllvm_4.0.4.LTS\lib\armv6m-ti-none-eabi\c\</path>
         <kind>archive</kind>
         <file>libc.a</file>
         <name>sprintf.c.obj</name>
      </input_file>
      <input_file id="fl-73">
         <path>D:\TI\CCS\ccs\tools\compiler\ti-cgt-armllvm_4.0.4.LTS\lib\armv6m-ti-none-eabi\c\</path>
         <kind>archive</kind>
         <file>libc.a</file>
         <name>fflush.c.obj</name>
      </input_file>
      <input_file id="fl-74">
         <path>D:\TI\CCS\ccs\tools\compiler\ti-cgt-armllvm_4.0.4.LTS\lib\armv6m-ti-none-eabi\c\</path>
         <kind>archive</kind>
         <file>libc.a</file>
         <name>fopen.c.obj</name>
      </input_file>
      <input_file id="fl-75">
         <path>D:\TI\CCS\ccs\tools\compiler\ti-cgt-armllvm_4.0.4.LTS\lib\armv6m-ti-none-eabi\c\</path>
         <kind>archive</kind>
         <file>libc.a</file>
         <name>fseek.c.obj</name>
      </input_file>
      <input_file id="fl-76">
         <path>D:\TI\CCS\ccs\tools\compiler\ti-cgt-armllvm_4.0.4.LTS\lib\armv6m-ti-none-eabi\c\</path>
         <kind>archive</kind>
         <file>libc.a</file>
         <name>aeabi_ctype.S.obj</name>
      </input_file>
      <input_file id="fl-77">
         <path>D:\TI\CCS\ccs\tools\compiler\ti-cgt-armllvm_4.0.4.LTS\lib\armv6m-ti-none-eabi\c\</path>
         <kind>archive</kind>
         <file>libc.a</file>
         <name>args_main.c.obj</name>
      </input_file>
      <input_file id="fl-78">
         <path>D:\TI\CCS\ccs\tools\compiler\ti-cgt-armllvm_4.0.4.LTS\lib\armv6m-ti-none-eabi\c\</path>
         <kind>archive</kind>
         <file>libc.a</file>
         <name>strcspn.c.obj</name>
      </input_file>
      <input_file id="fl-79">
         <path>D:\TI\CCS\ccs\tools\compiler\ti-cgt-armllvm_4.0.4.LTS\lib\armv6m-ti-none-eabi\c\</path>
         <kind>archive</kind>
         <file>libc.a</file>
         <name>strspn.c.obj</name>
      </input_file>
      <input_file id="fl-7a">
         <path>D:\TI\CCS\ccs\tools\compiler\ti-cgt-armllvm_4.0.4.LTS\lib\armv6m-ti-none-eabi\c\</path>
         <kind>archive</kind>
         <file>libc.a</file>
         <name>fclose.c.obj</name>
      </input_file>
      <input_file id="fl-11a">
         <path>D:\TI\CCS\ccs\tools\compiler\ti-cgt-armllvm_4.0.4.LTS\lib\armv6m-ti-none-eabi\c\</path>
         <kind>archive</kind>
         <file>libsysbm.a</file>
         <name>hostexit.c.obj</name>
      </input_file>
      <input_file id="fl-11b">
         <path>D:\TI\CCS\ccs\tools\compiler\ti-cgt-armllvm_4.0.4.LTS\lib\armv6m-ti-none-eabi\c\</path>
         <kind>archive</kind>
         <file>libsysbm.a</file>
         <name>write.c.obj</name>
      </input_file>
      <input_file id="fl-11c">
         <path>D:\TI\CCS\ccs\tools\compiler\ti-cgt-armllvm_4.0.4.LTS\lib\armv6m-ti-none-eabi\c\</path>
         <kind>archive</kind>
         <file>libsysbm.a</file>
         <name>host_device.c.obj</name>
      </input_file>
      <input_file id="fl-11d">
         <path>D:\TI\CCS\ccs\tools\compiler\ti-cgt-armllvm_4.0.4.LTS\lib\armv6m-ti-none-eabi\c\</path>
         <kind>archive</kind>
         <file>libsysbm.a</file>
         <name>remove.c.obj</name>
      </input_file>
      <input_file id="fl-11e">
         <path>D:\TI\CCS\ccs\tools\compiler\ti-cgt-armllvm_4.0.4.LTS\lib\armv6m-ti-none-eabi\c\</path>
         <kind>archive</kind>
         <file>libsysbm.a</file>
         <name>open.c.obj</name>
      </input_file>
      <input_file id="fl-11f">
         <path>D:\TI\CCS\ccs\tools\compiler\ti-cgt-armllvm_4.0.4.LTS\lib\armv6m-ti-none-eabi\c\</path>
         <kind>archive</kind>
         <file>libsysbm.a</file>
         <name>lseek.c.obj</name>
      </input_file>
      <input_file id="fl-120">
         <path>D:\TI\CCS\ccs\tools\compiler\ti-cgt-armllvm_4.0.4.LTS\lib\armv6m-ti-none-eabi\c\</path>
         <kind>archive</kind>
         <file>libsysbm.a</file>
         <name>close.c.obj</name>
      </input_file>
      <input_file id="fl-121">
         <path>D:\TI\CCS\ccs\tools\compiler\ti-cgt-armllvm_4.0.4.LTS\lib\armv6m-ti-none-eabi\c\</path>
         <kind>archive</kind>
         <file>libsysbm.a</file>
         <name>unlink.c.obj</name>
      </input_file>
      <input_file id="fl-122">
         <path>D:\TI\CCS\ccs\tools\compiler\ti-cgt-armllvm_4.0.4.LTS\lib\armv6m-ti-none-eabi\c\</path>
         <kind>archive</kind>
         <file>libsysbm.a</file>
         <name>hostclose.c.obj</name>
      </input_file>
      <input_file id="fl-123">
         <path>D:\TI\CCS\ccs\tools\compiler\ti-cgt-armllvm_4.0.4.LTS\lib\armv6m-ti-none-eabi\c\</path>
         <kind>archive</kind>
         <file>libsysbm.a</file>
         <name>hostlseek.c.obj</name>
      </input_file>
      <input_file id="fl-124">
         <path>D:\TI\CCS\ccs\tools\compiler\ti-cgt-armllvm_4.0.4.LTS\lib\armv6m-ti-none-eabi\c\</path>
         <kind>archive</kind>
         <file>libsysbm.a</file>
         <name>hostopen.c.obj</name>
      </input_file>
      <input_file id="fl-125">
         <path>D:\TI\CCS\ccs\tools\compiler\ti-cgt-armllvm_4.0.4.LTS\lib\armv6m-ti-none-eabi\c\</path>
         <kind>archive</kind>
         <file>libsysbm.a</file>
         <name>hostread.c.obj</name>
      </input_file>
      <input_file id="fl-126">
         <path>D:\TI\CCS\ccs\tools\compiler\ti-cgt-armllvm_4.0.4.LTS\lib\armv6m-ti-none-eabi\c\</path>
         <kind>archive</kind>
         <file>libsysbm.a</file>
         <name>hostrename.c.obj</name>
      </input_file>
      <input_file id="fl-127">
         <path>D:\TI\CCS\ccs\tools\compiler\ti-cgt-armllvm_4.0.4.LTS\lib\armv6m-ti-none-eabi\c\</path>
         <kind>archive</kind>
         <file>libsysbm.a</file>
         <name>hostunlink.c.obj</name>
      </input_file>
      <input_file id="fl-128">
         <path>D:\TI\CCS\ccs\tools\compiler\ti-cgt-armllvm_4.0.4.LTS\lib\armv6m-ti-none-eabi\c\</path>
         <kind>archive</kind>
         <file>libsysbm.a</file>
         <name>hostwrite.c.obj</name>
      </input_file>
      <input_file id="fl-129">
         <path>D:\TI\CCS\ccs\tools\compiler\ti-cgt-armllvm_4.0.4.LTS\lib\armv6m-ti-none-eabi\c\</path>
         <kind>archive</kind>
         <file>libsysbm.a</file>
         <name>trgmsg.c.obj</name>
      </input_file>
      <input_file id="fl-12a">
         <path>D:\TI\CCS\ccs\tools\compiler\ti-cgt-armllvm_4.0.4.LTS\lib\armv6m-ti-none-eabi\</path>
         <kind>archive</kind>
         <file>libclang_rt.builtins.a</file>
         <name>addsf3.S.obj</name>
      </input_file>
      <input_file id="fl-12b">
         <path>D:\TI\CCS\ccs\tools\compiler\ti-cgt-armllvm_4.0.4.LTS\lib\armv6m-ti-none-eabi\</path>
         <kind>archive</kind>
         <file>libclang_rt.builtins.a</file>
         <name>adddf3.S.obj</name>
      </input_file>
      <input_file id="fl-12c">
         <path>D:\TI\CCS\ccs\tools\compiler\ti-cgt-armllvm_4.0.4.LTS\lib\armv6m-ti-none-eabi\</path>
         <kind>archive</kind>
         <file>libclang_rt.builtins.a</file>
         <name>muldf3.S.obj</name>
      </input_file>
      <input_file id="fl-12d">
         <path>D:\TI\CCS\ccs\tools\compiler\ti-cgt-armllvm_4.0.4.LTS\lib\armv6m-ti-none-eabi\</path>
         <kind>archive</kind>
         <file>libclang_rt.builtins.a</file>
         <name>muldsi3.S.obj</name>
      </input_file>
      <input_file id="fl-12e">
         <path>D:\TI\CCS\ccs\tools\compiler\ti-cgt-armllvm_4.0.4.LTS\lib\armv6m-ti-none-eabi\</path>
         <kind>archive</kind>
         <file>libclang_rt.builtins.a</file>
         <name>mulsf3.S.obj</name>
      </input_file>
      <input_file id="fl-12f">
         <path>D:\TI\CCS\ccs\tools\compiler\ti-cgt-armllvm_4.0.4.LTS\lib\armv6m-ti-none-eabi\</path>
         <kind>archive</kind>
         <file>libclang_rt.builtins.a</file>
         <name>divsf3.S.obj</name>
      </input_file>
      <input_file id="fl-130">
         <path>D:\TI\CCS\ccs\tools\compiler\ti-cgt-armllvm_4.0.4.LTS\lib\armv6m-ti-none-eabi\</path>
         <kind>archive</kind>
         <file>libclang_rt.builtins.a</file>
         <name>divdf3.S.obj</name>
      </input_file>
      <input_file id="fl-131">
         <path>D:\TI\CCS\ccs\tools\compiler\ti-cgt-armllvm_4.0.4.LTS\lib\armv6m-ti-none-eabi\</path>
         <kind>archive</kind>
         <file>libclang_rt.builtins.a</file>
         <name>extendsfdf2.S.obj</name>
      </input_file>
      <input_file id="fl-132">
         <path>D:\TI\CCS\ccs\tools\compiler\ti-cgt-armllvm_4.0.4.LTS\lib\armv6m-ti-none-eabi\</path>
         <kind>archive</kind>
         <file>libclang_rt.builtins.a</file>
         <name>fixdfsi.S.obj</name>
      </input_file>
      <input_file id="fl-133">
         <path>D:\TI\CCS\ccs\tools\compiler\ti-cgt-armllvm_4.0.4.LTS\lib\armv6m-ti-none-eabi\</path>
         <kind>archive</kind>
         <file>libclang_rt.builtins.a</file>
         <name>fixsfsi.S.obj</name>
      </input_file>
      <input_file id="fl-134">
         <path>D:\TI\CCS\ccs\tools\compiler\ti-cgt-armllvm_4.0.4.LTS\lib\armv6m-ti-none-eabi\</path>
         <kind>archive</kind>
         <file>libclang_rt.builtins.a</file>
         <name>fixunsdfsi.S.obj</name>
      </input_file>
      <input_file id="fl-135">
         <path>D:\TI\CCS\ccs\tools\compiler\ti-cgt-armllvm_4.0.4.LTS\lib\armv6m-ti-none-eabi\</path>
         <kind>archive</kind>
         <file>libclang_rt.builtins.a</file>
         <name>floatsidf.S.obj</name>
      </input_file>
      <input_file id="fl-136">
         <path>D:\TI\CCS\ccs\tools\compiler\ti-cgt-armllvm_4.0.4.LTS\lib\armv6m-ti-none-eabi\</path>
         <kind>archive</kind>
         <file>libclang_rt.builtins.a</file>
         <name>floatsisf.S.obj</name>
      </input_file>
      <input_file id="fl-137">
         <path>D:\TI\CCS\ccs\tools\compiler\ti-cgt-armllvm_4.0.4.LTS\lib\armv6m-ti-none-eabi\</path>
         <kind>archive</kind>
         <file>libclang_rt.builtins.a</file>
         <name>floatunsidf.S.obj</name>
      </input_file>
      <input_file id="fl-138">
         <path>D:\TI\CCS\ccs\tools\compiler\ti-cgt-armllvm_4.0.4.LTS\lib\armv6m-ti-none-eabi\</path>
         <kind>archive</kind>
         <file>libclang_rt.builtins.a</file>
         <name>floatunsisf.S.obj</name>
      </input_file>
      <input_file id="fl-139">
         <path>D:\TI\CCS\ccs\tools\compiler\ti-cgt-armllvm_4.0.4.LTS\lib\armv6m-ti-none-eabi\</path>
         <kind>archive</kind>
         <file>libclang_rt.builtins.a</file>
         <name>muldi3.S.obj</name>
      </input_file>
      <input_file id="fl-13a">
         <path>D:\TI\CCS\ccs\tools\compiler\ti-cgt-armllvm_4.0.4.LTS\lib\armv6m-ti-none-eabi\</path>
         <kind>archive</kind>
         <file>libclang_rt.builtins.a</file>
         <name>truncdfsf2.S.obj</name>
      </input_file>
      <input_file id="fl-13b">
         <path>D:\TI\CCS\ccs\tools\compiler\ti-cgt-armllvm_4.0.4.LTS\lib\armv6m-ti-none-eabi\</path>
         <kind>archive</kind>
         <file>libclang_rt.builtins.a</file>
         <name>aeabi_dcmp.S.obj</name>
      </input_file>
      <input_file id="fl-13c">
         <path>D:\TI\CCS\ccs\tools\compiler\ti-cgt-armllvm_4.0.4.LTS\lib\armv6m-ti-none-eabi\</path>
         <kind>archive</kind>
         <file>libclang_rt.builtins.a</file>
         <name>aeabi_fcmp.S.obj</name>
      </input_file>
      <input_file id="fl-13d">
         <path>D:\TI\CCS\ccs\tools\compiler\ti-cgt-armllvm_4.0.4.LTS\lib\armv6m-ti-none-eabi\</path>
         <kind>archive</kind>
         <file>libclang_rt.builtins.a</file>
         <name>aeabi_idivmod.S.obj</name>
      </input_file>
      <input_file id="fl-13e">
         <path>D:\TI\CCS\ccs\tools\compiler\ti-cgt-armllvm_4.0.4.LTS\lib\armv6m-ti-none-eabi\</path>
         <kind>archive</kind>
         <file>libclang_rt.builtins.a</file>
         <name>aeabi_ldivmod.S.obj</name>
      </input_file>
      <input_file id="fl-13f">
         <path>D:\TI\CCS\ccs\tools\compiler\ti-cgt-armllvm_4.0.4.LTS\lib\armv6m-ti-none-eabi\</path>
         <kind>archive</kind>
         <file>libclang_rt.builtins.a</file>
         <name>aeabi_memcpy.S.obj</name>
      </input_file>
      <input_file id="fl-140">
         <path>D:\TI\CCS\ccs\tools\compiler\ti-cgt-armllvm_4.0.4.LTS\lib\armv6m-ti-none-eabi\</path>
         <kind>archive</kind>
         <file>libclang_rt.builtins.a</file>
         <name>aeabi_memset.S.obj</name>
      </input_file>
      <input_file id="fl-141">
         <path>D:\TI\CCS\ccs\tools\compiler\ti-cgt-armllvm_4.0.4.LTS\lib\armv6m-ti-none-eabi\</path>
         <kind>archive</kind>
         <file>libclang_rt.builtins.a</file>
         <name>aeabi_uidivmod.S.obj</name>
      </input_file>
      <input_file id="fl-142">
         <path>D:\TI\CCS\ccs\tools\compiler\ti-cgt-armllvm_4.0.4.LTS\lib\armv6m-ti-none-eabi\</path>
         <kind>archive</kind>
         <file>libclang_rt.builtins.a</file>
         <name>aeabi_uldivmod.S.obj</name>
      </input_file>
      <input_file id="fl-143">
         <path>D:\TI\CCS\ccs\tools\compiler\ti-cgt-armllvm_4.0.4.LTS\lib\armv6m-ti-none-eabi\</path>
         <kind>archive</kind>
         <file>libclang_rt.builtins.a</file>
         <name>comparesf2.S.obj</name>
      </input_file>
      <input_file id="fl-144">
         <path>D:\TI\CCS\ccs\tools\compiler\ti-cgt-armllvm_4.0.4.LTS\lib\armv6m-ti-none-eabi\</path>
         <kind>archive</kind>
         <file>libclang_rt.builtins.a</file>
         <name>udivmoddi4.S.obj</name>
      </input_file>
      <input_file id="fl-145">
         <path>D:\TI\CCS\ccs\tools\compiler\ti-cgt-armllvm_4.0.4.LTS\lib\armv6m-ti-none-eabi\</path>
         <kind>archive</kind>
         <file>libclang_rt.builtins.a</file>
         <name>ashldi3.S.obj</name>
      </input_file>
      <input_file id="fl-146">
         <path>D:\TI\CCS\ccs\tools\compiler\ti-cgt-armllvm_4.0.4.LTS\lib\armv6m-ti-none-eabi\</path>
         <kind>archive</kind>
         <file>libclang_rt.builtins.a</file>
         <name>comparedf2.c.obj</name>
      </input_file>
      <input_file id="fl-147">
         <path>D:\TI\CCS\ccs\tools\compiler\ti-cgt-armllvm_4.0.4.LTS\lib\armv6m-ti-none-eabi\</path>
         <kind>archive</kind>
         <file>libclang_rt.builtins.a</file>
         <name>divmoddi4.c.obj</name>
      </input_file>
      <input_file id="fl-148">
         <path>D:\TI\CCS\ccs\tools\compiler\ti-cgt-armllvm_4.0.4.LTS\lib\armv6m-ti-none-eabi\</path>
         <kind>archive</kind>
         <file>libclang_rt.builtins.a</file>
         <name>aeabi_div0.c.obj</name>
      </input_file>
      <input_file id="fl-149">
         <path>D:\TI\CCS\ccs\tools\compiler\ti-cgt-armllvm_4.0.4.LTS\lib\armv6m-ti-none-eabi\c\</path>
         <kind>archive</kind>
         <file>libc.a</file>
         <name>getdevice.c.obj</name>
      </input_file>
      <input_file id="fl-14a">
         <path>D:\TI\CCS\ccs\tools\compiler\ti-cgt-armllvm_4.0.4.LTS\lib\armv6m-ti-none-eabi\c\</path>
         <kind>archive</kind>
         <file>libc.a</file>
         <name>memcpy16.S.obj</name>
      </input_file>
      <input_file id="fl-14b">
         <path>D:\TI\CCS\ccs\tools\compiler\ti-cgt-armllvm_4.0.4.LTS\lib\armv6m-ti-none-eabi\c\</path>
         <kind>archive</kind>
         <file>libc.a</file>
         <name>memset16.S.obj</name>
      </input_file>
   </input_file_list>
   <object_component_list>
      <object_component id="oc-18">
         <name>.intvecs</name>
         <load_address>0x0</load_address>
         <readonly>true</readonly>
         <run_address>0x0</run_address>
         <size>0xc0</size>
         <alignment>0x4</alignment>
         <input_file_ref idref="fl-3"/>
      </object_component>
      <object_component id="oc-21a">
         <name>.text:__TI_printfi</name>
         <load_address>0xc0</load_address>
         <readonly>true</readonly>
         <executable>true</executable>
         <run_address>0xc0</run_address>
         <size>0x9d0</size>
         <alignment>0x4</alignment>
         <input_file_ref idref="fl-50"/>
      </object_component>
      <object_component id="oc-2b1">
         <name>.text.asin</name>
         <load_address>0xa90</load_address>
         <readonly>true</readonly>
         <executable>true</executable>
         <run_address>0xa90</run_address>
         <size>0x364</size>
         <alignment>0x4</alignment>
         <input_file_ref idref="fl-46"/>
      </object_component>
      <object_component id="oc-33c">
         <name>.text.atan</name>
         <load_address>0xdf4</load_address>
         <readonly>true</readonly>
         <executable>true</executable>
         <run_address>0xdf4</run_address>
         <size>0x2f8</size>
         <alignment>0x4</alignment>
         <input_file_ref idref="fl-49"/>
      </object_component>
      <object_component id="oc-9f">
         <name>.text.Gray_Track_Control</name>
         <load_address>0x10ec</load_address>
         <readonly>true</readonly>
         <executable>true</executable>
         <run_address>0x10ec</run_address>
         <size>0x278</size>
         <alignment>0x4</alignment>
         <input_file_ref idref="fl-8"/>
      </object_component>
      <object_component id="oc-1e5">
         <name>.text.dmp_enable_feature</name>
         <load_address>0x1364</load_address>
         <readonly>true</readonly>
         <executable>true</executable>
         <run_address>0x1364</run_address>
         <size>0x278</size>
         <alignment>0x4</alignment>
         <input_file_ref idref="fl-10"/>
      </object_component>
      <object_component id="oc-2a1">
         <name>.text.dmp_set_tap_thresh</name>
         <load_address>0x15dc</load_address>
         <readonly>true</readonly>
         <executable>true</executable>
         <run_address>0x15dc</run_address>
         <size>0x238</size>
         <alignment>0x4</alignment>
         <input_file_ref idref="fl-10"/>
      </object_component>
      <object_component id="oc-1b6">
         <name>.text.SYSCFG_DL_GPIO_init</name>
         <load_address>0x1814</load_address>
         <readonly>true</readonly>
         <executable>true</executable>
         <run_address>0x1814</run_address>
         <size>0x22c</size>
         <alignment>0x4</alignment>
         <input_file_ref idref="fl-2"/>
      </object_component>
      <object_component id="oc-297">
         <name>.text.mpu_reset_fifo</name>
         <load_address>0x1a40</load_address>
         <readonly>true</readonly>
         <executable>true</executable>
         <run_address>0x1a40</run_address>
         <size>0x22c</size>
         <alignment>0x4</alignment>
         <input_file_ref idref="fl-f"/>
      </object_component>
      <object_component id="oc-2f0">
         <name>.text._pconv_a</name>
         <load_address>0x1c6c</load_address>
         <readonly>true</readonly>
         <executable>true</executable>
         <run_address>0x1c6c</run_address>
         <size>0x220</size>
         <alignment>0x4</alignment>
         <input_file_ref idref="fl-50"/>
      </object_component>
      <object_component id="oc-1d6">
         <name>.text.mpu_init</name>
         <load_address>0x1e8c</load_address>
         <readonly>true</readonly>
         <executable>true</executable>
         <run_address>0x1e8c</run_address>
         <size>0x214</size>
         <alignment>0x4</alignment>
         <input_file_ref idref="fl-f"/>
      </object_component>
      <object_component id="oc-a5">
         <name>.text.Motor_Speed_PID_Update</name>
         <load_address>0x20a0</load_address>
         <readonly>true</readonly>
         <executable>true</executable>
         <run_address>0x20a0</run_address>
         <size>0x20c</size>
         <alignment>0x4</alignment>
         <input_file_ref idref="fl-c"/>
      </object_component>
      <object_component id="oc-1f0">
         <name>.text.DMP_Read_Data</name>
         <load_address>0x22ac</load_address>
         <readonly>true</readonly>
         <executable>true</executable>
         <run_address>0x22ac</run_address>
         <size>0x1f8</size>
         <alignment>0x4</alignment>
         <input_file_ref idref="fl-11"/>
      </object_component>
      <object_component id="oc-2b0">
         <name>.text.dmp_read_fifo</name>
         <load_address>0x24a4</load_address>
         <readonly>true</readonly>
         <executable>true</executable>
         <run_address>0x24a4</run_address>
         <size>0x1f4</size>
         <alignment>0x4</alignment>
         <input_file_ref idref="fl-10"/>
      </object_component>
      <object_component id="oc-2f5">
         <name>.text._pconv_g</name>
         <load_address>0x2698</load_address>
         <readonly>true</readonly>
         <executable>true</executable>
         <run_address>0x2698</run_address>
         <size>0x1dc</size>
         <alignment>0x4</alignment>
         <input_file_ref idref="fl-50"/>
      </object_component>
      <object_component id="oc-2af">
         <name>.text.OLED_ShowChar</name>
         <load_address>0x2874</load_address>
         <readonly>true</readonly>
         <executable>true</executable>
         <run_address>0x2874</run_address>
         <size>0x1d4</size>
         <alignment>0x4</alignment>
         <input_file_ref idref="fl-e"/>
      </object_component>
      <object_component id="oc-39">
         <name>.text.UART1_IRQHandler</name>
         <load_address>0x2a48</load_address>
         <readonly>true</readonly>
         <executable>true</executable>
         <run_address>0x2a48</run_address>
         <size>0x1d0</size>
         <alignment>0x4</alignment>
         <input_file_ref idref="fl-d"/>
      </object_component>
      <object_component id="oc-28e">
         <name>.text.mpu_set_bypass</name>
         <load_address>0x2c18</load_address>
         <readonly>true</readonly>
         <executable>true</executable>
         <run_address>0x2c18</run_address>
         <size>0x1a0</size>
         <alignment>0x4</alignment>
         <input_file_ref idref="fl-f"/>
      </object_component>
      <object_component id="oc-327">
         <name>.text.adddf3_subdf3</name>
         <load_address>0x2db8</load_address>
         <readonly>true</readonly>
         <executable>true</executable>
         <run_address>0x2db8</run_address>
         <size>0x192</size>
         <alignment>0x4</alignment>
         <input_file_ref idref="fl-12b"/>
      </object_component>
      <object_component id="oc-208">
         <name>.text.__aeabi_idiv0</name>
         <load_address>0x2f4a</load_address>
         <readonly>true</readonly>
         <executable>true</executable>
         <run_address>0x2f4a</run_address>
         <size>0x2</size>
         <alignment>0x2</alignment>
         <input_file_ref idref="fl-148"/>
      </object_component>
      <object_component id="oc-284">
         <name>.text.MPU_Read_Len</name>
         <load_address>0x2f4c</load_address>
         <readonly>true</readonly>
         <executable>true</executable>
         <run_address>0x2f4c</run_address>
         <size>0x190</size>
         <alignment>0x4</alignment>
         <input_file_ref idref="fl-11"/>
      </object_component>
      <object_component id="oc-2bf">
         <name>.text.atan2</name>
         <load_address>0x30dc</load_address>
         <readonly>true</readonly>
         <executable>true</executable>
         <run_address>0x30dc</run_address>
         <size>0x188</size>
         <alignment>0x4</alignment>
         <input_file_ref idref="fl-47"/>
      </object_component>
      <object_component id="oc-1e4">
         <name>.text.dmp_set_orientation</name>
         <load_address>0x3264</load_address>
         <readonly>true</readonly>
         <executable>true</executable>
         <run_address>0x3264</run_address>
         <size>0x178</size>
         <alignment>0x4</alignment>
         <input_file_ref idref="fl-10"/>
      </object_component>
      <object_component id="oc-32d">
         <name>.text.sqrt</name>
         <load_address>0x33dc</load_address>
         <readonly>true</readonly>
         <executable>true</executable>
         <run_address>0x33dc</run_address>
         <size>0x170</size>
         <alignment>0x4</alignment>
         <input_file_ref idref="fl-48"/>
      </object_component>
      <object_component id="oc-12a">
         <name>.text.Motor_SetPWM</name>
         <load_address>0x354c</load_address>
         <readonly>true</readonly>
         <executable>true</executable>
         <run_address>0x354c</run_address>
         <size>0x164</size>
         <alignment>0x4</alignment>
         <input_file_ref idref="fl-c"/>
      </object_component>
      <object_component id="oc-d2">
         <name>.text.main</name>
         <load_address>0x36b0</load_address>
         <readonly>true</readonly>
         <executable>true</executable>
         <run_address>0x36b0</run_address>
         <size>0x154</size>
         <alignment>0x4</alignment>
         <input_file_ref idref="fl-16"/>
      </object_component>
      <object_component id="oc-37a">
         <name>.text.fcvt</name>
         <load_address>0x3804</load_address>
         <readonly>true</readonly>
         <executable>true</executable>
         <run_address>0x3804</run_address>
         <size>0x13c</size>
         <alignment>0x4</alignment>
         <input_file_ref idref="fl-50"/>
      </object_component>
      <object_component id="oc-1db">
         <name>.text.mpu_set_sensors</name>
         <load_address>0x3940</load_address>
         <readonly>true</readonly>
         <executable>true</executable>
         <run_address>0x3940</run_address>
         <size>0x130</size>
         <alignment>0x4</alignment>
         <input_file_ref idref="fl-f"/>
      </object_component>
      <object_component id="oc-299">
         <name>.text.mpu_load_firmware</name>
         <load_address>0x3a70</load_address>
         <readonly>true</readonly>
         <executable>true</executable>
         <run_address>0x3a70</run_address>
         <size>0x124</size>
         <alignment>0x4</alignment>
         <input_file_ref idref="fl-f"/>
      </object_component>
      <object_component id="oc-2f7">
         <name>.text._pconv_e</name>
         <load_address>0x3b94</load_address>
         <readonly>true</readonly>
         <executable>true</executable>
         <run_address>0x3b94</run_address>
         <size>0x120</size>
         <alignment>0x4</alignment>
         <input_file_ref idref="fl-50"/>
      </object_component>
      <object_component id="oc-f3">
         <name>.text.Grayscale_GetDeviation_Track</name>
         <load_address>0x3cb4</load_address>
         <readonly>true</readonly>
         <executable>true</executable>
         <run_address>0x3cb4</run_address>
         <size>0x11c</size>
         <alignment>0x4</alignment>
         <input_file_ref idref="fl-8"/>
      </object_component>
      <object_component id="oc-283">
         <name>.text.MPU_Write_Len</name>
         <load_address>0x3dd0</load_address>
         <readonly>true</readonly>
         <executable>true</executable>
         <run_address>0x3dd0</run_address>
         <size>0x11c</size>
         <alignment>0x4</alignment>
         <input_file_ref idref="fl-11"/>
      </object_component>
      <object_component id="oc-34">
         <name>.text.GROUP1_IRQHandler</name>
         <load_address>0x3eec</load_address>
         <readonly>true</readonly>
         <executable>true</executable>
         <run_address>0x3eec</run_address>
         <size>0x118</size>
         <alignment>0x4</alignment>
         <input_file_ref idref="fl-6"/>
      </object_component>
      <object_component id="oc-3f7">
         <name>.text.aligned_alloc</name>
         <load_address>0x4004</load_address>
         <readonly>true</readonly>
         <executable>true</executable>
         <run_address>0x4004</run_address>
         <size>0x114</size>
         <alignment>0x4</alignment>
         <input_file_ref idref="fl-63"/>
      </object_component>
      <object_component id="oc-298">
         <name>.text.mpu_lp_accel_mode</name>
         <load_address>0x4118</load_address>
         <readonly>true</readonly>
         <executable>true</executable>
         <run_address>0x4118</run_address>
         <size>0x110</size>
         <alignment>0x4</alignment>
         <input_file_ref idref="fl-f"/>
      </object_component>
      <object_component id="oc-1c9">
         <name>.text.OLED_I2C_BusRecovery</name>
         <load_address>0x4228</load_address>
         <readonly>true</readonly>
         <executable>true</executable>
         <run_address>0x4228</run_address>
         <size>0x10c</size>
         <alignment>0x4</alignment>
         <input_file_ref idref="fl-e"/>
      </object_component>
      <object_component id="oc-334">
         <name>.text.__divdf3</name>
         <load_address>0x4334</load_address>
         <readonly>true</readonly>
         <executable>true</executable>
         <run_address>0x4334</run_address>
         <size>0x10c</size>
         <alignment>0x4</alignment>
         <input_file_ref idref="fl-130"/>
      </object_component>
      <object_component id="oc-324">
         <name>.text.mpu_read_fifo_stream</name>
         <load_address>0x4440</load_address>
         <readonly>true</readonly>
         <executable>true</executable>
         <run_address>0x4440</run_address>
         <size>0x108</size>
         <alignment>0x4</alignment>
         <input_file_ref idref="fl-f"/>
      </object_component>
      <object_component id="oc-247">
         <name>.text.DL_Timer_initFourCCPWMMode</name>
         <load_address>0x4548</load_address>
         <readonly>true</readonly>
         <executable>true</executable>
         <run_address>0x4548</run_address>
         <size>0x104</size>
         <alignment>0x4</alignment>
         <input_file_ref idref="fl-2d"/>
      </object_component>
      <object_component id="oc-154">
         <name>.text.MPU_Update</name>
         <load_address>0x464c</load_address>
         <readonly>true</readonly>
         <executable>true</executable>
         <run_address>0x464c</run_address>
         <size>0x104</size>
         <alignment>0x4</alignment>
         <input_file_ref idref="fl-11"/>
      </object_component>
      <object_component id="oc-251">
         <name>.text.DL_Timer_initTimerMode</name>
         <load_address>0x4750</load_address>
         <readonly>true</readonly>
         <executable>true</executable>
         <run_address>0x4750</run_address>
         <size>0xfc</size>
         <alignment>0x4</alignment>
         <input_file_ref idref="fl-2d"/>
      </object_component>
      <object_component id="oc-149">
         <name>.text.OLED_Init</name>
         <load_address>0x484c</load_address>
         <readonly>true</readonly>
         <executable>true</executable>
         <run_address>0x484c</run_address>
         <size>0xfc</size>
         <alignment>0x2</alignment>
         <input_file_ref idref="fl-e"/>
      </object_component>
      <object_component id="oc-381">
         <name>.text.fputs</name>
         <load_address>0x4948</load_address>
         <readonly>true</readonly>
         <executable>true</executable>
         <run_address>0x4948</run_address>
         <size>0xf8</size>
         <alignment>0x4</alignment>
         <input_file_ref idref="fl-54"/>
      </object_component>
      <object_component id="oc-1dd">
         <name>.text.mpu_set_sample_rate</name>
         <load_address>0x4a40</load_address>
         <readonly>true</readonly>
         <executable>true</executable>
         <run_address>0x4a40</run_address>
         <size>0xec</size>
         <alignment>0x4</alignment>
         <input_file_ref idref="fl-f"/>
      </object_component>
      <object_component id="oc-23f">
         <name>.text.SYSCFG_DL_SYSCTL_SYSPLL_init</name>
         <load_address>0x4b2c</load_address>
         <readonly>true</readonly>
         <executable>true</executable>
         <run_address>0x4b2c</run_address>
         <size>0xe8</size>
         <alignment>0x4</alignment>
         <input_file_ref idref="fl-2"/>
      </object_component>
      <object_component id="oc-43">
         <name>.text.TIMG0_IRQHandler</name>
         <load_address>0x4c14</load_address>
         <readonly>true</readonly>
         <executable>true</executable>
         <run_address>0x4c14</run_address>
         <size>0xe8</size>
         <alignment>0x4</alignment>
         <input_file_ref idref="fl-1c"/>
      </object_component>
      <object_component id="oc-3d9">
         <name>.text.free</name>
         <load_address>0x4cfc</load_address>
         <readonly>true</readonly>
         <executable>true</executable>
         <run_address>0x4cfc</run_address>
         <size>0xe8</size>
         <alignment>0x4</alignment>
         <input_file_ref idref="fl-63"/>
      </object_component>
      <object_component id="oc-2b7">
         <name>.text.__muldf3</name>
         <load_address>0x4de4</load_address>
         <readonly>true</readonly>
         <executable>true</executable>
         <run_address>0x4de4</run_address>
         <size>0xe4</size>
         <alignment>0x4</alignment>
         <input_file_ref idref="fl-12c"/>
      </object_component>
      <object_component id="oc-28c">
         <name>.text.mpu_set_accel_fsr</name>
         <load_address>0x4ec8</load_address>
         <readonly>true</readonly>
         <executable>true</executable>
         <run_address>0x4ec8</run_address>
         <size>0xe4</size>
         <alignment>0x4</alignment>
         <input_file_ref idref="fl-f"/>
      </object_component>
      <object_component id="oc-3c9">
         <name>.text.setvbuf</name>
         <load_address>0x4fac</load_address>
         <readonly>true</readonly>
         <executable>true</executable>
         <run_address>0x4fac</run_address>
         <size>0xe0</size>
         <alignment>0x4</alignment>
         <input_file_ref idref="fl-56"/>
      </object_component>
      <object_component id="oc-23e">
         <name>.text.DL_SYSCTL_configSYSPLL</name>
         <load_address>0x508c</load_address>
         <readonly>true</readonly>
         <executable>true</executable>
         <run_address>0x508c</run_address>
         <size>0xdc</size>
         <alignment>0x4</alignment>
         <input_file_ref idref="fl-2f"/>
      </object_component>
      <object_component id="oc-35d">
         <name>.text.scalbn</name>
         <load_address>0x5168</load_address>
         <readonly>true</readonly>
         <executable>true</executable>
         <run_address>0x5168</run_address>
         <size>0xd8</size>
         <alignment>0x4</alignment>
         <input_file_ref idref="fl-70"/>
      </object_component>
      <object_component id="oc-11a">
         <name>.text</name>
         <load_address>0x5240</load_address>
         <readonly>true</readonly>
         <executable>true</executable>
         <run_address>0x5240</run_address>
         <size>0xd8</size>
         <alignment>0x4</alignment>
         <input_file_ref idref="fl-12a"/>
      </object_component>
      <object_component id="oc-296">
         <name>.text.set_int_enable</name>
         <load_address>0x5318</load_address>
         <readonly>true</readonly>
         <executable>true</executable>
         <run_address>0x5318</run_address>
         <size>0xd4</size>
         <alignment>0x4</alignment>
         <input_file_ref idref="fl-f"/>
      </object_component>
      <object_component id="oc-3e">
         <name>.text.UART0_IRQHandler</name>
         <load_address>0x53ec</load_address>
         <readonly>true</readonly>
         <executable>true</executable>
         <run_address>0x53ec</run_address>
         <size>0xd0</size>
         <alignment>0x4</alignment>
         <input_file_ref idref="fl-5"/>
      </object_component>
      <object_component id="oc-28d">
         <name>.text.mpu_set_lpf</name>
         <load_address>0x54bc</load_address>
         <readonly>true</readonly>
         <executable>true</executable>
         <run_address>0x54bc</run_address>
         <size>0xd0</size>
         <alignment>0x4</alignment>
         <input_file_ref idref="fl-f"/>
      </object_component>
      <object_component id="oc-ee">
         <name>.text.Gray_Sensor_Read</name>
         <load_address>0x558c</load_address>
         <readonly>true</readonly>
         <executable>true</executable>
         <run_address>0x558c</run_address>
         <size>0xcc</size>
         <alignment>0x4</alignment>
         <input_file_ref idref="fl-8"/>
      </object_component>
      <object_component id="oc-1f1">
         <name>.text.MPU_Yaw_Accumulate</name>
         <load_address>0x5658</load_address>
         <readonly>true</readonly>
         <executable>true</executable>
         <run_address>0x5658</run_address>
         <size>0xcc</size>
         <alignment>0x4</alignment>
         <input_file_ref idref="fl-11"/>
      </object_component>
      <object_component id="oc-48">
         <name>.text.TIMG12_IRQHandler</name>
         <load_address>0x5724</load_address>
         <readonly>true</readonly>
         <executable>true</executable>
         <run_address>0x5724</run_address>
         <size>0xc8</size>
         <alignment>0x4</alignment>
         <input_file_ref idref="fl-6"/>
      </object_component>
      <object_component id="oc-1b5">
         <name>.text.SYSCFG_DL_initPower</name>
         <load_address>0x57ec</load_address>
         <readonly>true</readonly>
         <executable>true</executable>
         <run_address>0x57ec</run_address>
         <size>0xc4</size>
         <alignment>0x4</alignment>
         <input_file_ref idref="fl-2"/>
      </object_component>
      <object_component id="oc-28b">
         <name>.text.mpu_set_gyro_fsr</name>
         <load_address>0x58b0</load_address>
         <readonly>true</readonly>
         <executable>true</executable>
         <run_address>0x58b0</run_address>
         <size>0xc4</size>
         <alignment>0x4</alignment>
         <input_file_ref idref="fl-f"/>
      </object_component>
      <object_component id="oc-1dc">
         <name>.text.mpu_configure_fifo</name>
         <load_address>0x5974</load_address>
         <readonly>true</readonly>
         <executable>true</executable>
         <run_address>0x5974</run_address>
         <size>0xbc</size>
         <alignment>0x4</alignment>
         <input_file_ref idref="fl-f"/>
      </object_component>
      <object_component id="oc-1e7">
         <name>.text.mpu_set_dmp_state</name>
         <load_address>0x5a30</load_address>
         <readonly>true</readonly>
         <executable>true</executable>
         <run_address>0x5a30</run_address>
         <size>0xb8</size>
         <alignment>0x4</alignment>
         <input_file_ref idref="fl-f"/>
      </object_component>
      <object_component id="oc-1ef">
         <name>.text.OLED_ShowString</name>
         <load_address>0x5ae8</load_address>
         <readonly>true</readonly>
         <executable>true</executable>
         <run_address>0x5ae8</run_address>
         <size>0xb0</size>
         <alignment>0x2</alignment>
         <input_file_ref idref="fl-e"/>
      </object_component>
      <object_component id="oc-318">
         <name>.text.mpu_read_mem</name>
         <load_address>0x5b98</load_address>
         <readonly>true</readonly>
         <executable>true</executable>
         <run_address>0x5b98</run_address>
         <size>0xac</size>
         <alignment>0x4</alignment>
         <input_file_ref idref="fl-f"/>
      </object_component>
      <object_component id="oc-29e">
         <name>.text.mpu_write_mem</name>
         <load_address>0x5c44</load_address>
         <readonly>true</readonly>
         <executable>true</executable>
         <run_address>0x5c44</run_address>
         <size>0xac</size>
         <alignment>0x4</alignment>
         <input_file_ref idref="fl-f"/>
      </object_component>
      <object_component id="oc-354">
         <name>.text</name>
         <load_address>0x5cf0</load_address>
         <readonly>true</readonly>
         <executable>true</executable>
         <run_address>0x5cf0</run_address>
         <size>0xa2</size>
         <alignment>0x4</alignment>
         <input_file_ref idref="fl-144"/>
      </object_component>
      <object_component id="oc-39b">
         <name>.text.__aeabi_ldiv0</name>
         <load_address>0x5d92</load_address>
         <readonly>true</readonly>
         <executable>true</executable>
         <run_address>0x5d92</run_address>
         <size>0x2</size>
         <alignment>0x2</alignment>
         <input_file_ref idref="fl-148"/>
      </object_component>
      <object_component id="oc-387">
         <name>.text.fputc</name>
         <load_address>0x5d94</load_address>
         <readonly>true</readonly>
         <executable>true</executable>
         <run_address>0x5d94</run_address>
         <size>0x9c</size>
         <alignment>0x4</alignment>
         <input_file_ref idref="fl-53"/>
      </object_component>
      <object_component id="oc-295">
         <name>.text.mpu_set_int_latched</name>
         <load_address>0x5e30</load_address>
         <readonly>true</readonly>
         <executable>true</executable>
         <run_address>0x5e30</run_address>
         <size>0x9c</size>
         <alignment>0x4</alignment>
         <input_file_ref idref="fl-f"/>
      </object_component>
      <object_component id="oc-1e6">
         <name>.text.dmp_set_fifo_rate</name>
         <load_address>0x5ecc</load_address>
         <readonly>true</readonly>
         <executable>true</executable>
         <run_address>0x5ecc</run_address>
         <size>0x98</size>
         <alignment>0x4</alignment>
         <input_file_ref idref="fl-10"/>
      </object_component>
      <object_component id="oc-29d">
         <name>.text.inv_row_2_scale</name>
         <load_address>0x5f64</load_address>
         <readonly>true</readonly>
         <executable>true</executable>
         <run_address>0x5f64</run_address>
         <size>0x96</size>
         <alignment>0x2</alignment>
         <input_file_ref idref="fl-11"/>
      </object_component>
      <object_component id="oc-2c5">
         <name>.text._nop</name>
         <load_address>0x5ffa</load_address>
         <readonly>true</readonly>
         <executable>true</executable>
         <run_address>0x5ffa</run_address>
         <size>0x2</size>
         <alignment>0x2</alignment>
         <input_file_ref idref="fl-5b"/>
      </object_component>
      <object_component id="oc-f1">
         <name>.text.SpeedRamp_Update</name>
         <load_address>0x5ffc</load_address>
         <readonly>true</readonly>
         <executable>true</executable>
         <run_address>0x5ffc</run_address>
         <size>0x94</size>
         <alignment>0x4</alignment>
         <input_file_ref idref="fl-8"/>
      </object_component>
      <object_component id="oc-122">
         <name>.text.__mulsf3</name>
         <load_address>0x6090</load_address>
         <readonly>true</readonly>
         <executable>true</executable>
         <run_address>0x6090</run_address>
         <size>0x8c</size>
         <alignment>0x4</alignment>
         <input_file_ref idref="fl-12e"/>
      </object_component>
      <object_component id="oc-325">
         <name>.text.decode_gesture</name>
         <load_address>0x611c</load_address>
         <readonly>true</readonly>
         <executable>true</executable>
         <run_address>0x611c</run_address>
         <size>0x8c</size>
         <alignment>0x4</alignment>
         <input_file_ref idref="fl-10"/>
      </object_component>
      <object_component id="oc-1ce">
         <name>.text.OLED_WR_Byte</name>
         <load_address>0x61a8</load_address>
         <readonly>true</readonly>
         <executable>true</executable>
         <run_address>0x61a8</run_address>
         <size>0x88</size>
         <alignment>0x4</alignment>
         <input_file_ref idref="fl-e"/>
      </object_component>
      <object_component id="oc-467">
         <name>.text:strcmp</name>
         <load_address>0x6230</load_address>
         <readonly>true</readonly>
         <executable>true</executable>
         <run_address>0x6230</run_address>
         <size>0x88</size>
         <alignment>0x10</alignment>
         <input_file_ref idref="fl-57"/>
      </object_component>
      <object_component id="oc-f8">
         <name>.text.Racecar</name>
         <load_address>0x62b8</load_address>
         <readonly>true</readonly>
         <executable>true</executable>
         <run_address>0x62b8</run_address>
         <size>0x84</size>
         <alignment>0x4</alignment>
         <input_file_ref idref="fl-c"/>
      </object_component>
      <object_component id="oc-244">
         <name>.text.__NVIC_SetPriority</name>
         <load_address>0x633c</load_address>
         <readonly>true</readonly>
         <executable>true</executable>
         <run_address>0x633c</run_address>
         <size>0x84</size>
         <alignment>0x4</alignment>
         <input_file_ref idref="fl-2"/>
      </object_component>
      <object_component id="oc-182">
         <name>.text.__divsf3</name>
         <load_address>0x63c0</load_address>
         <readonly>true</readonly>
         <executable>true</executable>
         <run_address>0x63c0</run_address>
         <size>0x82</size>
         <alignment>0x4</alignment>
         <input_file_ref idref="fl-12f"/>
      </object_component>
      <object_component id="oc-151">
         <name>.text.DMP_Init</name>
         <load_address>0x6444</load_address>
         <readonly>true</readonly>
         <executable>true</executable>
         <run_address>0x6444</run_address>
         <size>0x7c</size>
         <alignment>0x4</alignment>
         <input_file_ref idref="fl-11"/>
      </object_component>
      <object_component id="oc-153">
         <name>.text.OLED_Refresh</name>
         <load_address>0x64c0</load_address>
         <readonly>true</readonly>
         <executable>true</executable>
         <run_address>0x64c0</run_address>
         <size>0x7c</size>
         <alignment>0x4</alignment>
         <input_file_ref idref="fl-e"/>
      </object_component>
      <object_component id="oc-1b7">
         <name>.text.SYSCFG_DL_SYSCTL_init</name>
         <load_address>0x653c</load_address>
         <readonly>true</readonly>
         <executable>true</executable>
         <run_address>0x653c</run_address>
         <size>0x7c</size>
         <alignment>0x4</alignment>
         <input_file_ref idref="fl-2"/>
      </object_component>
      <object_component id="oc-3f8">
         <name>.text.__TI_closefile</name>
         <load_address>0x65b8</load_address>
         <readonly>true</readonly>
         <executable>true</executable>
         <run_address>0x65b8</run_address>
         <size>0x7c</size>
         <alignment>0x4</alignment>
         <input_file_ref idref="fl-7a"/>
      </object_component>
      <object_component id="oc-1c">
         <name>.text:decompress:lzss</name>
         <load_address>0x6634</load_address>
         <readonly>true</readonly>
         <executable>true</executable>
         <run_address>0x6634</run_address>
         <size>0x7c</size>
         <alignment>0x4</alignment>
         <input_file_ref idref="fl-6d"/>
      </object_component>
      <object_component id="oc-e4">
         <name>.text.Key_GetState</name>
         <load_address>0x66b0</load_address>
         <readonly>true</readonly>
         <executable>true</executable>
         <run_address>0x66b0</run_address>
         <size>0x78</size>
         <alignment>0x4</alignment>
         <input_file_ref idref="fl-a"/>
      </object_component>
      <object_component id="oc-a4">
         <name>.text.Encoder_CalcSpeed</name>
         <load_address>0x6728</load_address>
         <readonly>true</readonly>
         <executable>true</executable>
         <run_address>0x6728</run_address>
         <size>0x74</size>
         <alignment>0x4</alignment>
         <input_file_ref idref="fl-6"/>
      </object_component>
      <object_component id="oc-378">
         <name>.text.__gedf2</name>
         <load_address>0x679c</load_address>
         <readonly>true</readonly>
         <executable>true</executable>
         <run_address>0x679c</run_address>
         <size>0x74</size>
         <alignment>0x4</alignment>
         <input_file_ref idref="fl-146"/>
      </object_component>
      <object_component id="oc-2bb">
         <name>.text.__truncdfsf2</name>
         <load_address>0x6810</load_address>
         <readonly>true</readonly>
         <executable>true</executable>
         <run_address>0x6810</run_address>
         <size>0x74</size>
         <alignment>0x10</alignment>
         <input_file_ref idref="fl-13a"/>
      </object_component>
      <object_component id="oc-31d">
         <name>.text.mpu_get_accel_fsr</name>
         <load_address>0x6884</load_address>
         <readonly>true</readonly>
         <executable>true</executable>
         <run_address>0x6884</run_address>
         <size>0x74</size>
         <alignment>0x4</alignment>
         <input_file_ref idref="fl-f"/>
      </object_component>
      <object_component id="oc-411">
         <name>.text.HOSTlseek</name>
         <load_address>0x68f8</load_address>
         <readonly>true</readonly>
         <executable>true</executable>
         <run_address>0x68f8</run_address>
         <size>0x6c</size>
         <alignment>0x4</alignment>
         <input_file_ref idref="fl-123"/>
      </object_component>
      <object_component id="oc-419">
         <name>.text.HOSTrename</name>
         <load_address>0x6964</load_address>
         <readonly>true</readonly>
         <executable>true</executable>
         <run_address>0x6964</run_address>
         <size>0x6c</size>
         <alignment>0x4</alignment>
         <input_file_ref idref="fl-126"/>
      </object_component>
      <object_component id="oc-1b8">
         <name>.text.SYSCFG_DL_PWM_A_init</name>
         <load_address>0x69d0</load_address>
         <readonly>true</readonly>
         <executable>true</executable>
         <run_address>0x69d0</run_address>
         <size>0x6c</size>
         <alignment>0x4</alignment>
         <input_file_ref idref="fl-2"/>
      </object_component>
      <object_component id="oc-3d6">
         <name>.text.fseeko</name>
         <load_address>0x6a3c</load_address>
         <readonly>true</readonly>
         <executable>true</executable>
         <run_address>0x6a3c</run_address>
         <size>0x6c</size>
         <alignment>0x4</alignment>
         <input_file_ref idref="fl-75"/>
      </object_component>
      <object_component id="oc-45b">
         <name>.text.getdevice</name>
         <load_address>0x6aa8</load_address>
         <readonly>true</readonly>
         <executable>true</executable>
         <run_address>0x6aa8</run_address>
         <size>0x6c</size>
         <alignment>0x4</alignment>
         <input_file_ref idref="fl-149"/>
      </object_component>
      <object_component id="oc-77">
         <name>.text.RingBuffer_Write</name>
         <load_address>0x6b14</load_address>
         <readonly>true</readonly>
         <executable>true</executable>
         <run_address>0x6b14</run_address>
         <size>0x6a</size>
         <alignment>0x2</alignment>
         <input_file_ref idref="fl-d"/>
      </object_component>
      <object_component id="oc-372">
         <name>.text.__ledf2</name>
         <load_address>0x6b80</load_address>
         <readonly>true</readonly>
         <executable>true</executable>
         <run_address>0x6b80</run_address>
         <size>0x68</size>
         <alignment>0x4</alignment>
         <input_file_ref idref="fl-146"/>
      </object_component>
      <object_component id="oc-112">
         <name>.text.speed_low_pass_filter</name>
         <load_address>0x6be8</load_address>
         <readonly>true</readonly>
         <executable>true</executable>
         <run_address>0x6be8</run_address>
         <size>0x68</size>
         <alignment>0x2</alignment>
         <input_file_ref idref="fl-6"/>
      </object_component>
      <object_component id="oc-371">
         <name>.text._mcpy</name>
         <load_address>0x6c50</load_address>
         <readonly>true</readonly>
         <executable>true</executable>
         <run_address>0x6c50</run_address>
         <size>0x66</size>
         <alignment>0x2</alignment>
         <input_file_ref idref="fl-50"/>
      </object_component>
      <object_component id="oc-2a2">
         <name>.text.dmp_set_tap_axes</name>
         <load_address>0x6cb6</load_address>
         <readonly>true</readonly>
         <executable>true</executable>
         <run_address>0x6cb6</run_address>
         <size>0x66</size>
         <alignment>0x2</alignment>
         <input_file_ref idref="fl-10"/>
      </object_component>
      <object_component id="oc-238">
         <name>.text.DL_SYSCTL_setHFCLKSourceHFXTParams</name>
         <load_address>0x6d1c</load_address>
         <readonly>true</readonly>
         <executable>true</executable>
         <run_address>0x6d1c</run_address>
         <size>0x64</size>
         <alignment>0x4</alignment>
         <input_file_ref idref="fl-2f"/>
      </object_component>
      <object_component id="oc-31f">
         <name>.text.OLED_ClearPoint</name>
         <load_address>0x6d80</load_address>
         <readonly>true</readonly>
         <executable>true</executable>
         <run_address>0x6d80</run_address>
         <size>0x64</size>
         <alignment>0x4</alignment>
         <input_file_ref idref="fl-e"/>
      </object_component>
      <object_component id="oc-1b9">
         <name>.text.SYSCFG_DL_PWM_B_init</name>
         <load_address>0x6de4</load_address>
         <readonly>true</readonly>
         <executable>true</executable>
         <run_address>0x6de4</run_address>
         <size>0x64</size>
         <alignment>0x4</alignment>
         <input_file_ref idref="fl-2"/>
      </object_component>
      <object_component id="oc-3ae">
         <name>.text.__TI_wrt_ok</name>
         <load_address>0x6e48</load_address>
         <readonly>true</readonly>
         <executable>true</executable>
         <run_address>0x6e48</run_address>
         <size>0x64</size>
         <alignment>0x2</alignment>
         <input_file_ref idref="fl-55"/>
      </object_component>
      <object_component id="oc-423">
         <name>.text.split</name>
         <load_address>0x6eac</load_address>
         <readonly>true</readonly>
         <executable>true</executable>
         <run_address>0x6eac</run_address>
         <size>0x64</size>
         <alignment>0x4</alignment>
         <input_file_ref idref="fl-63"/>
      </object_component>
      <object_component id="oc-2f1">
         <name>.text.__aeabi_dcmp</name>
         <load_address>0x6f10</load_address>
         <readonly>true</readonly>
         <executable>true</executable>
         <run_address>0x6f10</run_address>
         <size>0x62</size>
         <alignment>0x4</alignment>
         <input_file_ref idref="fl-13b"/>
      </object_component>
      <object_component id="oc-11e">
         <name>.text.__aeabi_fcmp</name>
         <load_address>0x6f74</load_address>
         <readonly>true</readonly>
         <executable>true</executable>
         <run_address>0x6f74</run_address>
         <size>0x62</size>
         <alignment>0x4</alignment>
         <input_file_ref idref="fl-13c"/>
      </object_component>
      <object_component id="oc-147">
         <name>.text.BlueSerial_Init</name>
         <load_address>0x6fd8</load_address>
         <readonly>true</readonly>
         <executable>true</executable>
         <run_address>0x6fd8</run_address>
         <size>0x60</size>
         <alignment>0x4</alignment>
         <input_file_ref idref="fl-5"/>
      </object_component>
      <object_component id="oc-401">
         <name>.text.HOSTopen</name>
         <load_address>0x7038</load_address>
         <readonly>true</readonly>
         <executable>true</executable>
         <run_address>0x7038</run_address>
         <size>0x60</size>
         <alignment>0x4</alignment>
         <input_file_ref idref="fl-124"/>
      </object_component>
      <object_component id="oc-95">
         <name>.text.Key_Tick</name>
         <load_address>0x7098</load_address>
         <readonly>true</readonly>
         <executable>true</executable>
         <run_address>0x7098</run_address>
         <size>0x60</size>
         <alignment>0x4</alignment>
         <input_file_ref idref="fl-a"/>
      </object_component>
      <object_component id="oc-150">
         <name>.text.OLED_Clear</name>
         <load_address>0x70f8</load_address>
         <readonly>true</readonly>
         <executable>true</executable>
         <run_address>0x70f8</run_address>
         <size>0x60</size>
         <alignment>0x4</alignment>
         <input_file_ref idref="fl-e"/>
      </object_component>
      <object_component id="oc-1bc">
         <name>.text.SYSCFG_DL_OLED_init</name>
         <load_address>0x7158</load_address>
         <readonly>true</readonly>
         <executable>true</executable>
         <run_address>0x7158</run_address>
         <size>0x60</size>
         <alignment>0x4</alignment>
         <input_file_ref idref="fl-2"/>
      </object_component>
      <object_component id="oc-2a0">
         <name>.text.dmp_enable_gyro_cal</name>
         <load_address>0x71b8</load_address>
[...]
         <name>_system_pre_init</name>
         <value>0x90a9</value>
         <object_component_ref idref="oc-ce"/>
      </symbol>
      <symbol id="sm-657">
         <name>__TI_zero_init</name>
         <value>0x8f05</value>
         <object_component_ref idref="oc-61"/>
      </symbol>
      <symbol id="sm-660">
         <name>__TI_decompress_none</name>
         <value>0x8e81</value>
         <object_component_ref idref="oc-20"/>
      </symbol>
      <symbol id="sm-66b">
         <name>__TI_decompress_lzss</name>
         <value>0x6635</value>
         <object_component_ref idref="oc-1c"/>
      </symbol>
      <symbol id="sm-676">
         <name>frexp</name>
         <value>0x7279</value>
         <object_component_ref idref="oc-359"/>
      </symbol>
      <symbol id="sm-677">
         <name>frexpl</name>
         <value>0x7279</value>
         <object_component_ref idref="oc-359"/>
      </symbol>
      <symbol id="sm-681">
         <name>scalbn</name>
         <value>0x5169</value>
         <object_component_ref idref="oc-35d"/>
      </symbol>
      <symbol id="sm-682">
         <name>ldexp</name>
         <value>0x5169</value>
         <object_component_ref idref="oc-35d"/>
      </symbol>
      <symbol id="sm-683">
         <name>scalbnl</name>
         <value>0x5169</value>
         <object_component_ref idref="oc-35d"/>
      </symbol>
      <symbol id="sm-684">
         <name>ldexpl</name>
         <value>0x5169</value>
         <object_component_ref idref="oc-35d"/>
      </symbol>
      <symbol id="sm-68d">
         <name>wcslen</name>
         <value>0x8ef5</value>
         <object_component_ref idref="oc-2de"/>
      </symbol>
      <symbol id="sm-698">
         <name>__TI_doflush</name>
         <value>0x7595</value>
         <object_component_ref idref="oc-3b8"/>
      </symbol>
      <symbol id="sm-6a3">
         <name>__TI_cleanup</name>
         <value>0x805d</value>
         <object_component_ref idref="oc-3e0"/>
      </symbol>
      <symbol id="sm-6b0">
         <name>fseek</name>
         <value>0x9055</value>
         <object_component_ref idref="oc-3c3"/>
      </symbol>
      <symbol id="sm-6b1">
         <name>fseeko</name>
         <value>0x6a3d</value>
         <object_component_ref idref="oc-3d6"/>
      </symbol>
      <symbol id="sm-6b2">
         <name>__aeabi_ctype_table_</name>
         <value>0xb6a0</value>
         <object_component_ref idref="oc-348"/>
      </symbol>
      <symbol id="sm-6b3">
         <name>__aeabi_ctype_table_C</name>
         <value>0xb6a0</value>
         <object_component_ref idref="oc-348"/>
      </symbol>
      <symbol id="sm-6c1">
         <name>__TI_closefile</name>
         <value>0x65b9</value>
         <object_component_ref idref="oc-3f8"/>
      </symbol>
      <symbol id="sm-6c9">
         <name>HOSTexit</name>
         <value>0x908d</value>
         <object_component_ref idref="oc-1f6"/>
      </symbol>
      <symbol id="sm-6ca">
         <name>C$$EXIT</name>
         <value>0x908c</value>
         <object_component_ref idref="oc-1f6"/>
      </symbol>
      <symbol id="sm-6d4">
         <name>write</name>
         <value>0x8559</value>
         <object_component_ref idref="oc-3b4"/>
      </symbol>
      <symbol id="sm-6d9">
         <name>_device</name>
         <value>0x20201294</value>
         <object_component_ref idref="oc-3e9"/>
      </symbol>
      <symbol id="sm-6da">
         <name>_stream</name>
         <value>0x2020130c</value>
         <object_component_ref idref="oc-3cf"/>
      </symbol>
      <symbol id="sm-6e3">
         <name>remove</name>
         <value>0x905d</value>
         <object_component_ref idref="oc-429"/>
      </symbol>
      <symbol id="sm-6ee">
         <name>lseek</name>
         <value>0x8531</value>
         <object_component_ref idref="oc-3ed"/>
      </symbol>
      <symbol id="sm-6f8">
         <name>close</name>
         <value>0x7729</value>
         <object_component_ref idref="oc-425"/>
      </symbol>
      <symbol id="sm-702">
         <name>unlink</name>
         <value>0x83c1</value>
         <object_component_ref idref="oc-451"/>
      </symbol>
      <symbol id="sm-70c">
         <name>HOSTclose</name>
         <value>0x78a5</value>
         <object_component_ref idref="oc-405"/>
      </symbol>
      <symbol id="sm-716">
         <name>HOSTlseek</name>
         <value>0x68f9</value>
         <object_component_ref idref="oc-411"/>
      </symbol>
      <symbol id="sm-720">
         <name>HOSTopen</name>
         <value>0x7039</value>
         <object_component_ref idref="oc-401"/>
      </symbol>
      <symbol id="sm-721">
         <name>parmbuf</name>
         <value>0x20200f89</value>
         <object_component_ref idref="oc-437"/>
      </symbol>
      <symbol id="sm-72b">
         <name>HOSTread</name>
         <value>0x7331</value>
         <object_component_ref idref="oc-409"/>
      </symbol>
      <symbol id="sm-73c">
         <name>HOSTrename</name>
         <value>0x6965</value>
         <object_component_ref idref="oc-419"/>
      </symbol>
      <symbol id="sm-746">
         <name>HOSTunlink</name>
         <value>0x78ed</value>
         <object_component_ref idref="oc-415"/>
      </symbol>
      <symbol id="sm-750">
         <name>HOSTwrite</name>
         <value>0x7389</value>
         <object_component_ref idref="oc-40d"/>
      </symbol>
      <symbol id="sm-75e">
         <name>C$$IO$$</name>
         <value>0x80f1</value>
         <object_component_ref idref="oc-430"/>
      </symbol>
      <symbol id="sm-75f">
         <name>__TI_writemsg</name>
         <value>0x80c5</value>
         <object_component_ref idref="oc-430"/>
      </symbol>
      <symbol id="sm-760">
         <name>__CIOBUF_</name>
         <value>0x20200c80</value>
         <object_component_ref idref="oc-458"/>
      </symbol>
      <symbol id="sm-761">
         <name>__TI_readmsg</name>
         <value>0x8091</value>
         <object_component_ref idref="oc-436"/>
      </symbol>
      <symbol id="sm-762">
         <name>_CIOBUF_</name>
         <value>0x20200c80</value>
         <object_component_ref idref="oc-458"/>
      </symbol>
      <symbol id="sm-768">
         <name>__aeabi_fadd</name>
         <value>0x524b</value>
         <object_component_ref idref="oc-11a"/>
      </symbol>
      <symbol id="sm-769">
         <name>__addsf3</name>
         <value>0x524b</value>
         <object_component_ref idref="oc-11a"/>
      </symbol>
      <symbol id="sm-76a">
         <name>__aeabi_fsub</name>
         <value>0x5241</value>
         <object_component_ref idref="oc-11a"/>
      </symbol>
      <symbol id="sm-76b">
         <name>__subsf3</name>
         <value>0x5241</value>
         <object_component_ref idref="oc-11a"/>
      </symbol>
      <symbol id="sm-771">
         <name>__aeabi_dadd</name>
         <value>0x2dc3</value>
         <object_component_ref idref="oc-327"/>
      </symbol>
      <symbol id="sm-772">
         <name>__adddf3</name>
         <value>0x2dc3</value>
         <object_component_ref idref="oc-327"/>
      </symbol>
      <symbol id="sm-773">
         <name>__aeabi_dsub</name>
         <value>0x2db9</value>
         <object_component_ref idref="oc-327"/>
      </symbol>
      <symbol id="sm-774">
         <name>__subdf3</name>
         <value>0x2db9</value>
         <object_component_ref idref="oc-327"/>
      </symbol>
      <symbol id="sm-780">
         <name>__aeabi_dmul</name>
         <value>0x4de5</value>
         <object_component_ref idref="oc-2b7"/>
      </symbol>
      <symbol id="sm-781">
         <name>__muldf3</name>
         <value>0x4de5</value>
         <object_component_ref idref="oc-2b7"/>
      </symbol>
      <symbol id="sm-78a">
         <name>__muldsi3</name>
         <value>0x7f0d</value>
         <object_component_ref idref="oc-19a"/>
      </symbol>
      <symbol id="sm-790">
         <name>__aeabi_fmul</name>
         <value>0x6091</value>
         <object_component_ref idref="oc-122"/>
      </symbol>
      <symbol id="sm-791">
         <name>__mulsf3</name>
         <value>0x6091</value>
         <object_component_ref idref="oc-122"/>
      </symbol>
      <symbol id="sm-797">
         <name>__aeabi_fdiv</name>
         <value>0x63c1</value>
         <object_component_ref idref="oc-182"/>
      </symbol>
      <symbol id="sm-798">
         <name>__divsf3</name>
         <value>0x63c1</value>
         <object_component_ref idref="oc-182"/>
      </symbol>
      <symbol id="sm-79e">
         <name>__aeabi_ddiv</name>
         <value>0x4335</value>
         <object_component_ref idref="oc-334"/>
      </symbol>
      <symbol id="sm-79f">
         <name>__divdf3</name>
         <value>0x4335</value>
         <object_component_ref idref="oc-334"/>
      </symbol>
      <symbol id="sm-7a8">
         <name>__aeabi_f2d</name>
         <value>0x7c69</value>
         <object_component_ref idref="oc-aa"/>
      </symbol>
      <symbol id="sm-7a9">
         <name>__extendsfdf2</name>
         <value>0x7c69</value>
         <object_component_ref idref="oc-aa"/>
      </symbol>
      <symbol id="sm-7af">
         <name>__aeabi_d2iz</name>
         <value>0x7811</value>
         <object_component_ref idref="oc-361"/>
      </symbol>
      <symbol id="sm-7b0">
         <name>__fixdfsi</name>
         <value>0x7811</value>
         <object_component_ref idref="oc-361"/>
      </symbol>
      <symbol id="sm-7b6">
         <name>__aeabi_f2iz</name>
         <value>0x7ff1</value>
         <object_component_ref idref="oc-126"/>
      </symbol>
      <symbol id="sm-7b7">
         <name>__fixsfsi</name>
         <value>0x7ff1</value>
         <object_component_ref idref="oc-126"/>
      </symbol>
      <symbol id="sm-7bd">
         <name>__aeabi_i2d</name>
         <value>0x8395</value>
         <object_component_ref idref="oc-369"/>
      </symbol>
      <symbol id="sm-7be">
         <name>__floatsidf</name>
         <value>0x8395</value>
         <object_component_ref idref="oc-369"/>
      </symbol>
      <symbol id="sm-7c4">
         <name>__aeabi_i2f</name>
         <value>0x7e1d</value>
         <object_component_ref idref="oc-f4"/>
      </symbol>
      <symbol id="sm-7c5">
         <name>__floatsisf</name>
         <value>0x7e1d</value>
         <object_component_ref idref="oc-f4"/>
      </symbol>
      <symbol id="sm-7cb">
         <name>__aeabi_ui2d</name>
         <value>0x863d</value>
         <object_component_ref idref="oc-300"/>
      </symbol>
      <symbol id="sm-7cc">
         <name>__floatunsidf</name>
         <value>0x863d</value>
         <object_component_ref idref="oc-300"/>
      </symbol>
      <symbol id="sm-7d2">
         <name>__aeabi_ui2f</name>
         <value>0x84e1</value>
         <object_component_ref idref="oc-17e"/>
      </symbol>
      <symbol id="sm-7d3">
         <name>__floatunsisf</name>
         <value>0x84e1</value>
         <object_component_ref idref="oc-17e"/>
      </symbol>
      <symbol id="sm-7d9">
         <name>__aeabi_lmul</name>
         <value>0x8661</value>
         <object_component_ref idref="oc-2e7"/>
      </symbol>
      <symbol id="sm-7da">
         <name>__muldi3</name>
         <value>0x8661</value>
         <object_component_ref idref="oc-2e7"/>
      </symbol>
      <symbol id="sm-7e1">
         <name>__aeabi_d2f</name>
         <value>0x6811</value>
         <object_component_ref idref="oc-2bb"/>
      </symbol>
      <symbol id="sm-7e2">
         <name>__truncdfsf2</name>
         <value>0x6811</value>
         <object_component_ref idref="oc-2bb"/>
      </symbol>
      <symbol id="sm-7e8">
         <name>__aeabi_dcmpeq</name>
         <value>0x6f11</value>
         <object_component_ref idref="oc-2f1"/>
      </symbol>
      <symbol id="sm-7e9">
         <name>__aeabi_dcmplt</name>
         <value>0x6f25</value>
         <object_component_ref idref="oc-2f1"/>
      </symbol>
      <symbol id="sm-7ea">
         <name>__aeabi_dcmple</name>
         <value>0x6f39</value>
         <object_component_ref idref="oc-2f1"/>
      </symbol>
      <symbol id="sm-7eb">
         <name>__aeabi_dcmpge</name>
         <value>0x6f4d</value>
         <object_component_ref idref="oc-2f1"/>
      </symbol>
      <symbol id="sm-7ec">
         <name>__aeabi_dcmpgt</name>
         <value>0x6f61</value>
         <object_component_ref idref="oc-2f1"/>
      </symbol>
      <symbol id="sm-7f2">
         <name>__aeabi_fcmpeq</name>
         <value>0x6f75</value>
         <object_component_ref idref="oc-11e"/>
      </symbol>
      <symbol id="sm-7f3">
         <name>__aeabi_fcmplt</name>
         <value>0x6f89</value>
         <object_component_ref idref="oc-11e"/>
      </symbol>
      <symbol id="sm-7f4">
         <name>__aeabi_fcmple</name>
         <value>0x6f9d</value>
         <object_component_ref idref="oc-11e"/>
      </symbol>
      <symbol id="sm-7f5">
         <name>__aeabi_fcmpge</name>
         <value>0x6fb1</value>
         <object_component_ref idref="oc-11e"/>
      </symbol>
      <symbol id="sm-7f6">
         <name>__aeabi_fcmpgt</name>
         <value>0x6fc5</value>
         <object_component_ref idref="oc-11e"/>
      </symbol>
      <symbol id="sm-7fc">
         <name>__aeabi_idiv</name>
         <value>0x74e9</value>
         <object_component_ref idref="oc-18e"/>
      </symbol>
      <symbol id="sm-7fd">
         <name>__aeabi_idivmod</name>
         <value>0x74e9</value>
         <object_component_ref idref="oc-18e"/>
      </symbol>
      <symbol id="sm-803">
         <name>__aeabi_memcpy</name>
         <value>0x903d</value>
         <object_component_ref idref="oc-54"/>
      </symbol>
      <symbol id="sm-804">
         <name>__aeabi_memcpy4</name>
         <value>0x903d</value>
         <object_component_ref idref="oc-54"/>
      </symbol>
      <symbol id="sm-805">
         <name>__aeabi_memcpy8</name>
         <value>0x903d</value>
         <object_component_ref idref="oc-54"/>
      </symbol>
      <symbol id="sm-80e">
         <name>__aeabi_memset</name>
         <value>0x8f25</value>
         <object_component_ref idref="oc-2d2"/>
      </symbol>
      <symbol id="sm-80f">
         <name>__aeabi_memset4</name>
         <value>0x8f25</value>
         <object_component_ref idref="oc-2d2"/>
      </symbol>
      <symbol id="sm-810">
         <name>__aeabi_memset8</name>
         <value>0x8f25</value>
         <object_component_ref idref="oc-2d2"/>
      </symbol>
      <symbol id="sm-811">
         <name>__aeabi_memclr</name>
         <value>0x8f91</value>
         <object_component_ref idref="oc-c9"/>
      </symbol>
      <symbol id="sm-812">
         <name>__aeabi_memclr4</name>
         <value>0x8f91</value>
         <object_component_ref idref="oc-c9"/>
      </symbol>
      <symbol id="sm-813">
         <name>__aeabi_memclr8</name>
         <value>0x8f91</value>
         <object_component_ref idref="oc-c9"/>
      </symbol>
      <symbol id="sm-819">
         <name>__aeabi_uidiv</name>
         <value>0x7c29</value>
         <object_component_ref idref="oc-18a"/>
      </symbol>
      <symbol id="sm-81a">
         <name>__aeabi_uidivmod</name>
         <value>0x7c29</value>
         <object_component_ref idref="oc-18a"/>
      </symbol>
      <symbol id="sm-820">
         <name>__aeabi_uldivmod</name>
         <value>0x8ded</value>
         <object_component_ref idref="oc-2ec"/>
      </symbol>
      <symbol id="sm-829">
         <name>__eqsf2</name>
         <value>0x7ed1</value>
         <object_component_ref idref="oc-193"/>
      </symbol>
      <symbol id="sm-82a">
         <name>__lesf2</name>
         <value>0x7ed1</value>
         <object_component_ref idref="oc-193"/>
      </symbol>
      <symbol id="sm-82b">
         <name>__ltsf2</name>
         <value>0x7ed1</value>
         <object_component_ref idref="oc-193"/>
      </symbol>
      <symbol id="sm-82c">
         <name>__nesf2</name>
         <value>0x7ed1</value>
         <object_component_ref idref="oc-193"/>
      </symbol>
      <symbol id="sm-82d">
         <name>__cmpsf2</name>
         <value>0x7ed1</value>
         <object_component_ref idref="oc-193"/>
      </symbol>
      <symbol id="sm-82e">
         <name>__gtsf2</name>
         <value>0x7e59</value>
         <object_component_ref idref="oc-198"/>
      </symbol>
      <symbol id="sm-82f">
         <name>__gesf2</name>
         <value>0x7e59</value>
         <object_component_ref idref="oc-198"/>
      </symbol>
      <symbol id="sm-835">
         <name>__udivmoddi4</name>
         <value>0x5cf1</value>
         <object_component_ref idref="oc-354"/>
      </symbol>
      <symbol id="sm-83b">
         <name>__aeabi_llsl</name>
         <value>0x8749</value>
         <object_component_ref idref="oc-39c"/>
      </symbol>
      <symbol id="sm-83c">
         <name>__ashldi3</name>
         <value>0x8749</value>
         <object_component_ref idref="oc-39c"/>
      </symbol>
      <symbol id="sm-84a">
         <name>__ledf2</name>
         <value>0x6b81</value>
         <object_component_ref idref="oc-372"/>
      </symbol>
      <symbol id="sm-84b">
         <name>__gedf2</name>
         <value>0x679d</value>
         <object_component_ref idref="oc-378"/>
      </symbol>
      <symbol id="sm-84c">
         <name>__cmpdf2</name>
         <value>0x6b81</value>
         <object_component_ref idref="oc-372"/>
      </symbol>
      <symbol id="sm-84d">
         <name>__eqdf2</name>
         <value>0x6b81</value>
         <object_component_ref idref="oc-372"/>
      </symbol>
      <symbol id="sm-84e">
         <name>__ltdf2</name>
         <value>0x6b81</value>
         <object_component_ref idref="oc-372"/>
      </symbol>
      <symbol id="sm-84f">
         <name>__nedf2</name>
         <value>0x6b81</value>
         <object_component_ref idref="oc-372"/>
      </symbol>
      <symbol id="sm-850">
         <name>__gtdf2</name>
         <value>0x679d</value>
         <object_component_ref idref="oc-378"/>
      </symbol>
      <symbol id="sm-85d">
         <name>__aeabi_idiv0</name>
         <value>0x2f4b</value>
         <object_component_ref idref="oc-208"/>
      </symbol>
      <symbol id="sm-85e">
         <name>__aeabi_ldiv0</name>
         <value>0x5d93</value>
         <object_component_ref idref="oc-39b"/>
      </symbol>
      <symbol id="sm-86c">
         <name>finddevice</name>
         <value>0x812d</value>
         <object_component_ref idref="oc-464"/>
      </symbol>
      <symbol id="sm-86d">
         <name>getdevice</name>
         <value>0x6aa9</value>
         <object_component_ref idref="oc-45b"/>
      </symbol>
      <symbol id="sm-876">
         <name>TI_memcpy_small</name>
         <value>0x8e6f</value>
         <object_component_ref idref="oc-138"/>
      </symbol>
      <symbol id="sm-87f">
         <name>TI_memset_small</name>
         <value>0x8f5d</value>
         <object_component_ref idref="oc-1af"/>
      </symbol>
      <symbol id="sm-880">
         <name>__TI_static_base__</name>
         <value>0x0</value>
      </symbol>
      <symbol id="sm-884">
         <name>__mpu_init</name>
         <value>0x0</value>
      </symbol>
      <symbol id="sm-885">
         <name>_system_post_cinit</name>
         <value>0x0</value>
      </symbol>
   </symbol_table>
   <title>Link successful</title>
</link_info>
