<?xml version="1.0" encoding="ISO-8859-1" ?>
<link_info>
   <banner>TI ARM Clang Linker PC v4.0.4.LTS</banner>
   <copyright>Copyright (c) 1996-2018 Texas Instruments Incorporated</copyright>
   <command_line>D:\TI\CCS\ccs\tools\compiler\ti-cgt-armllvm_4.0.4.LTS\bin\tiarmlnk -ID:\TI\CCS\ccs\tools\compiler\ti-cgt-armllvm_4.0.4.LTS\lib -o empty.out -mempty.map -iC:/TI/mspm0_sdk_2_10_00_04/source -iD:/STUDY/MSPM0G3507/Myworkspace/empty -iD:/STUDY/MSPM0G3507/Myworkspace/empty/Debug/syscfg -iD:/TI/CCS/ccs/tools/compiler/ti-cgt-armllvm_4.0.4.LTS/lib --diag_wrap=off --display_error_number --warn_sections --xml_link_info=empty_linkInfo.xml --rom_model ./empty.o ./ti_msp_dl_config.o ./startup_mspm0g350x_ticlang.o ./Hardware/AHRS.o ./Hardware/BlueSerial.o ./Hardware/F32C.o ./Hardware/Grayscale.o ./Hardware/HMC5883L.o ./Hardware/Key.o ./Hardware/MPU6050.o ./Hardware/Serial.o ./Hardware/inv_mpu.o ./Hardware/inv_mpu_dmp_motion_driver.o ./Hardware/mpu_port.o ./Hardware/oled.o ./Hardware/mpu6050/inv_mpu.o ./Hardware/mpu6050/inv_mpu_dmp_motion_driver.o ./Hardware/mpu6050/mpu_port.o ./Test/BlueSerial_Test.o ./Test/GY_87_Test.o ./Test/Gimbal_Test.o ./Test/Grayscale_Test.o ./Test/MPU6050_Test.o ./Test/OLED_LED_Test.o ./Test/Serial_Test.o ./Test/Timer_Key_Test.o ./system/Timer.o ./system/delay.o -l./device_linker.cmd -ldevice.cmd.genlibs -llibc.a --start-group -llibc++.a -llibc++abi.a -llibc.a -llibsys.a -llibsysbm.a -llibclang_rt.builtins.a -llibclang_rt.profile.a --end-group --cg_opt_level=0</command_line>
   <link_time>0x6a4b56e6</link_time>
   <link_errors>0x0</link_errors>
   <output_file>D:\STUDY\MSPM0G3507\Myworkspace\empty\Debug\empty.out</output_file>
   <entry_point>
      <name>_c_int00_noargs</name>
      <address>0x6ff1</address>
   </entry_point>
   <input_file_list>
      <input_file id="fl-1">
         <path>D:\STUDY\MSPM0G3507\Myworkspace\empty\Debug\.\</path>
         <kind>object</kind>
         <file>empty.o</file>
         <name>empty.o</name>
      </input_file>
      <input_file id="fl-2">
         <path>D:\STUDY\MSPM0G3507\Myworkspace\empty\Debug\.\</path>
         <kind>object</kind>
         <file>ti_msp_dl_config.o</file>
         <name>ti_msp_dl_config.o</name>
      </input_file>
      <input_file id="fl-3">
         <path>D:\STUDY\MSPM0G3507\Myworkspace\empty\Debug\.\</path>
         <kind>object</kind>
         <file>startup_mspm0g350x_ticlang.o</file>
         <name>startup_mspm0g350x_ticlang.o</name>
      </input_file>
      <input_file id="fl-4">
         <path>D:\STUDY\MSPM0G3507\Myworkspace\empty\Debug\.\Hardware\</path>
         <kind>object</kind>
         <file>AHRS.o</file>
         <name>AHRS.o</name>
      </input_file>
      <input_file id="fl-5">
         <path>D:\STUDY\MSPM0G3507\Myworkspace\empty\Debug\.\Hardware\</path>
         <kind>object</kind>
         <file>BlueSerial.o</file>
         <name>BlueSerial.o</name>
      </input_file>
      <input_file id="fl-6">
         <path>D:\STUDY\MSPM0G3507\Myworkspace\empty\Debug\.\Hardware\</path>
         <kind>object</kind>
         <file>F32C.o</file>
         <name>F32C.o</name>
      </input_file>
      <input_file id="fl-7">
         <path>D:\STUDY\MSPM0G3507\Myworkspace\empty\Debug\.\Hardware\</path>
         <kind>object</kind>
         <file>Grayscale.o</file>
         <name>Grayscale.o</name>
      </input_file>
      <input_file id="fl-8">
         <path>D:\STUDY\MSPM0G3507\Myworkspace\empty\Debug\.\Hardware\</path>
         <kind>object</kind>
         <file>HMC5883L.o</file>
         <name>HMC5883L.o</name>
      </input_file>
      <input_file id="fl-9">
         <path>D:\STUDY\MSPM0G3507\Myworkspace\empty\Debug\.\Hardware\</path>
         <kind>object</kind>
         <file>Key.o</file>
         <name>Key.o</name>
      </input_file>
      <input_file id="fl-a">
         <path>D:\STUDY\MSPM0G3507\Myworkspace\empty\Debug\.\Hardware\</path>
         <kind>object</kind>
         <file>MPU6050.o</file>
         <name>MPU6050.o</name>
      </input_file>
      <input_file id="fl-b">
         <path>D:\STUDY\MSPM0G3507\Myworkspace\empty\Debug\.\Hardware\</path>
         <kind>object</kind>
         <file>Serial.o</file>
         <name>Serial.o</name>
      </input_file>
      <input_file id="fl-c">
         <path>D:\STUDY\MSPM0G3507\Myworkspace\empty\Debug\.\Hardware\</path>
         <kind>object</kind>
         <file>inv_mpu.o</file>
         <name>inv_mpu.o</name>
      </input_file>
      <input_file id="fl-d">
         <path>D:\STUDY\MSPM0G3507\Myworkspace\empty\Debug\.\Hardware\</path>
         <kind>object</kind>
         <file>inv_mpu_dmp_motion_driver.o</file>
         <name>inv_mpu_dmp_motion_driver.o</name>
      </input_file>
      <input_file id="fl-e">
         <path>D:\STUDY\MSPM0G3507\Myworkspace\empty\Debug\.\Hardware\</path>
         <kind>object</kind>
         <file>mpu_port.o</file>
         <name>mpu_port.o</name>
      </input_file>
      <input_file id="fl-f">
         <path>D:\STUDY\MSPM0G3507\Myworkspace\empty\Debug\.\Hardware\</path>
         <kind>object</kind>
         <file>oled.o</file>
         <name>oled.o</name>
      </input_file>
      <input_file id="fl-10">
         <path>D:\STUDY\MSPM0G3507\Myworkspace\empty\Debug\.\Hardware\mpu6050\</path>
         <kind>object</kind>
         <file>inv_mpu.o</file>
         <name>inv_mpu.o</name>
      </input_file>
      <input_file id="fl-11">
         <path>D:\STUDY\MSPM0G3507\Myworkspace\empty\Debug\.\Hardware\mpu6050\</path>
         <kind>object</kind>
         <file>inv_mpu_dmp_motion_driver.o</file>
         <name>inv_mpu_dmp_motion_driver.o</name>
      </input_file>
      <input_file id="fl-12">
         <path>D:\STUDY\MSPM0G3507\Myworkspace\empty\Debug\.\Hardware\mpu6050\</path>
         <kind>object</kind>
         <file>mpu_port.o</file>
         <name>mpu_port.o</name>
      </input_file>
      <input_file id="fl-13">
         <path>D:\STUDY\MSPM0G3507\Myworkspace\empty\Debug\.\Test\</path>
         <kind>object</kind>
         <file>BlueSerial_Test.o</file>
         <name>BlueSerial_Test.o</name>
      </input_file>
      <input_file id="fl-14">
         <path>D:\STUDY\MSPM0G3507\Myworkspace\empty\Debug\.\Test\</path>
         <kind>object</kind>
         <file>GY_87_Test.o</file>
         <name>GY_87_Test.o</name>
      </input_file>
      <input_file id="fl-15">
         <path>D:\STUDY\MSPM0G3507\Myworkspace\empty\Debug\.\Test\</path>
         <kind>object</kind>
         <file>Gimbal_Test.o</file>
         <name>Gimbal_Test.o</name>
      </input_file>
      <input_file id="fl-16">
         <path>D:\STUDY\MSPM0G3507\Myworkspace\empty\Debug\.\Test\</path>
         <kind>object</kind>
         <file>Grayscale_Test.o</file>
         <name>Grayscale_Test.o</name>
      </input_file>
      <input_file id="fl-17">
         <path>D:\STUDY\MSPM0G3507\Myworkspace\empty\Debug\.\Test\</path>
         <kind>object</kind>
         <file>MPU6050_Test.o</file>
         <name>MPU6050_Test.o</name>
      </input_file>
      <input_file id="fl-18">
         <path>D:\STUDY\MSPM0G3507\Myworkspace\empty\Debug\.\Test\</path>
         <kind>object</kind>
         <file>OLED_LED_Test.o</file>
         <name>OLED_LED_Test.o</name>
      </input_file>
      <input_file id="fl-19">
         <path>D:\STUDY\MSPM0G3507\Myworkspace\empty\Debug\.\Test\</path>
         <kind>object</kind>
         <file>Serial_Test.o</file>
         <name>Serial_Test.o</name>
      </input_file>
      <input_file id="fl-1a">
         <path>D:\STUDY\MSPM0G3507\Myworkspace\empty\Debug\.\Test\</path>
         <kind>object</kind>
         <file>Timer_Key_Test.o</file>
         <name>Timer_Key_Test.o</name>
      </input_file>
      <input_file id="fl-1b">
         <path>D:\STUDY\MSPM0G3507\Myworkspace\empty\Debug\.\system\</path>
         <kind>object</kind>
         <file>Timer.o</file>
         <name>Timer.o</name>
      </input_file>
      <input_file id="fl-1c">
         <path>D:\STUDY\MSPM0G3507\Myworkspace\empty\Debug\.\system\</path>
         <kind>object</kind>
         <file>delay.o</file>
         <name>delay.o</name>
      </input_file>
      <input_file id="fl-29">
         <path>D:\STUDY\MSPM0G3507\Myworkspace\empty\Debug\</path>
         <kind>object</kind>
         <file>&lt;internal&gt;</file>
         <name>&lt;internal&gt;</name>
      </input_file>
      <input_file id="fl-2a">
         <path>C:\TI\mspm0_sdk_2_10_00_04\source\ti\driverlib\lib\ticlang\m0p\mspm0g1x0x_g3x0x\</path>
         <kind>archive</kind>
         <file>driverlib.a</file>
         <name>dl_common.o</name>
      </input_file>
      <input_file id="fl-2b">
         <path>C:\TI\mspm0_sdk_2_10_00_04\source\ti\driverlib\lib\ticlang\m0p\mspm0g1x0x_g3x0x\</path>
         <kind>archive</kind>
         <file>driverlib.a</file>
         <name>dl_i2c.o</name>
      </input_file>
      <input_file id="fl-2c">
         <path>C:\TI\mspm0_sdk_2_10_00_04\source\ti\driverlib\lib\ticlang\m0p\mspm0g1x0x_g3x0x\</path>
         <kind>archive</kind>
         <file>driverlib.a</file>
         <name>dl_timer.o</name>
      </input_file>
      <input_file id="fl-2d">
         <path>C:\TI\mspm0_sdk_2_10_00_04\source\ti\driverlib\lib\ticlang\m0p\mspm0g1x0x_g3x0x\</path>
         <kind>archive</kind>
         <file>driverlib.a</file>
         <name>dl_uart.o</name>
      </input_file>
      <input_file id="fl-2e">
         <path>C:\TI\mspm0_sdk_2_10_00_04\source\ti\driverlib\lib\ticlang\m0p\mspm0g1x0x_g3x0x\</path>
         <kind>archive</kind>
         <file>driverlib.a</file>
         <name>dl_sysctl_mspm0g1x0x_g3x0x.o</name>
      </input_file>
      <input_file id="fl-45">
         <path>D:\TI\CCS\ccs\tools\compiler\ti-cgt-armllvm_4.0.4.LTS\lib\armv6m-ti-none-eabi\c\</path>
         <kind>archive</kind>
         <file>libc.a</file>
         <name>e_asin.c.obj</name>
      </input_file>
      <input_file id="fl-46">
         <path>D:\TI\CCS\ccs\tools\compiler\ti-cgt-armllvm_4.0.4.LTS\lib\armv6m-ti-none-eabi\c\</path>
         <kind>archive</kind>
         <file>libc.a</file>
         <name>e_atan2.c.obj</name>
      </input_file>
      <input_file id="fl-47">
         <path>D:\TI\CCS\ccs\tools\compiler\ti-cgt-armllvm_4.0.4.LTS\lib\armv6m-ti-none-eabi\c\</path>
         <kind>archive</kind>
         <file>libc.a</file>
         <name>e_sqrt.c.obj</name>
      </input_file>
      <input_file id="fl-48">
         <path>D:\TI\CCS\ccs\tools\compiler\ti-cgt-armllvm_4.0.4.LTS\lib\armv6m-ti-none-eabi\c\</path>
         <kind>archive</kind>
         <file>libc.a</file>
         <name>s_atan.c.obj</name>
      </input_file>
      <input_file id="fl-49">
         <path>D:\TI\CCS\ccs\tools\compiler\ti-cgt-armllvm_4.0.4.LTS\lib\armv6m-ti-none-eabi\c\</path>
         <kind>archive</kind>
         <file>libc.a</file>
         <name>e_atan2f.c.obj</name>
      </input_file>
      <input_file id="fl-4a">
         <path>D:\TI\CCS\ccs\tools\compiler\ti-cgt-armllvm_4.0.4.LTS\lib\armv6m-ti-none-eabi\c\</path>
         <kind>archive</kind>
         <file>libc.a</file>
         <name>e_sqrtf.c.obj</name>
      </input_file>
      <input_file id="fl-4b">
         <path>D:\TI\CCS\ccs\tools\compiler\ti-cgt-armllvm_4.0.4.LTS\lib\armv6m-ti-none-eabi\c\</path>
         <kind>archive</kind>
         <file>libc.a</file>
         <name>s_atanf.c.obj</name>
      </input_file>
      <input_file id="fl-4c">
         <path>D:\TI\CCS\ccs\tools\compiler\ti-cgt-armllvm_4.0.4.LTS\lib\armv6m-ti-none-eabi\c\</path>
         <kind>archive</kind>
         <file>libc.a</file>
         <name>s_cosf.c.obj</name>
      </input_file>
      <input_file id="fl-4d">
         <path>D:\TI\CCS\ccs\tools\compiler\ti-cgt-armllvm_4.0.4.LTS\lib\armv6m-ti-none-eabi\c\</path>
         <kind>archive</kind>
         <file>libc.a</file>
         <name>s_sinf.c.obj</name>
      </input_file>
      <input_file id="fl-4e">
         <path>D:\TI\CCS\ccs\tools\compiler\ti-cgt-armllvm_4.0.4.LTS\lib\armv6m-ti-none-eabi\c\</path>
         <kind>archive</kind>
         <file>libc.a</file>
         <name>printf.c.obj</name>
      </input_file>
      <input_file id="fl-4f">
         <path>D:\TI\CCS\ccs\tools\compiler\ti-cgt-armllvm_4.0.4.LTS\lib\armv6m-ti-none-eabi\c\</path>
         <kind>archive</kind>
         <file>libc.a</file>
         <name>_printfi.c.obj</name>
      </input_file>
      <input_file id="fl-50">
         <path>D:\TI\CCS\ccs\tools\compiler\ti-cgt-armllvm_4.0.4.LTS\lib\armv6m-ti-none-eabi\c\</path>
         <kind>archive</kind>
         <file>libc.a</file>
         <name>vsnprintf.c.obj</name>
      </input_file>
      <input_file id="fl-51">
         <path>D:\TI\CCS\ccs\tools\compiler\ti-cgt-armllvm_4.0.4.LTS\lib\armv6m-ti-none-eabi\c\</path>
         <kind>archive</kind>
         <file>libc.a</file>
         <name>vsprintf.c.obj</name>
      </input_file>
      <input_file id="fl-52">
         <path>D:\TI\CCS\ccs\tools\compiler\ti-cgt-armllvm_4.0.4.LTS\lib\armv6m-ti-none-eabi\c\</path>
         <kind>archive</kind>
         <file>libc.a</file>
         <name>fputc.c.obj</name>
      </input_file>
      <input_file id="fl-53">
         <path>D:\TI\CCS\ccs\tools\compiler\ti-cgt-armllvm_4.0.4.LTS\lib\armv6m-ti-none-eabi\c\</path>
         <kind>archive</kind>
         <file>libc.a</file>
         <name>fputs.c.obj</name>
      </input_file>
      <input_file id="fl-54">
         <path>D:\TI\CCS\ccs\tools\compiler\ti-cgt-armllvm_4.0.4.LTS\lib\armv6m-ti-none-eabi\c\</path>
         <kind>archive</kind>
         <file>libc.a</file>
         <name>_io_perm.c.obj</name>
      </input_file>
      <input_file id="fl-55">
         <path>D:\TI\CCS\ccs\tools\compiler\ti-cgt-armllvm_4.0.4.LTS\lib\armv6m-ti-none-eabi\c\</path>
         <kind>archive</kind>
         <file>libc.a</file>
         <name>setvbuf.c.obj</name>
      </input_file>
      <input_file id="fl-56">
         <path>D:\TI\CCS\ccs\tools\compiler\ti-cgt-armllvm_4.0.4.LTS\lib\armv6m-ti-none-eabi\c\</path>
         <kind>archive</kind>
         <file>libc.a</file>
         <name>aeabi_portable.c.obj</name>
      </input_file>
      <input_file id="fl-57">
         <path>D:\TI\CCS\ccs\tools\compiler\ti-cgt-armllvm_4.0.4.LTS\lib\armv6m-ti-none-eabi\c\</path>
         <kind>archive</kind>
         <file>libc.a</file>
         <name>k_rem_pio2.c.obj</name>
      </input_file>
      <input_file id="fl-58">
         <path>D:\TI\CCS\ccs\tools\compiler\ti-cgt-armllvm_4.0.4.LTS\lib\armv6m-ti-none-eabi\c\</path>
         <kind>archive</kind>
         <file>libc.a</file>
         <name>exit.c.obj</name>
      </input_file>
      <input_file id="fl-59">
         <path>D:\TI\CCS\ccs\tools\compiler\ti-cgt-armllvm_4.0.4.LTS\lib\armv6m-ti-none-eabi\c\</path>
         <kind>archive</kind>
         <file>libc.a</file>
         <name>_lock.c.obj</name>
      </input_file>
      <input_file id="fl-5a">
         <path>D:\TI\CCS\ccs\tools\compiler\ti-cgt-armllvm_4.0.4.LTS\lib\armv6m-ti-none-eabi\c\</path>
         <kind>archive</kind>
         <file>libc.a</file>
         <name>_ltoa.c.obj</name>
      </input_file>
      <input_file id="fl-5b">
         <path>D:\TI\CCS\ccs\tools\compiler\ti-cgt-armllvm_4.0.4.LTS\lib\armv6m-ti-none-eabi\c\</path>
         <kind>archive</kind>
         <file>libc.a</file>
         <name>assert.c.obj</name>
      </input_file>
      <input_file id="fl-5c">
         <path>D:\TI\CCS\ccs\tools\compiler\ti-cgt-armllvm_4.0.4.LTS\lib\armv6m-ti-none-eabi\c\</path>
         <kind>archive</kind>
         <file>libc.a</file>
         <name>atoi.c.obj</name>
      </input_file>
      <input_file id="fl-5d">
         <path>D:\TI\CCS\ccs\tools\compiler\ti-cgt-armllvm_4.0.4.LTS\lib\armv6m-ti-none-eabi\c\</path>
         <kind>archive</kind>
         <file>libc.a</file>
         <name>defs.c.obj</name>
      </input_file>
      <input_file id="fl-5e">
         <path>D:\TI\CCS\ccs\tools\compiler\ti-cgt-armllvm_4.0.4.LTS\lib\armv6m-ti-none-eabi\c\</path>
         <kind>archive</kind>
         <file>libc.a</file>
         <name>memccpy.c.obj</name>
      </input_file>
      <input_file id="fl-5f">
         <path>D:\TI\CCS\ccs\tools\compiler\ti-cgt-armllvm_4.0.4.LTS\lib\armv6m-ti-none-eabi\c\</path>
         <kind>archive</kind>
         <file>libc.a</file>
         <name>memcmp.c.obj</name>
      </input_file>
      <input_file id="fl-60">
         <path>D:\TI\CCS\ccs\tools\compiler\ti-cgt-armllvm_4.0.4.LTS\lib\armv6m-ti-none-eabi\c\</path>
         <kind>archive</kind>
         <file>libc.a</file>
         <name>memory.c.obj</name>
      </input_file>
      <input_file id="fl-61">
         <path>D:\TI\CCS\ccs\tools\compiler\ti-cgt-armllvm_4.0.4.LTS\lib\armv6m-ti-none-eabi\c\</path>
         <kind>archive</kind>
         <file>libc.a</file>
         <name>boot_cortex_m.c.obj</name>
      </input_file>
      <input_file id="fl-62">
         <path>D:\TI\CCS\ccs\tools\compiler\ti-cgt-armllvm_4.0.4.LTS\lib\armv6m-ti-none-eabi\c\</path>
         <kind>archive</kind>
         <file>libc.a</file>
         <name>mathacl_init.c.obj</name>
      </input_file>
      <input_file id="fl-63">
         <path>D:\TI\CCS\ccs\tools\compiler\ti-cgt-armllvm_4.0.4.LTS\lib\armv6m-ti-none-eabi\c\</path>
         <kind>archive</kind>
         <file>libc.a</file>
         <name>autoinit.c.obj</name>
      </input_file>
      <input_file id="fl-64">
         <path>D:\TI\CCS\ccs\tools\compiler\ti-cgt-armllvm_4.0.4.LTS\lib\armv6m-ti-none-eabi\c\</path>
         <kind>archive</kind>
         <file>libc.a</file>
         <name>pre_init.c.obj</name>
      </input_file>
      <input_file id="fl-65">
         <path>D:\TI\CCS\ccs\tools\compiler\ti-cgt-armllvm_4.0.4.LTS\lib\armv6m-ti-none-eabi\c\</path>
         <kind>archive</kind>
         <file>libc.a</file>
         <name>cpy_tbl.c.obj</name>
      </input_file>
      <input_file id="fl-66">
         <path>D:\TI\CCS\ccs\tools\compiler\ti-cgt-armllvm_4.0.4.LTS\lib\armv6m-ti-none-eabi\c\</path>
         <kind>archive</kind>
         <file>libc.a</file>
         <name>copy_zero_init.c.obj</name>
      </input_file>
      <input_file id="fl-67">
         <path>D:\TI\CCS\ccs\tools\compiler\ti-cgt-armllvm_4.0.4.LTS\lib\armv6m-ti-none-eabi\c\</path>
         <kind>archive</kind>
         <file>libc.a</file>
         <name>copy_decompress_none.c.obj</name>
      </input_file>
      <input_file id="fl-68">
         <path>D:\TI\CCS\ccs\tools\compiler\ti-cgt-armllvm_4.0.4.LTS\lib\armv6m-ti-none-eabi\c\</path>
         <kind>archive</kind>
         <file>libc.a</file>
         <name>copy_decompress_lzss.c.obj</name>
      </input_file>
      <input_file id="fl-69">
         <path>D:\TI\CCS\ccs\tools\compiler\ti-cgt-armllvm_4.0.4.LTS\lib\armv6m-ti-none-eabi\c\</path>
         <kind>archive</kind>
         <file>libc.a</file>
         <name>s_floor.c.obj</name>
      </input_file>
      <input_file id="fl-6a">
         <path>D:\TI\CCS\ccs\tools\compiler\ti-cgt-armllvm_4.0.4.LTS\lib\armv6m-ti-none-eabi\c\</path>
         <kind>archive</kind>
         <file>libc.a</file>
         <name>s_frexp.c.obj</name>
      </input_file>
      <input_file id="fl-6b">
         <path>D:\TI\CCS\ccs\tools\compiler\ti-cgt-armllvm_4.0.4.LTS\lib\armv6m-ti-none-eabi\c\</path>
         <kind>archive</kind>
         <file>libc.a</file>
         <name>s_scalbn.c.obj</name>
      </input_file>
      <input_file id="fl-6c">
         <path>D:\TI\CCS\ccs\tools\compiler\ti-cgt-armllvm_4.0.4.LTS\lib\armv6m-ti-none-eabi\c\</path>
         <kind>archive</kind>
         <file>libc.a</file>
         <name>wcslen.c.obj</name>
      </input_file>
      <input_file id="fl-6d">
         <path>D:\TI\CCS\ccs\tools\compiler\ti-cgt-armllvm_4.0.4.LTS\lib\armv6m-ti-none-eabi\c\</path>
         <kind>archive</kind>
         <file>libc.a</file>
         <name>sprintf.c.obj</name>
      </input_file>
      <input_file id="fl-6e">
         <path>D:\TI\CCS\ccs\tools\compiler\ti-cgt-armllvm_4.0.4.LTS\lib\armv6m-ti-none-eabi\c\</path>
         <kind>archive</kind>
         <file>libc.a</file>
         <name>fflush.c.obj</name>
      </input_file>
      <input_file id="fl-6f">
         <path>D:\TI\CCS\ccs\tools\compiler\ti-cgt-armllvm_4.0.4.LTS\lib\armv6m-ti-none-eabi\c\</path>
         <kind>archive</kind>
         <file>libc.a</file>
         <name>fopen.c.obj</name>
      </input_file>
      <input_file id="fl-70">
         <path>D:\TI\CCS\ccs\tools\compiler\ti-cgt-armllvm_4.0.4.LTS\lib\armv6m-ti-none-eabi\c\</path>
         <kind>archive</kind>
         <file>libc.a</file>
         <name>fseek.c.obj</name>
      </input_file>
      <input_file id="fl-71">
         <path>D:\TI\CCS\ccs\tools\compiler\ti-cgt-armllvm_4.0.4.LTS\lib\armv6m-ti-none-eabi\c\</path>
         <kind>archive</kind>
         <file>libc.a</file>
         <name>aeabi_ctype.S.obj</name>
      </input_file>
      <input_file id="fl-72">
         <path>D:\TI\CCS\ccs\tools\compiler\ti-cgt-armllvm_4.0.4.LTS\lib\armv6m-ti-none-eabi\c\</path>
         <kind>archive</kind>
         <file>libc.a</file>
         <name>args_main.c.obj</name>
      </input_file>
      <input_file id="fl-73">
         <path>D:\TI\CCS\ccs\tools\compiler\ti-cgt-armllvm_4.0.4.LTS\lib\armv6m-ti-none-eabi\c\</path>
         <kind>archive</kind>
         <file>libc.a</file>
         <name>fclose.c.obj</name>
      </input_file>
      <input_file id="fl-113">
         <path>D:\TI\CCS\ccs\tools\compiler\ti-cgt-armllvm_4.0.4.LTS\lib\armv6m-ti-none-eabi\c\</path>
         <kind>archive</kind>
         <file>libsysbm.a</file>
         <name>hostexit.c.obj</name>
      </input_file>
      <input_file id="fl-114">
         <path>D:\TI\CCS\ccs\tools\compiler\ti-cgt-armllvm_4.0.4.LTS\lib\armv6m-ti-none-eabi\c\</path>
         <kind>archive</kind>
         <file>libsysbm.a</file>
         <name>write.c.obj</name>
      </input_file>
      <input_file id="fl-115">
         <path>D:\TI\CCS\ccs\tools\compiler\ti-cgt-armllvm_4.0.4.LTS\lib\armv6m-ti-none-eabi\c\</path>
         <kind>archive</kind>
         <file>libsysbm.a</file>
         <name>host_device.c.obj</name>
      </input_file>
      <input_file id="fl-116">
         <path>D:\TI\CCS\ccs\tools\compiler\ti-cgt-armllvm_4.0.4.LTS\lib\armv6m-ti-none-eabi\c\</path>
         <kind>archive</kind>
         <file>libsysbm.a</file>
         <name>remove.c.obj</name>
      </input_file>
      <input_file id="fl-117">
         <path>D:\TI\CCS\ccs\tools\compiler\ti-cgt-armllvm_4.0.4.LTS\lib\armv6m-ti-none-eabi\c\</path>
         <kind>archive</kind>
         <file>libsysbm.a</file>
         <name>open.c.obj</name>
      </input_file>
      <input_file id="fl-118">
         <path>D:\TI\CCS\ccs\tools\compiler\ti-cgt-armllvm_4.0.4.LTS\lib\armv6m-ti-none-eabi\c\</path>
         <kind>archive</kind>
         <file>libsysbm.a</file>
         <name>lseek.c.obj</name>
      </input_file>
      <input_file id="fl-119">
         <path>D:\TI\CCS\ccs\tools\compiler\ti-cgt-armllvm_4.0.4.LTS\lib\armv6m-ti-none-eabi\c\</path>
         <kind>archive</kind>
         <file>libsysbm.a</file>
         <name>close.c.obj</name>
      </input_file>
      <input_file id="fl-11a">
         <path>D:\TI\CCS\ccs\tools\compiler\ti-cgt-armllvm_4.0.4.LTS\lib\armv6m-ti-none-eabi\c\</path>
         <kind>archive</kind>
         <file>libsysbm.a</file>
         <name>unlink.c.obj</name>
      </input_file>
      <input_file id="fl-11b">
         <path>D:\TI\CCS\ccs\tools\compiler\ti-cgt-armllvm_4.0.4.LTS\lib\armv6m-ti-none-eabi\c\</path>
         <kind>archive</kind>
         <file>libsysbm.a</file>
         <name>hostclose.c.obj</name>
      </input_file>
      <input_file id="fl-11c">
         <path>D:\TI\CCS\ccs\tools\compiler\ti-cgt-armllvm_4.0.4.LTS\lib\armv6m-ti-none-eabi\c\</path>
         <kind>archive</kind>
         <file>libsysbm.a</file>
         <name>hostlseek.c.obj</name>
      </input_file>
      <input_file id="fl-11d">
         <path>D:\TI\CCS\ccs\tools\compiler\ti-cgt-armllvm_4.0.4.LTS\lib\armv6m-ti-none-eabi\c\</path>
         <kind>archive</kind>
         <file>libsysbm.a</file>
         <name>hostopen.c.obj</name>
      </input_file>
      <input_file id="fl-11e">
         <path>D:\TI\CCS\ccs\tools\compiler\ti-cgt-armllvm_4.0.4.LTS\lib\armv6m-ti-none-eabi\c\</path>
         <kind>archive</kind>
         <file>libsysbm.a</file>
         <name>hostread.c.obj</name>
      </input_file>
      <input_file id="fl-11f">
         <path>D:\TI\CCS\ccs\tools\compiler\ti-cgt-armllvm_4.0.4.LTS\lib\armv6m-ti-none-eabi\c\</path>
         <kind>archive</kind>
         <file>libsysbm.a</file>
         <name>hostrename.c.obj</name>
      </input_file>
      <input_file id="fl-120">
         <path>D:\TI\CCS\ccs\tools\compiler\ti-cgt-armllvm_4.0.4.LTS\lib\armv6m-ti-none-eabi\c\</path>
         <kind>archive</kind>
         <file>libsysbm.a</file>
         <name>hostunlink.c.obj</name>
      </input_file>
      <input_file id="fl-121">
         <path>D:\TI\CCS\ccs\tools\compiler\ti-cgt-armllvm_4.0.4.LTS\lib\armv6m-ti-none-eabi\c\</path>
         <kind>archive</kind>
         <file>libsysbm.a</file>
         <name>hostwrite.c.obj</name>
      </input_file>
      <input_file id="fl-122">
         <path>D:\TI\CCS\ccs\tools\compiler\ti-cgt-armllvm_4.0.4.LTS\lib\armv6m-ti-none-eabi\c\</path>
         <kind>archive</kind>
         <file>libsysbm.a</file>
         <name>trgmsg.c.obj</name>
      </input_file>
      <input_file id="fl-123">
         <path>D:\TI\CCS\ccs\tools\compiler\ti-cgt-armllvm_4.0.4.LTS\lib\armv6m-ti-none-eabi\</path>
         <kind>archive</kind>
         <file>libclang_rt.builtins.a</file>
         <name>addsf3.S.obj</name>
      </input_file>
      <input_file id="fl-124">
         <path>D:\TI\CCS\ccs\tools\compiler\ti-cgt-armllvm_4.0.4.LTS\lib\armv6m-ti-none-eabi\</path>
         <kind>archive</kind>
         <file>libclang_rt.builtins.a</file>
         <name>adddf3.S.obj</name>
      </input_file>
      <input_file id="fl-125">
         <path>D:\TI\CCS\ccs\tools\compiler\ti-cgt-armllvm_4.0.4.LTS\lib\armv6m-ti-none-eabi\</path>
         <kind>archive</kind>
         <file>libclang_rt.builtins.a</file>
         <name>muldf3.S.obj</name>
      </input_file>
      <input_file id="fl-126">
         <path>D:\TI\CCS\ccs\tools\compiler\ti-cgt-armllvm_4.0.4.LTS\lib\armv6m-ti-none-eabi\</path>
         <kind>archive</kind>
         <file>libclang_rt.builtins.a</file>
         <name>muldsi3.S.obj</name>
      </input_file>
      <input_file id="fl-127">
         <path>D:\TI\CCS\ccs\tools\compiler\ti-cgt-armllvm_4.0.4.LTS\lib\armv6m-ti-none-eabi\</path>
         <kind>archive</kind>
         <file>libclang_rt.builtins.a</file>
         <name>mulsf3.S.obj</name>
      </input_file>
      <input_file id="fl-128">
         <path>D:\TI\CCS\ccs\tools\compiler\ti-cgt-armllvm_4.0.4.LTS\lib\armv6m-ti-none-eabi\</path>
         <kind>archive</kind>
         <file>libclang_rt.builtins.a</file>
         <name>divsf3.S.obj</name>
      </input_file>
      <input_file id="fl-129">
         <path>D:\TI\CCS\ccs\tools\compiler\ti-cgt-armllvm_4.0.4.LTS\lib\armv6m-ti-none-eabi\</path>
         <kind>archive</kind>
         <file>libclang_rt.builtins.a</file>
         <name>divdf3.S.obj</name>
      </input_file>
      <input_file id="fl-12a">
         <path>D:\TI\CCS\ccs\tools\compiler\ti-cgt-armllvm_4.0.4.LTS\lib\armv6m-ti-none-eabi\</path>
         <kind>archive</kind>
         <file>libclang_rt.builtins.a</file>
         <name>extendsfdf2.S.obj</name>
      </input_file>
      <input_file id="fl-12b">
         <path>D:\TI\CCS\ccs\tools\compiler\ti-cgt-armllvm_4.0.4.LTS\lib\armv6m-ti-none-eabi\</path>
         <kind>archive</kind>
         <file>libclang_rt.builtins.a</file>
         <name>fixdfsi.S.obj</name>
      </input_file>
      <input_file id="fl-12c">
         <path>D:\TI\CCS\ccs\tools\compiler\ti-cgt-armllvm_4.0.4.LTS\lib\armv6m-ti-none-eabi\</path>
         <kind>archive</kind>
         <file>libclang_rt.builtins.a</file>
         <name>fixsfsi.S.obj</name>
      </input_file>
      <input_file id="fl-12d">
         <path>D:\TI\CCS\ccs\tools\compiler\ti-cgt-armllvm_4.0.4.LTS\lib\armv6m-ti-none-eabi\</path>
         <kind>archive</kind>
         <file>libclang_rt.builtins.a</file>
         <name>fixunsdfsi.S.obj</name>
      </input_file>
      <input_file id="fl-12e">
         <path>D:\TI\CCS\ccs\tools\compiler\ti-cgt-armllvm_4.0.4.LTS\lib\armv6m-ti-none-eabi\</path>
         <kind>archive</kind>
         <file>libclang_rt.builtins.a</file>
         <name>floatsidf.S.obj</name>
      </input_file>
      <input_file id="fl-12f">
         <path>D:\TI\CCS\ccs\tools\compiler\ti-cgt-armllvm_4.0.4.LTS\lib\armv6m-ti-none-eabi\</path>
         <kind>archive</kind>
         <file>libclang_rt.builtins.a</file>
         <name>floatsisf.S.obj</name>
      </input_file>
      <input_file id="fl-130">
         <path>D:\TI\CCS\ccs\tools\compiler\ti-cgt-armllvm_4.0.4.LTS\lib\armv6m-ti-none-eabi\</path>
         <kind>archive</kind>
         <file>libclang_rt.builtins.a</file>
         <name>floatunsidf.S.obj</name>
      </input_file>
      <input_file id="fl-131">
         <path>D:\TI\CCS\ccs\tools\compiler\ti-cgt-armllvm_4.0.4.LTS\lib\armv6m-ti-none-eabi\</path>
         <kind>archive</kind>
         <file>libclang_rt.builtins.a</file>
         <name>floatunsisf.S.obj</name>
      </input_file>
      <input_file id="fl-132">
         <path>D:\TI\CCS\ccs\tools\compiler\ti-cgt-armllvm_4.0.4.LTS\lib\armv6m-ti-none-eabi\</path>
         <kind>archive</kind>
         <file>libclang_rt.builtins.a</file>
         <name>muldi3.S.obj</name>
      </input_file>
      <input_file id="fl-133">
         <path>D:\TI\CCS\ccs\tools\compiler\ti-cgt-armllvm_4.0.4.LTS\lib\armv6m-ti-none-eabi\</path>
         <kind>archive</kind>
         <file>libclang_rt.builtins.a</file>
         <name>truncdfsf2.S.obj</name>
      </input_file>
      <input_file id="fl-134">
         <path>D:\TI\CCS\ccs\tools\compiler\ti-cgt-armllvm_4.0.4.LTS\lib\armv6m-ti-none-eabi\</path>
         <kind>archive</kind>
         <file>libclang_rt.builtins.a</file>
         <name>aeabi_dcmp.S.obj</name>
      </input_file>
      <input_file id="fl-135">
         <path>D:\TI\CCS\ccs\tools\compiler\ti-cgt-armllvm_4.0.4.LTS\lib\armv6m-ti-none-eabi\</path>
         <kind>archive</kind>
         <file>libclang_rt.builtins.a</file>
         <name>aeabi_fcmp.S.obj</name>
      </input_file>
      <input_file id="fl-136">
         <path>D:\TI\CCS\ccs\tools\compiler\ti-cgt-armllvm_4.0.4.LTS\lib\armv6m-ti-none-eabi\</path>
         <kind>archive</kind>
         <file>libclang_rt.builtins.a</file>
         <name>aeabi_idivmod.S.obj</name>
      </input_file>
      <input_file id="fl-137">
         <path>D:\TI\CCS\ccs\tools\compiler\ti-cgt-armllvm_4.0.4.LTS\lib\armv6m-ti-none-eabi\</path>
         <kind>archive</kind>
         <file>libclang_rt.builtins.a</file>
         <name>aeabi_ldivmod.S.obj</name>
      </input_file>
      <input_file id="fl-138">
         <path>D:\TI\CCS\ccs\tools\compiler\ti-cgt-armllvm_4.0.4.LTS\lib\armv6m-ti-none-eabi\</path>
         <kind>archive</kind>
         <file>libclang_rt.builtins.a</file>
         <name>aeabi_memcpy.S.obj</name>
      </input_file>
      <input_file id="fl-139">
         <path>D:\TI\CCS\ccs\tools\compiler\ti-cgt-armllvm_4.0.4.LTS\lib\armv6m-ti-none-eabi\</path>
         <kind>archive</kind>
         <file>libclang_rt.builtins.a</file>
         <name>aeabi_memset.S.obj</name>
      </input_file>
      <input_file id="fl-13a">
         <path>D:\TI\CCS\ccs\tools\compiler\ti-cgt-armllvm_4.0.4.LTS\lib\armv6m-ti-none-eabi\</path>
         <kind>archive</kind>
         <file>libclang_rt.builtins.a</file>
         <name>aeabi_uidivmod.S.obj</name>
      </input_file>
      <input_file id="fl-13b">
         <path>D:\TI\CCS\ccs\tools\compiler\ti-cgt-armllvm_4.0.4.LTS\lib\armv6m-ti-none-eabi\</path>
         <kind>archive</kind>
         <file>libclang_rt.builtins.a</file>
         <name>aeabi_uldivmod.S.obj</name>
      </input_file>
      <input_file id="fl-13c">
         <path>D:\TI\CCS\ccs\tools\compiler\ti-cgt-armllvm_4.0.4.LTS\lib\armv6m-ti-none-eabi\</path>
         <kind>archive</kind>
         <file>libclang_rt.builtins.a</file>
         <name>comparesf2.S.obj</name>
      </input_file>
      <input_file id="fl-13d">
         <path>D:\TI\CCS\ccs\tools\compiler\ti-cgt-armllvm_4.0.4.LTS\lib\armv6m-ti-none-eabi\</path>
         <kind>archive</kind>
         <file>libclang_rt.builtins.a</file>
         <name>udivmoddi4.S.obj</name>
      </input_file>
      <input_file id="fl-13e">
         <path>D:\TI\CCS\ccs\tools\compiler\ti-cgt-armllvm_4.0.4.LTS\lib\armv6m-ti-none-eabi\</path>
         <kind>archive</kind>
         <file>libclang_rt.builtins.a</file>
         <name>ashldi3.S.obj</name>
      </input_file>
      <input_file id="fl-13f">
         <path>D:\TI\CCS\ccs\tools\compiler\ti-cgt-armllvm_4.0.4.LTS\lib\armv6m-ti-none-eabi\</path>
         <kind>archive</kind>
         <file>libclang_rt.builtins.a</file>
         <name>comparedf2.c.obj</name>
      </input_file>
      <input_file id="fl-140">
         <path>D:\TI\CCS\ccs\tools\compiler\ti-cgt-armllvm_4.0.4.LTS\lib\armv6m-ti-none-eabi\</path>
         <kind>archive</kind>
         <file>libclang_rt.builtins.a</file>
         <name>divmoddi4.c.obj</name>
      </input_file>
      <input_file id="fl-141">
         <path>D:\TI\CCS\ccs\tools\compiler\ti-cgt-armllvm_4.0.4.LTS\lib\armv6m-ti-none-eabi\</path>
         <kind>archive</kind>
         <file>libclang_rt.builtins.a</file>
         <name>aeabi_div0.c.obj</name>
      </input_file>
      <input_file id="fl-142">
         <path>D:\TI\CCS\ccs\tools\compiler\ti-cgt-armllvm_4.0.4.LTS\lib\armv6m-ti-none-eabi\c\</path>
         <kind>archive</kind>
         <file>libc.a</file>
         <name>getdevice.c.obj</name>
      </input_file>
      <input_file id="fl-143">
         <path>D:\TI\CCS\ccs\tools\compiler\ti-cgt-armllvm_4.0.4.LTS\lib\armv6m-ti-none-eabi\c\</path>
         <kind>archive</kind>
         <file>libc.a</file>
         <name>memcpy16.S.obj</name>
      </input_file>
      <input_file id="fl-144">
         <path>D:\TI\CCS\ccs\tools\compiler\ti-cgt-armllvm_4.0.4.LTS\lib\armv6m-ti-none-eabi\c\</path>
         <kind>archive</kind>
         <file>libc.a</file>
         <name>memset16.S.obj</name>
      </input_file>
      <input_file id="fl-145">
         <path>D:\TI\CCS\ccs\tools\compiler\ti-cgt-armllvm_4.0.4.LTS\lib\armv6m-ti-none-eabi\c\</path>
         <kind>archive</kind>
         <file>libc.a</file>
         <name>strcmp-armv6m.S.obj</name>
      </input_file>
   </input_file_list>
   <object_component_list>
      <object_component id="oc-18">
         <name>.intvecs</name>
         <load_address>0x0</load_address>
         <readonly>true</readonly>
         <run_address>0x0</run_address>
         <size>0xc0</size>
         <alignment>0x4</alignment>
         <input_file_ref idref="fl-3"/>
      </object_component>
      <object_component id="oc-258">
         <name>.text:__TI_printfi</name>
         <load_address>0xc0</load_address>
         <readonly>true</readonly>
         <executable>true</executable>
         <run_address>0xc0</run_address>
         <size>0x9d0</size>
         <alignment>0x4</alignment>
         <input_file_ref idref="fl-4f"/>
      </object_component>
      <object_component id="oc-13e">
         <name>.text.asin</name>
         <load_address>0xa90</load_address>
         <readonly>true</readonly>
         <executable>true</executable>
         <run_address>0xa90</run_address>
         <size>0x364</size>
         <alignment>0x4</alignment>
         <input_file_ref idref="fl-45"/>
      </object_component>
      <object_component id="oc-223">
         <name>.text.atan</name>
         <load_address>0xdf4</load_address>
         <readonly>true</readonly>
         <executable>true</executable>
         <run_address>0xdf4</run_address>
         <size>0x2f8</size>
         <alignment>0x4</alignment>
         <input_file_ref idref="fl-48"/>
      </object_component>
      <object_component id="oc-8b">
         <name>.text.main</name>
         <load_address>0x10ec</load_address>
         <readonly>true</readonly>
         <executable>true</executable>
         <run_address>0x10ec</run_address>
         <size>0x2b0</size>
         <alignment>0x4</alignment>
         <input_file_ref idref="fl-17"/>
      </object_component>
      <object_component id="oc-131">
         <name>.text.dmp_enable_feature</name>
         <load_address>0x139c</load_address>
         <readonly>true</readonly>
         <executable>true</executable>
         <run_address>0x139c</run_address>
         <size>0x278</size>
         <alignment>0x4</alignment>
         <input_file_ref idref="fl-11"/>
      </object_component>
      <object_component id="oc-1f6">
         <name>.text.dmp_set_tap_thresh</name>
         <load_address>0x1614</load_address>
         <readonly>true</readonly>
         <executable>true</executable>
         <run_address>0x1614</run_address>
         <size>0x238</size>
         <alignment>0x4</alignment>
         <input_file_ref idref="fl-11"/>
      </object_component>
      <object_component id="oc-1e8">
         <name>.text.mpu_reset_fifo</name>
         <load_address>0x184c</load_address>
         <readonly>true</readonly>
         <executable>true</executable>
         <run_address>0x184c</run_address>
         <size>0x22c</size>
         <alignment>0x4</alignment>
         <input_file_ref idref="fl-10"/>
      </object_component>
      <object_component id="oc-2b5">
         <name>.text._pconv_a</name>
         <load_address>0x1a78</load_address>
         <readonly>true</readonly>
         <executable>true</executable>
         <run_address>0x1a78</run_address>
         <size>0x220</size>
         <alignment>0x4</alignment>
         <input_file_ref idref="fl-4f"/>
      </object_component>
      <object_component id="oc-122">
         <name>.text.mpu_init</name>
         <load_address>0x1c98</load_address>
         <readonly>true</readonly>
         <executable>true</executable>
         <run_address>0x1c98</run_address>
         <size>0x214</size>
         <alignment>0x4</alignment>
         <input_file_ref idref="fl-10"/>
      </object_component>
      <object_component id="oc-bf">
         <name>.text.DMP_Read_Data</name>
         <load_address>0x1eac</load_address>
         <readonly>true</readonly>
         <executable>true</executable>
         <run_address>0x1eac</run_address>
         <size>0x1f8</size>
         <alignment>0x4</alignment>
         <input_file_ref idref="fl-12"/>
      </object_component>
      <object_component id="oc-135">
         <name>.text.dmp_read_fifo</name>
         <load_address>0x20a4</load_address>
         <readonly>true</readonly>
         <executable>true</executable>
         <run_address>0x20a4</run_address>
         <size>0x1f4</size>
         <alignment>0x4</alignment>
         <input_file_ref idref="fl-11"/>
      </object_component>
      <object_component id="oc-2b6">
         <name>.text._pconv_g</name>
         <load_address>0x2298</load_address>
         <readonly>true</readonly>
         <executable>true</executable>
         <run_address>0x2298</run_address>
         <size>0x1dc</size>
         <alignment>0x4</alignment>
         <input_file_ref idref="fl-4f"/>
      </object_component>
      <object_component id="oc-1df">
         <name>.text.mpu_set_bypass</name>
         <load_address>0x2474</load_address>
         <readonly>true</readonly>
         <executable>true</executable>
         <run_address>0x2474</run_address>
         <size>0x1a0</size>
         <alignment>0x4</alignment>
         <input_file_ref idref="fl-10"/>
      </object_component>
      <object_component id="oc-20a">
         <name>.text.adddf3_subdf3</name>
         <load_address>0x2614</load_address>
         <readonly>true</readonly>
         <executable>true</executable>
         <run_address>0x2614</run_address>
         <size>0x192</size>
         <alignment>0x4</alignment>
         <input_file_ref idref="fl-124"/>
      </object_component>
      <object_component id="oc-26d">
         <name>.text.__aeabi_idiv0</name>
         <load_address>0x27a6</load_address>
         <readonly>true</readonly>
         <executable>true</executable>
         <run_address>0x27a6</run_address>
         <size>0x2</size>
         <alignment>0x2</alignment>
         <input_file_ref idref="fl-141"/>
      </object_component>
      <object_component id="oc-1d5">
         <name>.text.MPU_Read_Len</name>
         <load_address>0x27a8</load_address>
         <readonly>true</readonly>
         <executable>true</executable>
         <run_address>0x27a8</run_address>
         <size>0x190</size>
         <alignment>0x4</alignment>
         <input_file_ref idref="fl-12"/>
      </object_component>
      <object_component id="oc-14c">
         <name>.text.atan2</name>
         <load_address>0x2938</load_address>
         <readonly>true</readonly>
         <executable>true</executable>
         <run_address>0x2938</run_address>
         <size>0x188</size>
         <alignment>0x4</alignment>
         <input_file_ref idref="fl-46"/>
      </object_component>
      <object_component id="oc-130">
         <name>.text.dmp_set_orientation</name>
         <load_address>0x2ac0</load_address>
         <readonly>true</readonly>
         <executable>true</executable>
         <run_address>0x2ac0</run_address>
         <size>0x178</size>
         <alignment>0x4</alignment>
         <input_file_ref idref="fl-11"/>
      </object_component>
      <object_component id="oc-106">
         <name>.text.SYSCFG_DL_GPIO_init</name>
         <load_address>0x2c38</load_address>
         <readonly>true</readonly>
         <executable>true</executable>
         <run_address>0x2c38</run_address>
         <size>0x170</size>
         <alignment>0x4</alignment>
         <input_file_ref idref="fl-2"/>
      </object_component>
      <object_component id="oc-214">
         <name>.text.sqrt</name>
         <load_address>0x2da8</load_address>
         <readonly>true</readonly>
         <executable>true</executable>
         <run_address>0x2da8</run_address>
         <size>0x170</size>
         <alignment>0x4</alignment>
         <input_file_ref idref="fl-47"/>
      </object_component>
      <object_component id="oc-1d0">
         <name>.text.OLED_ShowChar</name>
         <load_address>0x2f18</load_address>
         <readonly>true</readonly>
         <executable>true</executable>
         <run_address>0x2f18</run_address>
         <size>0x158</size>
         <alignment>0x4</alignment>
         <input_file_ref idref="fl-f"/>
      </object_component>
      <object_component id="oc-2fc">
         <name>.text.fcvt</name>
         <load_address>0x3070</load_address>
         <readonly>true</readonly>
         <executable>true</executable>
         <run_address>0x3070</run_address>
         <size>0x13c</size>
         <alignment>0x4</alignment>
         <input_file_ref idref="fl-4f"/>
      </object_component>
      <object_component id="oc-127">
         <name>.text.mpu_set_sensors</name>
         <load_address>0x31ac</load_address>
         <readonly>true</readonly>
         <executable>true</executable>
         <run_address>0x31ac</run_address>
         <size>0x130</size>
         <alignment>0x4</alignment>
         <input_file_ref idref="fl-10"/>
      </object_component>
      <object_component id="oc-1ee">
         <name>.text.mpu_load_firmware</name>
         <load_address>0x32dc</load_address>
         <readonly>true</readonly>
         <executable>true</executable>
         <run_address>0x32dc</run_address>
         <size>0x124</size>
         <alignment>0x4</alignment>
         <input_file_ref idref="fl-10"/>
      </object_component>
      <object_component id="oc-2b8">
         <name>.text._pconv_e</name>
         <load_address>0x3400</load_address>
         <readonly>true</readonly>
         <executable>true</executable>
         <run_address>0x3400</run_address>
         <size>0x120</size>
         <alignment>0x4</alignment>
         <input_file_ref idref="fl-4f"/>
      </object_component>
      <object_component id="oc-1d4">
         <name>.text.MPU_Write_Len</name>
         <load_address>0x3520</load_address>
         <readonly>true</readonly>
         <executable>true</executable>
         <run_address>0x3520</run_address>
         <size>0x11c</size>
         <alignment>0x4</alignment>
         <input_file_ref idref="fl-12"/>
      </object_component>
      <object_component id="oc-358">
         <name>.text.aligned_alloc</name>
         <load_address>0x363c</load_address>
         <readonly>true</readonly>
         <executable>true</executable>
         <run_address>0x363c</run_address>
         <size>0x114</size>
         <alignment>0x4</alignment>
         <input_file_ref idref="fl-60"/>
      </object_component>
      <object_component id="oc-1e9">
         <name>.text.mpu_lp_accel_mode</name>
         <load_address>0x3750</load_address>
         <readonly>true</readonly>
         <executable>true</executable>
         <run_address>0x3750</run_address>
         <size>0x110</size>
         <alignment>0x4</alignment>
         <input_file_ref idref="fl-10"/>
      </object_component>
      <object_component id="oc-21b">
         <name>.text.__divdf3</name>
         <load_address>0x3860</load_address>
         <readonly>true</readonly>
         <executable>true</executable>
         <run_address>0x3860</run_address>
         <size>0x10c</size>
         <alignment>0x4</alignment>
         <input_file_ref idref="fl-129"/>
      </object_component>
      <object_component id="oc-200">
         <name>.text.mpu_read_fifo_stream</name>
         <load_address>0x396c</load_address>
         <readonly>true</readonly>
         <executable>true</executable>
         <run_address>0x396c</run_address>
         <size>0x108</size>
         <alignment>0x4</alignment>
         <input_file_ref idref="fl-10"/>
      </object_component>
      <object_component id="oc-1a2">
         <name>.text.DL_Timer_initTimerMode</name>
         <load_address>0x3a74</load_address>
         <readonly>true</readonly>
         <executable>true</executable>
         <run_address>0x3a74</run_address>
         <size>0xfc</size>
         <alignment>0x4</alignment>
         <input_file_ref idref="fl-2c"/>
      </object_component>
      <object_component id="oc-b4">
         <name>.text.OLED_Init</name>
         <load_address>0x3b70</load_address>
         <readonly>true</readonly>
         <executable>true</executable>
         <run_address>0x3b70</run_address>
         <size>0xf8</size>
         <alignment>0x2</alignment>
         <input_file_ref idref="fl-f"/>
      </object_component>
      <object_component id="oc-2bd">
         <name>.text.fputs</name>
         <load_address>0x3c68</load_address>
         <readonly>true</readonly>
         <executable>true</executable>
         <run_address>0x3c68</run_address>
         <size>0xf8</size>
         <alignment>0x4</alignment>
         <input_file_ref idref="fl-53"/>
      </object_component>
      <object_component id="oc-129">
         <name>.text.mpu_set_sample_rate</name>
         <load_address>0x3d60</load_address>
         <readonly>true</readonly>
         <executable>true</executable>
         <run_address>0x3d60</run_address>
         <size>0xec</size>
         <alignment>0x4</alignment>
         <input_file_ref idref="fl-10"/>
      </object_component>
      <object_component id="oc-196">
         <name>.text.SYSCFG_DL_SYSCTL_SYSPLL_init</name>
         <load_address>0x3e4c</load_address>
         <readonly>true</readonly>
         <executable>true</executable>
         <run_address>0x3e4c</run_address>
         <size>0xe8</size>
         <alignment>0x4</alignment>
         <input_file_ref idref="fl-2"/>
      </object_component>
      <object_component id="oc-33a">
         <name>.text.free</name>
         <load_address>0x3f34</load_address>
         <readonly>true</readonly>
         <executable>true</executable>
         <run_address>0x3f34</run_address>
         <size>0xe8</size>
         <alignment>0x4</alignment>
         <input_file_ref idref="fl-60"/>
      </object_component>
      <object_component id="oc-144">
         <name>.text.__muldf3</name>
         <load_address>0x401c</load_address>
         <readonly>true</readonly>
         <executable>true</executable>
         <run_address>0x401c</run_address>
         <size>0xe4</size>
         <alignment>0x4</alignment>
         <input_file_ref idref="fl-125"/>
      </object_component>
      <object_component id="oc-1dd">
         <name>.text.mpu_set_accel_fsr</name>
         <load_address>0x4100</load_address>
         <readonly>true</readonly>
         <executable>true</executable>
         <run_address>0x4100</run_address>
         <size>0xe4</size>
         <alignment>0x4</alignment>
         <input_file_ref idref="fl-10"/>
      </object_component>
      <object_component id="oc-329">
         <name>.text.setvbuf</name>
         <load_address>0x41e4</load_address>
         <readonly>true</readonly>
         <executable>true</executable>
         <run_address>0x41e4</run_address>
         <size>0xe0</size>
         <alignment>0x4</alignment>
         <input_file_ref idref="fl-55"/>
      </object_component>
      <object_component id="oc-195">
         <name>.text.DL_SYSCTL_configSYSPLL</name>
         <load_address>0x42c4</load_address>
         <readonly>true</readonly>
         <executable>true</executable>
         <run_address>0x42c4</run_address>
         <size>0xdc</size>
         <alignment>0x4</alignment>
         <input_file_ref idref="fl-2e"/>
      </object_component>
      <object_component id="oc-2e7">
         <name>.text.scalbn</name>
         <load_address>0x43a0</load_address>
         <readonly>true</readonly>
         <executable>true</executable>
         <run_address>0x43a0</run_address>
         <size>0xd8</size>
         <alignment>0x4</alignment>
         <input_file_ref idref="fl-6b"/>
      </object_component>
      <object_component id="oc-c0">
         <name>.text</name>
         <load_address>0x4478</load_address>
         <readonly>true</readonly>
         <executable>true</executable>
         <run_address>0x4478</run_address>
         <size>0xd8</size>
         <alignment>0x4</alignment>
         <input_file_ref idref="fl-123"/>
      </object_component>
      <object_component id="oc-1e7">
         <name>.text.set_int_enable</name>
         <load_address>0x4550</load_address>
         <readonly>true</readonly>
         <executable>true</executable>
         <run_address>0x4550</run_address>
         <size>0xd4</size>
         <alignment>0x4</alignment>
         <input_file_ref idref="fl-10"/>
      </object_component>
      <object_component id="oc-1de">
         <name>.text.mpu_set_lpf</name>
         <load_address>0x4624</load_address>
         <readonly>true</readonly>
         <executable>true</executable>
         <run_address>0x4624</run_address>
         <size>0xd0</size>
         <alignment>0x4</alignment>
         <input_file_ref idref="fl-10"/>
      </object_component>
      <object_component id="oc-1dc">
         <name>.text.mpu_set_gyro_fsr</name>
         <load_address>0x46f4</load_address>
         <readonly>true</readonly>
         <executable>true</executable>
         <run_address>0x46f4</run_address>
         <size>0xc4</size>
         <alignment>0x4</alignment>
         <input_file_ref idref="fl-10"/>
      </object_component>
      <object_component id="oc-128">
         <name>.text.mpu_configure_fifo</name>
         <load_address>0x47b8</load_address>
         <readonly>true</readonly>
         <executable>true</executable>
         <run_address>0x47b8</run_address>
         <size>0xbc</size>
         <alignment>0x4</alignment>
         <input_file_ref idref="fl-10"/>
      </object_component>
      <object_component id="oc-133">
         <name>.text.mpu_set_dmp_state</name>
         <load_address>0x4874</load_address>
         <readonly>true</readonly>
         <executable>true</executable>
         <run_address>0x4874</run_address>
         <size>0xb8</size>
         <alignment>0x4</alignment>
         <input_file_ref idref="fl-10"/>
      </object_component>
      <object_component id="oc-273">
         <name>.text.mpu_read_mem</name>
         <load_address>0x492c</load_address>
         <readonly>true</readonly>
         <executable>true</executable>
         <run_address>0x492c</run_address>
         <size>0xac</size>
         <alignment>0x4</alignment>
         <input_file_ref idref="fl-10"/>
      </object_component>
      <object_component id="oc-1f3">
         <name>.text.mpu_write_mem</name>
         <load_address>0x49d8</load_address>
         <readonly>true</readonly>
         <executable>true</executable>
         <run_address>0x49d8</run_address>
         <size>0xac</size>
         <alignment>0x4</alignment>
         <input_file_ref idref="fl-10"/>
      </object_component>
      <object_component id="oc-2de">
         <name>.text</name>
         <load_address>0x4a84</load_address>
         <readonly>true</readonly>
         <executable>true</executable>
         <run_address>0x4a84</run_address>
         <size>0xa2</size>
         <alignment>0x4</alignment>
         <input_file_ref idref="fl-13d"/>
      </object_component>
      <object_component id="oc-312">
         <name>.text.__aeabi_ldiv0</name>
         <load_address>0x4b26</load_address>
         <readonly>true</readonly>
         <executable>true</executable>
         <run_address>0x4b26</run_address>
         <size>0x2</size>
         <alignment>0x2</alignment>
         <input_file_ref idref="fl-141"/>
      </object_component>
      <object_component id="oc-2c3">
         <name>.text.fputc</name>
         <load_address>0x4b28</load_address>
         <readonly>true</readonly>
         <executable>true</executable>
         <run_address>0x4b28</run_address>
         <size>0x9c</size>
         <alignment>0x4</alignment>
         <input_file_ref idref="fl-52"/>
      </object_component>
      <object_component id="oc-1e6">
         <name>.text.mpu_set_int_latched</name>
         <load_address>0x4bc4</load_address>
         <readonly>true</readonly>
         <executable>true</executable>
         <run_address>0x4bc4</run_address>
         <size>0x9c</size>
         <alignment>0x4</alignment>
         <input_file_ref idref="fl-10"/>
      </object_component>
      <object_component id="oc-11d">
         <name>.text.OLED_ShowString</name>
         <load_address>0x4c60</load_address>
         <readonly>true</readonly>
         <executable>true</executable>
         <run_address>0x4c60</run_address>
         <size>0x98</size>
         <alignment>0x2</alignment>
         <input_file_ref idref="fl-f"/>
      </object_component>
      <object_component id="oc-132">
         <name>.text.dmp_set_fifo_rate</name>
         <load_address>0x4cf8</load_address>
         <readonly>true</readonly>
         <executable>true</executable>
         <run_address>0x4cf8</run_address>
         <size>0x98</size>
         <alignment>0x4</alignment>
         <input_file_ref idref="fl-11"/>
      </object_component>
      <object_component id="oc-1f2">
         <name>.text.inv_row_2_scale</name>
         <load_address>0x4d90</load_address>
         <readonly>true</readonly>
         <executable>true</executable>
         <run_address>0x4d90</run_address>
         <size>0x96</size>
         <alignment>0x2</alignment>
         <input_file_ref idref="fl-12"/>
      </object_component>
      <object_component id="oc-235">
         <name>.text._nop</name>
         <load_address>0x4e26</load_address>
         <readonly>true</readonly>
         <executable>true</executable>
         <run_address>0x4e26</run_address>
         <size>0x2</size>
         <alignment>0x2</alignment>
         <input_file_ref idref="fl-59"/>
      </object_component>
      <object_component id="oc-105">
         <name>.text.SYSCFG_DL_initPower</name>
         <load_address>0x4e28</load_address>
         <readonly>true</readonly>
         <executable>true</executable>
         <run_address>0x4e28</run_address>
         <size>0x8c</size>
         <alignment>0x4</alignment>
         <input_file_ref idref="fl-2"/>
      </object_component>
      <object_component id="oc-cc">
         <name>.text.__mulsf3</name>
         <load_address>0x4eb4</load_address>
         <readonly>true</readonly>
         <executable>true</executable>
         <run_address>0x4eb4</run_address>
         <size>0x8c</size>
         <alignment>0x4</alignment>
         <input_file_ref idref="fl-127"/>
      </object_component>
      <object_component id="oc-201">
         <name>.text.decode_gesture</name>
         <load_address>0x4f40</load_address>
         <readonly>true</readonly>
         <executable>true</executable>
         <run_address>0x4f40</run_address>
         <size>0x8c</size>
         <alignment>0x4</alignment>
         <input_file_ref idref="fl-11"/>
      </object_component>
      <object_component id="oc-33">
         <name>.text.Default_Handler</name>
         <load_address>0x4fcc</load_address>
         <readonly>true</readonly>
         <executable>true</executable>
         <run_address>0x4fcc</run_address>
         <size>0x4</size>
         <alignment>0x2</alignment>
         <input_file_ref idref="fl-3"/>
      </object_component>
      <object_component id="oc-3c8">
         <name>.text:strcmp</name>
         <load_address>0x4fd0</load_address>
         <readonly>true</readonly>
         <executable>true</executable>
         <run_address>0x4fd0</run_address>
         <size>0x88</size>
         <alignment>0x10</alignment>
         <input_file_ref idref="fl-145"/>
      </object_component>
      <object_component id="oc-1a4">
         <name>.text.__NVIC_SetPriority</name>
         <load_address>0x5058</load_address>
         <readonly>true</readonly>
         <executable>true</executable>
         <run_address>0x5058</run_address>
         <size>0x84</size>
         <alignment>0x4</alignment>
         <input_file_ref idref="fl-2"/>
      </object_component>
      <object_component id="oc-13a">
         <name>.text.__divsf3</name>
         <load_address>0x50dc</load_address>
         <readonly>true</readonly>
         <executable>true</executable>
         <run_address>0x50dc</run_address>
         <size>0x82</size>
         <alignment>0x4</alignment>
         <input_file_ref idref="fl-128"/>
      </object_component>
      <object_component id="oc-be">
         <name>.text.DMP_Init</name>
         <load_address>0x5160</load_address>
         <readonly>true</readonly>
         <executable>true</executable>
         <run_address>0x5160</run_address>
         <size>0x7c</size>
         <alignment>0x4</alignment>
         <input_file_ref idref="fl-12"/>
      </object_component>
      <object_component id="oc-bd">
         <name>.text.OLED_Refresh</name>
         <load_address>0x51dc</load_address>
         <readonly>true</readonly>
         <executable>true</executable>
         <run_address>0x51dc</run_address>
         <size>0x7c</size>
         <alignment>0x4</alignment>
         <input_file_ref idref="fl-f"/>
      </object_component>
      <object_component id="oc-359">
         <name>.text.__TI_closefile</name>
         <load_address>0x5258</load_address>
         <readonly>true</readonly>
         <executable>true</executable>
         <run_address>0x5258</run_address>
         <size>0x7c</size>
         <alignment>0x4</alignment>
         <input_file_ref idref="fl-73"/>
      </object_component>
      <object_component id="oc-1c">
         <name>.text:decompress:lzss</name>
         <load_address>0x52d4</load_address>
         <readonly>true</readonly>
         <executable>true</executable>
         <run_address>0x52d4</run_address>
         <size>0x7c</size>
         <alignment>0x4</alignment>
         <input_file_ref idref="fl-68"/>
      </object_component>
      <object_component id="oc-99">
         <name>.text.Key_GetState</name>
         <load_address>0x5350</load_address>
         <readonly>true</readonly>
         <executable>true</executable>
         <run_address>0x5350</run_address>
         <size>0x78</size>
         <alignment>0x4</alignment>
         <input_file_ref idref="fl-9"/>
      </object_component>
      <object_component id="oc-107">
         <name>.text.SYSCFG_DL_SYSCTL_init</name>
         <load_address>0x53c8</load_address>
         <readonly>true</readonly>
         <executable>true</executable>
         <run_address>0x53c8</run_address>
         <size>0x74</size>
         <alignment>0x4</alignment>
         <input_file_ref idref="fl-2"/>
      </object_component>
      <object_component id="oc-28c">
         <name>.text.__gedf2</name>
         <load_address>0x543c</load_address>
         <readonly>true</readonly>
         <executable>true</executable>
         <run_address>0x543c</run_address>
         <size>0x74</size>
         <alignment>0x4</alignment>
         <input_file_ref idref="fl-13f"/>
      </object_component>
      <object_component id="oc-148">
         <name>.text.__truncdfsf2</name>
         <load_address>0x54b0</load_address>
         <readonly>true</readonly>
         <executable>true</executable>
         <run_address>0x54b0</run_address>
         <size>0x74</size>
         <alignment>0x10</alignment>
         <input_file_ref idref="fl-133"/>
      </object_component>
      <object_component id="oc-27c">
         <name>.text.mpu_get_accel_fsr</name>
         <load_address>0x5524</load_address>
         <readonly>true</readonly>
         <executable>true</executable>
         <run_address>0x5524</run_address>
         <size>0x74</size>
         <alignment>0x4</alignment>
         <input_file_ref idref="fl-10"/>
      </object_component>
      <object_component id="oc-372">
         <name>.text.HOSTlseek</name>
         <load_address>0x5598</load_address>
         <readonly>true</readonly>
         <executable>true</executable>
         <run_address>0x5598</run_address>
         <size>0x6c</size>
         <alignment>0x4</alignment>
         <input_file_ref idref="fl-11c"/>
      </object_component>
      <object_component id="oc-37a">
         <name>.text.HOSTrename</name>
         <load_address>0x5604</load_address>
         <readonly>true</readonly>
         <executable>true</executable>
         <run_address>0x5604</run_address>
         <size>0x6c</size>
         <alignment>0x4</alignment>
         <input_file_ref idref="fl-11f"/>
      </object_component>
      <object_component id="oc-337">
         <name>.text.fseeko</name>
         <load_address>0x5670</load_address>
         <readonly>true</readonly>
         <executable>true</executable>
         <run_address>0x5670</run_address>
         <size>0x6c</size>
         <alignment>0x4</alignment>
         <input_file_ref idref="fl-70"/>
      </object_component>
      <object_component id="oc-3bc">
         <name>.text.getdevice</name>
         <load_address>0x56dc</load_address>
         <readonly>true</readonly>
         <executable>true</executable>
         <run_address>0x56dc</run_address>
         <size>0x6c</size>
         <alignment>0x4</alignment>
         <input_file_ref idref="fl-142"/>
      </object_component>
      <object_component id="oc-66">
         <name>.text.RingBuffer_Write</name>
         <load_address>0x5748</load_address>
         <readonly>true</readonly>
         <executable>true</executable>
         <run_address>0x5748</run_address>
         <size>0x6a</size>
         <alignment>0x2</alignment>
         <input_file_ref idref="fl-b"/>
      </object_component>
      <object_component id="oc-286">
         <name>.text.__ledf2</name>
         <load_address>0x57b4</load_address>
         <readonly>true</readonly>
         <executable>true</executable>
         <run_address>0x57b4</run_address>
         <size>0x68</size>
         <alignment>0x4</alignment>
         <input_file_ref idref="fl-13f"/>
      </object_component>
      <object_component id="oc-2fb">
         <name>.text._mcpy</name>
         <load_address>0x581c</load_address>
         <readonly>true</readonly>
         <executable>true</executable>
         <run_address>0x581c</run_address>
         <size>0x66</size>
         <alignment>0x2</alignment>
         <input_file_ref idref="fl-4f"/>
      </object_component>
      <object_component id="oc-1f7">
         <name>.text.dmp_set_tap_axes</name>
         <load_address>0x5882</load_address>
         <readonly>true</readonly>
         <executable>true</executable>
         <run_address>0x5882</run_address>
         <size>0x66</size>
         <alignment>0x2</alignment>
         <input_file_ref idref="fl-11"/>
      </object_component>
      <object_component id="oc-18f">
         <name>.text.DL_SYSCTL_setHFCLKSourceHFXTParams</name>
         <load_address>0x58e8</load_address>
         <readonly>true</readonly>
         <executable>true</executable>
         <run_address>0x58e8</run_address>
         <size>0x64</size>
         <alignment>0x4</alignment>
         <input_file_ref idref="fl-2e"/>
      </object_component>
      <object_component id="oc-25a">
         <name>.text.OLED_ClearPoint</name>
         <load_address>0x594c</load_address>
         <readonly>true</readonly>
         <executable>true</executable>
         <run_address>0x594c</run_address>
         <size>0x64</size>
         <alignment>0x4</alignment>
         <input_file_ref idref="fl-f"/>
      </object_component>
      <object_component id="oc-2fe">
         <name>.text.__TI_wrt_ok</name>
         <load_address>0x59b0</load_address>
         <readonly>true</readonly>
         <executable>true</executable>
         <run_address>0x59b0</run_address>
         <size>0x64</size>
         <alignment>0x2</alignment>
         <input_file_ref idref="fl-54"/>
      </object_component>
      <object_component id="oc-384">
         <name>.text.split</name>
         <load_address>0x5a14</load_address>
         <readonly>true</readonly>
         <executable>true</executable>
         <run_address>0x5a14</run_address>
         <size>0x64</size>
         <alignment>0x4</alignment>
         <input_file_ref idref="fl-60"/>
      </object_component>
      <object_component id="oc-20e">
         <name>.text.__aeabi_dcmp</name>
         <load_address>0x5a78</load_address>
         <readonly>true</readonly>
         <executable>true</executable>
         <run_address>0x5a78</run_address>
         <size>0x62</size>
         <alignment>0x4</alignment>
         <input_file_ref idref="fl-134"/>
      </object_component>
      <object_component id="oc-c4">
         <name>.text.__aeabi_fcmp</name>
         <load_address>0x5adc</load_address>
         <readonly>true</readonly>
         <executable>true</executable>
         <run_address>0x5adc</run_address>
         <size>0x62</size>
         <alignment>0x4</alignment>
         <input_file_ref idref="fl-135"/>
      </object_component>
      <object_component id="oc-362">
         <name>.text.HOSTopen</name>
         <load_address>0x5b40</load_address>
         <readonly>true</readonly>
         <executable>true</executable>
         <run_address>0x5b40</run_address>
         <size>0x60</size>
         <alignment>0x4</alignment>
         <input_file_ref idref="fl-11d"/>
      </object_component>
      <object_component id="oc-70">
         <name>.text.Key_Tick</name>
         <load_address>0x5ba0</load_address>
         <readonly>true</readonly>
         <executable>true</executable>
         <run_address>0x5ba0</run_address>
         <size>0x60</size>
         <alignment>0x4</alignment>
         <input_file_ref idref="fl-9"/>
      </object_component>
      <object_component id="oc-bb">
         <name>.text.OLED_Clear</name>
         <load_address>0x5c00</load_address>
         <readonly>true</readonly>
         <executable>true</executable>
         <run_address>0x5c00</run_address>
         <size>0x60</size>
         <alignment>0x4</alignment>
         <input_file_ref idref="fl-f"/>
      </object_component>
      <object_component id="oc-109">
         <name>.text.SYSCFG_DL_OLED_init</name>
         <load_address>0x5c60</load_address>
         <readonly>true</readonly>
         <executable>true</executable>
         <run_address>0x5c60</run_address>
         <size>0x60</size>
         <alignment>0x4</alignment>
         <input_file_ref idref="fl-2"/>
      </object_component>
      <object_component id="oc-1f5">
         <name>.text.dmp_enable_gyro_cal</name>
         <load_address>0x5cc0</load_address>
         <readonly>true</readonly>
         <executable>true</executable>
         <run_address>0x5cc0</run_address>
         <size>0x60</size>
         <alignment>0x4</alignment>
         <input_file_ref idref="fl-11"/>
      </object_component>
      <object_component id="oc-1c9">
         <name>.text.DL_I2C_fillControllerTXFIFO</name>
         <load_address>0x5d20</load_address>
         <readonly>true</readonly>
         <executable>true</executable>
         <run_address>0x5d20</run_address>
         <size>0x5e</size>
         <alignment>0x2</alignment>
         <input_file_ref idref="fl-2b"/>
      </object_component>
      <object_component id="oc-2e3">
         <name>.text.frexp</name>
         <load_address>0x5d80</load_address>
         <readonly>true</readonly>
         <executable>true</executable>
         <run_address>0x5d80</run_address>
         <size>0x5c</size>
         <alignment>0x4</alignment>
         <input_file_ref idref="fl-6a"/>
      </object_component>
      <object_component id="oc-1d6">
         <name>.text.printf</name>
         <load_address>0x5ddc</load_address>
         <readonly>true</readonly>
         <executable>true</executable>
         <run_address>0x5ddc</run_address>
         <size>0x5c</size>
         <alignment>0x4</alignment>
         <input_file_ref idref="fl-4e"/>
      </object_component>
      <object_component id="oc-36a">
         <name>.text.HOSTread</name>
         <load_address>0x5e38</load_address>
         <readonly>true</readonly>
         <executable>true</executable>
         <run_address>0x5e38</run_address>
         <size>0x58</size>
         <alignment>0x4</alignment>
         <input_file_ref idref="fl-11e"/>
      </object_component>
      <object_component id="oc-36e">
         <name>.text.HOSTwrite</name>
         <load_address>0x5e90</load_address>
         <readonly>true</readonly>
         <executable>true</executable>
         <run_address>0x5e90</run_address>
         <size>0x58</size>
         <alignment>0x4</alignment>
         <input_file_ref idref="fl-121"/>
      </object_component>
      <object_component id="oc-10a">
         <name>.text.SYSCFG_DL_GY_87_init</name>
         <load_address>0x5ee8</load_address>
         <readonly>true</readonly>
         <executable>true</executable>
         <run_address>0x5ee8</run_address>
         <size>0x58</size>
         <alignment>0x4</alignment>
         <input_file_ref idref="fl-2"/>
      </object_component>
      <object_component id="oc-2ef">
         <name>.text.__TI_ltoa</name>
         <load_address>0x5f40</load_address>
         <readonly>true</readonly>
         <executable>true</executable>
         <run_address>0x5f40</run_address>
         <size>0x58</size>
         <alignment>0x2</alignment>
         <input_file_ref idref="fl-5a"/>
      </object_component>
      <object_component id="oc-2b7">
         <name>.text._pconv_f</name>
         <load_address>0x5f98</load_address>
         <readonly>true</readonly>
         <executable>true</executable>
         <run_address>0x5f98</run_address>
         <size>0x58</size>
         <alignment>0x2</alignment>
         <input_file_ref idref="fl-4f"/>
      </object_component>
      <object_component id="oc-27d">
         <name>.text.__aeabi_idivmod</name>
         <load_address>0x5ff0</load_address>
         <readonly>true</readonly>
         <executable>true</executable>
         <run_address>0x5ff0</run_address>
         <size>0x56</size>
         <alignment>0x4</alignment>
         <input_file_ref idref="fl-136"/>
      </object_component>
      <object_component id="oc-308">
         <name>.text.__TI_doflush</name>
         <load_address>0x6046</load_address>
         <readonly>true</readonly>
         <executable>true</executable>
         <run_address>0x6046</run_address>
         <size>0x52</size>
         <alignment>0x2</alignment>
         <input_file_ref idref="fl-6e"/>
      </object_component>
      <object_component id="oc-2f9">
         <name>.text._ecpy</name>
         <load_address>0x6098</load_address>
         <readonly>true</readonly>
         <executable>true</executable>
         <run_address>0x6098</run_address>
         <size>0x52</size>
         <alignment>0x2</alignment>
         <input_file_ref idref="fl-4f"/>
      </object_component>
      <object_component id="oc-182">
         <name>.text.DL_GPIO_initPeripheralInputFunctionFeatures</name>
         <load_address>0x60ec</load_address>
         <readonly>true</readonly>
         <executable>true</executable>
         <run_address>0x60ec</run_address>
         <size>0x50</size>
         <alignment>0x4</alignment>
         <input_file_ref idref="fl-2"/>
      </object_component>
      <object_component id="oc-260">
         <name>.text.DL_I2C_startControllerTransfer</name>
         <load_address>0x613c</load_address>
         <readonly>true</readonly>
         <executable>true</executable>
         <run_address>0x613c</run_address>
         <size>0x50</size>
         <alignment>0x4</alignment>
         <input_file_ref idref="fl-12"/>
      </object_component>
      <object_component id="oc-1ca">
         <name>.text.DL_I2C_startControllerTransfer</name>
         <load_address>0x618c</load_address>
         <readonly>true</readonly>
         <executable>true</executable>
         <run_address>0x618c</run_address>
         <size>0x50</size>
         <alignment>0x4</alignment>
         <input_file_ref idref="fl-f"/>
      </object_component>
      <object_component id="oc-113">
         <name>.text.OLED_WR_Byte</name>
         <load_address>0x61dc</load_address>
         <readonly>true</readonly>
         <executable>true</executable>
         <run_address>0x61dc</run_address>
         <size>0x50</size>
         <alignment>0x4</alignment>
         <input_file_ref idref="fl-f"/>
      </object_component>
      <object_component id="oc-386">
         <name>.text.close</name>
         <load_address>0x622c</load_address>
         <readonly>true</readonly>
         <executable>true</executable>
         <run_address>0x622c</run_address>
         <size>0x50</size>
         <alignment>0x4</alignment>
         <input_file_ref idref="fl-119"/>
      </object_component>
      <object_component id="oc-187">
         <name>.text.DL_GPIO_initDigitalInputFeatures</name>
         <load_address>0x627c</load_address>
         <readonly>true</readonly>
         <executable>true</executable>
         <run_address>0x627c</run_address>
         <size>0x4c</size>
         <alignment>0x4</alignment>
         <input_file_ref idref="fl-2"/>
      </object_component>
      <object_component id="oc-1c1">
         <name>.text.DL_UART_setBaudRateDivisor</name>
         <load_address>0x62c8</load_address>
         <readonly>true</readonly>
         <executable>true</executable>
         <run_address>0x62c8</run_address>
         <size>0x4c</size>
         <alignment>0x4</alignment>
         <input_file_ref idref="fl-2"/>
      </object_component>
      <object_component id="oc-3e">
         <name>.text.TIMG0_IRQHandler</name>
         <load_address>0x6314</load_address>
         <readonly>true</readonly>
         <executable>true</executable>
         <run_address>0x6314</run_address>
         <size>0x4c</size>
         <alignment>0x4</alignment>
         <input_file_ref idref="fl-1b"/>
      </object_component>
      <object_component id="oc-2eb">
         <name>.text.__fixdfsi</name>
         <load_address>0x6360</load_address>
         <readonly>true</readonly>
         <executable>true</executable>
         <run_address>0x6360</run_address>
         <size>0x4a</size>
         <alignment>0x4</alignment>
         <input_file_ref idref="fl-12b"/>
      </object_component>
      <object_component id="oc-1bf">
         <name>.text.DL_UART_init</name>
         <load_address>0x63ac</load_address>
         <readonly>true</readonly>
         <executable>true</executable>
         <run_address>0x63ac</run_address>
         <size>0x48</size>
         <alignment>0x4</alignment>
         <input_file_ref idref="fl-2d"/>
      </object_component>
      <object_component id="oc-366">
         <name>.text.HOSTclose</name>
         <load_address>0x63f4</load_address>
         <readonly>true</readonly>
         <executable>true</executable>
         <run_address>0x63f4</run_address>
         <size>0x48</size>
         <alignment>0x4</alignment>
         <input_file_ref idref="fl-11b"/>
      </object_component>
      <object_component id="oc-376">
         <name>.text.HOSTunlink</name>
         <load_address>0x643c</load_address>
         <readonly>true</readonly>
         <executable>true</executable>
         <run_address>0x643c</run_address>
         <size>0x48</size>
         <alignment>0x4</alignment>
         <input_file_ref idref="fl-120"/>
      </object_component>
      <object_component id="oc-ba">
         <name>.text.OLED_DisplayTurn</name>
         <load_address>0x6484</load_address>
         <readonly>true</readonly>
         <executable>true</executable>
         <run_address>0x6484</run_address>
         <size>0x48</size>
         <alignment>0x2</alignment>
         <input_file_ref idref="fl-f"/>
      </object_component>
      <object_component id="oc-259">
[...]
      <symbol id="sm-502">
         <name>__TI_zero_init</name>
         <value>0x777d</value>
         <object_component_ref idref="oc-5b"/>
      </symbol>
      <symbol id="sm-50b">
         <name>__TI_decompress_none</name>
         <value>0x771b</value>
         <object_component_ref idref="oc-20"/>
      </symbol>
      <symbol id="sm-516">
         <name>__TI_decompress_lzss</name>
         <value>0x52d5</value>
         <object_component_ref idref="oc-1c"/>
      </symbol>
      <symbol id="sm-521">
         <name>frexp</name>
         <value>0x5d81</value>
         <object_component_ref idref="oc-2e3"/>
      </symbol>
      <symbol id="sm-522">
         <name>frexpl</name>
         <value>0x5d81</value>
         <object_component_ref idref="oc-2e3"/>
      </symbol>
      <symbol id="sm-52c">
         <name>scalbn</name>
         <value>0x43a1</value>
         <object_component_ref idref="oc-2e7"/>
      </symbol>
      <symbol id="sm-52d">
         <name>ldexp</name>
         <value>0x43a1</value>
         <object_component_ref idref="oc-2e7"/>
      </symbol>
      <symbol id="sm-52e">
         <name>scalbnl</name>
         <value>0x43a1</value>
         <object_component_ref idref="oc-2e7"/>
      </symbol>
      <symbol id="sm-52f">
         <name>ldexpl</name>
         <value>0x43a1</value>
         <object_component_ref idref="oc-2e7"/>
      </symbol>
      <symbol id="sm-538">
         <name>wcslen</name>
         <value>0x776d</value>
         <object_component_ref idref="oc-2a8"/>
      </symbol>
      <symbol id="sm-543">
         <name>__TI_doflush</name>
         <value>0x6047</value>
         <object_component_ref idref="oc-308"/>
      </symbol>
      <symbol id="sm-54e">
         <name>__TI_cleanup</name>
         <value>0x6acd</value>
         <object_component_ref idref="oc-341"/>
      </symbol>
      <symbol id="sm-55b">
         <name>fseek</name>
         <value>0x78c1</value>
         <object_component_ref idref="oc-323"/>
      </symbol>
      <symbol id="sm-55c">
         <name>fseeko</name>
         <value>0x5671</value>
         <object_component_ref idref="oc-337"/>
      </symbol>
      <symbol id="sm-55d">
         <name>__aeabi_ctype_table_</name>
         <value>0x9ce0</value>
         <object_component_ref idref="oc-2d6"/>
      </symbol>
      <symbol id="sm-55e">
         <name>__aeabi_ctype_table_C</name>
         <value>0x9ce0</value>
         <object_component_ref idref="oc-2d6"/>
      </symbol>
      <symbol id="sm-56a">
         <name>__TI_closefile</name>
         <value>0x5259</value>
         <object_component_ref idref="oc-359"/>
      </symbol>
      <symbol id="sm-572">
         <name>HOSTexit</name>
         <value>0x78f5</value>
         <object_component_ref idref="oc-168"/>
      </symbol>
      <symbol id="sm-573">
         <name>C$$EXIT</name>
         <value>0x78f4</value>
         <object_component_ref idref="oc-168"/>
      </symbol>
      <symbol id="sm-57d">
         <name>write</name>
         <value>0x6fc9</value>
         <object_component_ref idref="oc-304"/>
      </symbol>
      <symbol id="sm-582">
         <name>_device</name>
         <value>0x20201148</value>
         <object_component_ref idref="oc-34a"/>
      </symbol>
      <symbol id="sm-583">
         <name>_stream</name>
         <value>0x202011c0</value>
         <object_component_ref idref="oc-32f"/>
      </symbol>
      <symbol id="sm-58c">
         <name>remove</name>
         <value>0x78c9</value>
         <object_component_ref idref="oc-38a"/>
      </symbol>
      <symbol id="sm-597">
         <name>lseek</name>
         <value>0x6fa1</value>
         <object_component_ref idref="oc-34e"/>
      </symbol>
      <symbol id="sm-5a1">
         <name>close</name>
         <value>0x622d</value>
         <object_component_ref idref="oc-386"/>
      </symbol>
      <symbol id="sm-5ab">
         <name>unlink</name>
         <value>0x6e31</value>
         <object_component_ref idref="oc-3b2"/>
      </symbol>
      <symbol id="sm-5b5">
         <name>HOSTclose</name>
         <value>0x63f5</value>
         <object_component_ref idref="oc-366"/>
      </symbol>
      <symbol id="sm-5bf">
         <name>HOSTlseek</name>
         <value>0x5599</value>
         <object_component_ref idref="oc-372"/>
      </symbol>
      <symbol id="sm-5c9">
         <name>HOSTopen</name>
         <value>0x5b41</value>
         <object_component_ref idref="oc-362"/>
      </symbol>
      <symbol id="sm-5ca">
         <name>parmbuf</name>
         <value>0x20200e40</value>
         <object_component_ref idref="oc-398"/>
      </symbol>
      <symbol id="sm-5d4">
         <name>HOSTread</name>
         <value>0x5e39</value>
         <object_component_ref idref="oc-36a"/>
      </symbol>
      <symbol id="sm-5e5">
         <name>HOSTrename</name>
         <value>0x5605</value>
         <object_component_ref idref="oc-37a"/>
      </symbol>
      <symbol id="sm-5ef">
         <name>HOSTunlink</name>
         <value>0x643d</value>
         <object_component_ref idref="oc-376"/>
      </symbol>
      <symbol id="sm-5f9">
         <name>HOSTwrite</name>
         <value>0x5e91</value>
         <object_component_ref idref="oc-36e"/>
      </symbol>
      <symbol id="sm-607">
         <name>C$$IO$$</name>
         <value>0x6b61</value>
         <object_component_ref idref="oc-391"/>
      </symbol>
      <symbol id="sm-608">
         <name>__TI_writemsg</name>
         <value>0x6b35</value>
         <object_component_ref idref="oc-391"/>
      </symbol>
      <symbol id="sm-609">
         <name>__CIOBUF_</name>
         <value>0x20200c80</value>
         <object_component_ref idref="oc-3b9"/>
      </symbol>
      <symbol id="sm-60a">
         <name>__TI_readmsg</name>
         <value>0x6b01</value>
         <object_component_ref idref="oc-397"/>
      </symbol>
      <symbol id="sm-60b">
         <name>_CIOBUF_</name>
         <value>0x20200c80</value>
         <object_component_ref idref="oc-3b9"/>
      </symbol>
      <symbol id="sm-611">
         <name>__aeabi_fadd</name>
         <value>0x4483</value>
         <object_component_ref idref="oc-c0"/>
      </symbol>
      <symbol id="sm-612">
         <name>__addsf3</name>
         <value>0x4483</value>
         <object_component_ref idref="oc-c0"/>
      </symbol>
      <symbol id="sm-613">
         <name>__aeabi_fsub</name>
         <value>0x4479</value>
         <object_component_ref idref="oc-c0"/>
      </symbol>
      <symbol id="sm-614">
         <name>__subsf3</name>
         <value>0x4479</value>
         <object_component_ref idref="oc-c0"/>
      </symbol>
      <symbol id="sm-61a">
         <name>__aeabi_dadd</name>
         <value>0x261f</value>
         <object_component_ref idref="oc-20a"/>
      </symbol>
      <symbol id="sm-61b">
         <name>__adddf3</name>
         <value>0x261f</value>
         <object_component_ref idref="oc-20a"/>
      </symbol>
      <symbol id="sm-61c">
         <name>__aeabi_dsub</name>
         <value>0x2615</value>
         <object_component_ref idref="oc-20a"/>
      </symbol>
      <symbol id="sm-61d">
         <name>__subdf3</name>
         <value>0x2615</value>
         <object_component_ref idref="oc-20a"/>
      </symbol>
      <symbol id="sm-629">
         <name>__aeabi_dmul</name>
         <value>0x401d</value>
         <object_component_ref idref="oc-144"/>
      </symbol>
      <symbol id="sm-62a">
         <name>__muldf3</name>
         <value>0x401d</value>
         <object_component_ref idref="oc-144"/>
      </symbol>
      <symbol id="sm-633">
         <name>__muldsi3</name>
         <value>0x69ed</value>
         <object_component_ref idref="oc-15a"/>
      </symbol>
      <symbol id="sm-639">
         <name>__aeabi_fmul</name>
         <value>0x4eb5</value>
         <object_component_ref idref="oc-cc"/>
      </symbol>
      <symbol id="sm-63a">
         <name>__mulsf3</name>
         <value>0x4eb5</value>
         <object_component_ref idref="oc-cc"/>
      </symbol>
      <symbol id="sm-640">
         <name>__aeabi_fdiv</name>
         <value>0x50dd</value>
         <object_component_ref idref="oc-13a"/>
      </symbol>
      <symbol id="sm-641">
         <name>__divsf3</name>
         <value>0x50dd</value>
         <object_component_ref idref="oc-13a"/>
      </symbol>
      <symbol id="sm-647">
         <name>__aeabi_ddiv</name>
         <value>0x3861</value>
         <object_component_ref idref="oc-21b"/>
      </symbol>
      <symbol id="sm-648">
         <name>__divdf3</name>
         <value>0x3861</value>
         <object_component_ref idref="oc-21b"/>
      </symbol>
      <symbol id="sm-651">
         <name>__aeabi_f2d</name>
         <value>0x67c1</value>
         <object_component_ref idref="oc-d5"/>
      </symbol>
      <symbol id="sm-652">
         <name>__extendsfdf2</name>
         <value>0x67c1</value>
         <object_component_ref idref="oc-d5"/>
      </symbol>
      <symbol id="sm-658">
         <name>__aeabi_d2iz</name>
         <value>0x6361</value>
         <object_component_ref idref="oc-2eb"/>
      </symbol>
      <symbol id="sm-659">
         <name>__fixdfsi</name>
         <value>0x6361</value>
         <object_component_ref idref="oc-2eb"/>
      </symbol>
      <symbol id="sm-65f">
         <name>__aeabi_f2iz</name>
         <value>0x6a61</value>
         <object_component_ref idref="oc-d0"/>
      </symbol>
      <symbol id="sm-660">
         <name>__fixsfsi</name>
         <value>0x6a61</value>
         <object_component_ref idref="oc-d0"/>
      </symbol>
      <symbol id="sm-666">
         <name>__aeabi_i2d</name>
         <value>0x6e05</value>
         <object_component_ref idref="oc-2f3"/>
      </symbol>
      <symbol id="sm-667">
         <name>__floatsidf</name>
         <value>0x6e05</value>
         <object_component_ref idref="oc-2f3"/>
      </symbol>
      <symbol id="sm-66d">
         <name>__aeabi_i2f</name>
         <value>0x68fd</value>
         <object_component_ref idref="oc-136"/>
      </symbol>
      <symbol id="sm-66e">
         <name>__floatsisf</name>
         <value>0x68fd</value>
         <object_component_ref idref="oc-136"/>
      </symbol>
      <symbol id="sm-674">
         <name>__aeabi_ui2d</name>
         <value>0x70f5</value>
         <object_component_ref idref="oc-246"/>
      </symbol>
      <symbol id="sm-675">
         <name>__floatunsidf</name>
         <value>0x70f5</value>
         <object_component_ref idref="oc-246"/>
      </symbol>
      <symbol id="sm-67b">
         <name>__aeabi_ui2f</name>
         <value>0x6f51</value>
         <object_component_ref idref="oc-278"/>
      </symbol>
      <symbol id="sm-67c">
         <name>__floatunsisf</name>
         <value>0x6f51</value>
         <object_component_ref idref="oc-278"/>
      </symbol>
      <symbol id="sm-682">
         <name>__aeabi_lmul</name>
         <value>0x7119</value>
         <object_component_ref idref="oc-2ac"/>
      </symbol>
      <symbol id="sm-683">
         <name>__muldi3</name>
         <value>0x7119</value>
         <object_component_ref idref="oc-2ac"/>
      </symbol>
      <symbol id="sm-68a">
         <name>__aeabi_d2f</name>
         <value>0x54b1</value>
         <object_component_ref idref="oc-148"/>
      </symbol>
      <symbol id="sm-68b">
         <name>__truncdfsf2</name>
         <value>0x54b1</value>
         <object_component_ref idref="oc-148"/>
      </symbol>
      <symbol id="sm-691">
         <name>__aeabi_dcmpeq</name>
         <value>0x5a79</value>
         <object_component_ref idref="oc-20e"/>
      </symbol>
      <symbol id="sm-692">
         <name>__aeabi_dcmplt</name>
         <value>0x5a8d</value>
         <object_component_ref idref="oc-20e"/>
      </symbol>
      <symbol id="sm-693">
         <name>__aeabi_dcmple</name>
         <value>0x5aa1</value>
         <object_component_ref idref="oc-20e"/>
      </symbol>
      <symbol id="sm-694">
         <name>__aeabi_dcmpge</name>
         <value>0x5ab5</value>
         <object_component_ref idref="oc-20e"/>
      </symbol>
      <symbol id="sm-695">
         <name>__aeabi_dcmpgt</name>
         <value>0x5ac9</value>
         <object_component_ref idref="oc-20e"/>
      </symbol>
      <symbol id="sm-69b">
         <name>__aeabi_fcmpeq</name>
         <value>0x5add</value>
         <object_component_ref idref="oc-c4"/>
      </symbol>
      <symbol id="sm-69c">
         <name>__aeabi_fcmplt</name>
         <value>0x5af1</value>
         <object_component_ref idref="oc-c4"/>
      </symbol>
      <symbol id="sm-69d">
         <name>__aeabi_fcmple</name>
         <value>0x5b05</value>
         <object_component_ref idref="oc-c4"/>
      </symbol>
      <symbol id="sm-69e">
         <name>__aeabi_fcmpge</name>
         <value>0x5b19</value>
         <object_component_ref idref="oc-c4"/>
      </symbol>
      <symbol id="sm-69f">
         <name>__aeabi_fcmpgt</name>
         <value>0x5b2d</value>
         <object_component_ref idref="oc-c4"/>
      </symbol>
      <symbol id="sm-6a5">
         <name>__aeabi_idiv</name>
         <value>0x5ff1</value>
         <object_component_ref idref="oc-27d"/>
      </symbol>
      <symbol id="sm-6a6">
         <name>__aeabi_idivmod</name>
         <value>0x5ff1</value>
         <object_component_ref idref="oc-27d"/>
      </symbol>
      <symbol id="sm-6ac">
         <name>__aeabi_memcpy</name>
         <value>0x78a9</value>
         <object_component_ref idref="oc-4e"/>
      </symbol>
      <symbol id="sm-6ad">
         <name>__aeabi_memcpy4</name>
         <value>0x78a9</value>
         <object_component_ref idref="oc-4e"/>
      </symbol>
      <symbol id="sm-6ae">
         <name>__aeabi_memcpy8</name>
         <value>0x78a9</value>
         <object_component_ref idref="oc-4e"/>
      </symbol>
      <symbol id="sm-6b7">
         <name>__aeabi_memset</name>
         <value>0x779d</value>
         <object_component_ref idref="oc-29c"/>
      </symbol>
      <symbol id="sm-6b8">
         <name>__aeabi_memset4</name>
         <value>0x779d</value>
         <object_component_ref idref="oc-29c"/>
      </symbol>
      <symbol id="sm-6b9">
         <name>__aeabi_memset8</name>
         <value>0x779d</value>
         <object_component_ref idref="oc-29c"/>
      </symbol>
      <symbol id="sm-6ba">
         <name>__aeabi_memclr</name>
         <value>0x77fd</value>
         <object_component_ref idref="oc-82"/>
      </symbol>
      <symbol id="sm-6bb">
         <name>__aeabi_memclr4</name>
         <value>0x77fd</value>
         <object_component_ref idref="oc-82"/>
      </symbol>
      <symbol id="sm-6bc">
         <name>__aeabi_memclr8</name>
         <value>0x77fd</value>
         <object_component_ref idref="oc-82"/>
      </symbol>
      <symbol id="sm-6c2">
         <name>__aeabi_uidiv</name>
         <value>0x6781</value>
         <object_component_ref idref="oc-1ea"/>
      </symbol>
      <symbol id="sm-6c3">
         <name>__aeabi_uidivmod</name>
         <value>0x6781</value>
         <object_component_ref idref="oc-1ea"/>
      </symbol>
      <symbol id="sm-6c9">
         <name>__aeabi_uldivmod</name>
         <value>0x76bd</value>
         <object_component_ref idref="oc-2b1"/>
      </symbol>
      <symbol id="sm-6d2">
         <name>__eqsf2</name>
         <value>0x69b1</value>
         <object_component_ref idref="oc-151"/>
      </symbol>
      <symbol id="sm-6d3">
         <name>__lesf2</name>
         <value>0x69b1</value>
         <object_component_ref idref="oc-151"/>
      </symbol>
      <symbol id="sm-6d4">
         <name>__ltsf2</name>
         <value>0x69b1</value>
         <object_component_ref idref="oc-151"/>
      </symbol>
      <symbol id="sm-6d5">
         <name>__nesf2</name>
         <value>0x69b1</value>
         <object_component_ref idref="oc-151"/>
      </symbol>
      <symbol id="sm-6d6">
         <name>__cmpsf2</name>
         <value>0x69b1</value>
         <object_component_ref idref="oc-151"/>
      </symbol>
      <symbol id="sm-6d7">
         <name>__gtsf2</name>
         <value>0x6939</value>
         <object_component_ref idref="oc-156"/>
      </symbol>
      <symbol id="sm-6d8">
         <name>__gesf2</name>
         <value>0x6939</value>
         <object_component_ref idref="oc-156"/>
      </symbol>
      <symbol id="sm-6de">
         <name>__udivmoddi4</name>
         <value>0x4a85</value>
         <object_component_ref idref="oc-2de"/>
      </symbol>
      <symbol id="sm-6e4">
         <name>__aeabi_llsl</name>
         <value>0x7201</value>
         <object_component_ref idref="oc-313"/>
      </symbol>
      <symbol id="sm-6e5">
         <name>__ashldi3</name>
         <value>0x7201</value>
         <object_component_ref idref="oc-313"/>
      </symbol>
      <symbol id="sm-6f3">
         <name>__ledf2</name>
         <value>0x57b5</value>
         <object_component_ref idref="oc-286"/>
      </symbol>
      <symbol id="sm-6f4">
         <name>__gedf2</name>
         <value>0x543d</value>
         <object_component_ref idref="oc-28c"/>
      </symbol>
      <symbol id="sm-6f5">
         <name>__cmpdf2</name>
         <value>0x57b5</value>
         <object_component_ref idref="oc-286"/>
      </symbol>
      <symbol id="sm-6f6">
         <name>__eqdf2</name>
         <value>0x57b5</value>
         <object_component_ref idref="oc-286"/>
      </symbol>
      <symbol id="sm-6f7">
         <name>__ltdf2</name>
         <value>0x57b5</value>
         <object_component_ref idref="oc-286"/>
      </symbol>
      <symbol id="sm-6f8">
         <name>__nedf2</name>
         <value>0x57b5</value>
         <object_component_ref idref="oc-286"/>
      </symbol>
      <symbol id="sm-6f9">
         <name>__gtdf2</name>
         <value>0x543d</value>
         <object_component_ref idref="oc-28c"/>
      </symbol>
      <symbol id="sm-706">
         <name>__aeabi_idiv0</name>
         <value>0x27a7</value>
         <object_component_ref idref="oc-26d"/>
      </symbol>
      <symbol id="sm-707">
         <name>__aeabi_ldiv0</name>
         <value>0x4b27</value>
         <object_component_ref idref="oc-312"/>
      </symbol>
      <symbol id="sm-715">
         <name>finddevice</name>
         <value>0x6b9d</value>
         <object_component_ref idref="oc-3c5"/>
      </symbol>
      <symbol id="sm-716">
         <name>getdevice</name>
         <value>0x56dd</value>
         <object_component_ref idref="oc-3bc"/>
      </symbol>
      <symbol id="sm-71f">
         <name>TI_memcpy_small</name>
         <value>0x7709</value>
         <object_component_ref idref="oc-a3"/>
      </symbol>
      <symbol id="sm-728">
         <name>TI_memset_small</name>
         <value>0x77d5</value>
         <object_component_ref idref="oc-ff"/>
      </symbol>
      <symbol id="sm-730">
         <name>strcmp</name>
         <value>0x4fd1</value>
         <object_component_ref idref="oc-3c8"/>
      </symbol>
      <symbol id="sm-731">
         <name>__TI_static_base__</name>
         <value>0x0</value>
      </symbol>
      <symbol id="sm-735">
         <name>__mpu_init</name>
         <value>0x0</value>
      </symbol>
      <symbol id="sm-736">
         <name>_system_post_cinit</name>
         <value>0x0</value>
      </symbol>
   </symbol_table>
   <title>Link successful</title>
</link_info>
