******************************************************************************
            TI ARM Clang Linker PC v4.0.4                      
******************************************************************************
>> Linked Fri Jul 24 17:15:19 2026

OUTPUT FILE NAME:   <empty.out>
ENTRY POINT SYMBOL: "_c_int00_noargs"  address: 00009925


MEMORY CONFIGURATION

         name            origin    length      used     unused   attr    fill
----------------------  --------  ---------  --------  --------  ----  --------
  FLASH                 00000000   00020000  0000d170  00012e90  R  X
  SRAM                  20200000   00008000  000016ca  00006936  RW X
  BCR_CONFIG            41c00000   000000ff  00000000  000000ff  R   
  BSL_CONFIG            41c00100   00000080  00000000  00000080  R   


SEGMENT ALLOCATION MAP

run origin  load origin   length   init length attrs members
----------  ----------- ---------- ----------- ----- -------
00000000    00000000    0000d170   0000d170    r-x
  00000000    00000000    000000c0   000000c0    r-- .intvecs
  000000c0    000000c0    0000a530   0000a530    r-x .text
  0000a5f0    0000a5f0    00002aa0   00002aa0    r-- .rodata
  0000d090    0000d090    000000e0   000000e0    r-- .cinit
20200000    20200000    000014ca   00000000    rw-
  20200000    20200000    00000800   00000000    rw- .sysmem
  20200800    20200800    0000078c   00000000    rw- .bss
  20200f8c    20200f8c    0000053e   00000000    rw- .data
20207e00    20207e00    00000200   00000000    rw-
  20207e00    20207e00    00000200   00000000    rw- .stack


SECTION ALLOCATION MAP

 output                                  attributes/
section   page    origin      length       input sections
--------  ----  ----------  ----------   ----------------
.intvecs   0    00000000    000000c0     
                  00000000    000000c0     startup_mspm0g350x_ticlang.o (.intvecs)

.text      0    000000c0    0000a530     
                  000000c0    000009d0     libc.a : _printfi.c.obj (.text:__TI_printfi)
                  00000a90    00000548     empty.o (.text.main)
                  00000fd8    00000514     Grayscale.o (.text.Gray_Track_Control)
                  000014ec    00000464     BlueSerial.o (.text.BlueSerial_Tasks)
                  00001950    000003b8     libc.a : strtod.c.obj (.text.strtod)
                  00001d08    00000364            : e_asin.c.obj (.text.asin)
                  0000206c    000002f8            : s_atan.c.obj (.text.atan)
                  00002364    00000278     inv_mpu_dmp_motion_driver.o (.text.dmp_enable_feature)
                  000025dc    00000238     inv_mpu_dmp_motion_driver.o (.text.dmp_set_tap_thresh)
                  00002814    0000022c     ti_msp_dl_config.o (.text.SYSCFG_DL_GPIO_init)
                  00002a40    0000022c     inv_mpu.o (.text.mpu_reset_fifo)
                  00002c6c    00000220     libc.a : _printfi.c.obj (.text._pconv_a)
                  00002e8c    00000214     inv_mpu.o (.text.mpu_init)
                  000030a0    0000020c     Motor.o (.text.Motor_Speed_PID_Update)
                  000032ac    000001f8     mpu_port.o (.text.DMP_Read_Data)
                  000034a4    000001f4     inv_mpu_dmp_motion_driver.o (.text.dmp_read_fifo)
                  00003698    000001dc     libc.a : _printfi.c.obj (.text._pconv_g)
                  00003874    000001d4     oled.o (.text.OLED_ShowChar)
                  00003a48    000001ac     Grayscale.o (.text.Grayscale_GetDeviation)
                  00003bf4    000001a0     inv_mpu.o (.text.mpu_set_bypass)
                  00003d94    00000192     libclang_rt.builtins.a : adddf3.S.obj (.text.adddf3_subdf3)
                  00003f26    00000002                            : aeabi_div0.c.obj (.text.__aeabi_idiv0)
                  00003f28    00000190     mpu_port.o (.text.MPU_Read_Len)
                  000040b8    00000188     Motor.o (.text.Motor_SetPWM)
                  00004240    00000188     libc.a : e_atan2.c.obj (.text.atan2)
                  000043c8    00000178     inv_mpu_dmp_motion_driver.o (.text.dmp_set_orientation)
                  00004540    00000170     libc.a : e_sqrt.c.obj (.text.sqrt)
                  000046b0    0000013c            : _printfi.c.obj (.text.fcvt)
                  000047ec    00000130     inv_mpu.o (.text.mpu_set_sensors)
                  0000491c    00000124     inv_mpu.o (.text.mpu_load_firmware)
                  00004a40    00000120     libc.a : _printfi.c.obj (.text._pconv_e)
                  00004b60    0000011c     Grayscale.o (.text.Grayscale_GetDeviation_Track)
                  00004c7c    0000011c     mpu_port.o (.text.MPU_Write_Len)
                  00004d98    00000118     Encoder.o (.text.GROUP1_IRQHandler)
                  00004eb0    00000118     mpu_port.o (.text.MPU_Update)
                  00004fc8    00000114     libc.a : memory.c.obj (.text.aligned_alloc)
                  000050dc    00000110     inv_mpu.o (.text.mpu_lp_accel_mode)
                  000051ec    0000010c     oled.o (.text.OLED_I2C_BusRecovery)
                  000052f8    0000010c     libclang_rt.builtins.a : divdf3.S.obj (.text.__divdf3)
                  00005404    00000108     inv_mpu.o (.text.mpu_read_fifo_stream)
                  0000550c    00000104     driverlib.a : dl_timer.o (.text.DL_Timer_initFourCCPWMMode)
                  00005610    000000fc                 : dl_timer.o (.text.DL_Timer_initTimerMode)
                  0000570c    000000fc     oled.o (.text.OLED_Init)
                  00005808    000000f8     libc.a : fputs.c.obj (.text.fputs)
                  00005900    000000f0     Timer.o (.text.TIMG0_IRQHandler)
                  000059f0    000000ec     inv_mpu.o (.text.mpu_set_sample_rate)
                  00005adc    000000e8     ti_msp_dl_config.o (.text.SYSCFG_DL_SYSCTL_SYSPLL_init)
                  00005bc4    000000e8     libc.a : memory.c.obj (.text.free)
                  00005cac    000000e4     libclang_rt.builtins.a : muldf3.S.obj (.text.__muldf3)
                  00005d90    000000e4     inv_mpu.o (.text.mpu_set_accel_fsr)
                  00005e74    000000e0     libc.a : setvbuf.c.obj (.text.setvbuf)
                  00005f54    000000dc     driverlib.a : dl_sysctl_mspm0g1x0x_g3x0x.o (.text.DL_SYSCTL_configSYSPLL)
                  00006030    000000d8     libc.a : s_scalbn.c.obj (.text.scalbn)
                  00006108    000000d8     libclang_rt.builtins.a : addsf3.S.obj (.text)
                  000061e0    000000d4     inv_mpu.o (.text.set_int_enable)
                  000062b4    000000d0     BlueSerial.o (.text.UART0_IRQHandler)
                  00006384    000000d0     inv_mpu.o (.text.mpu_set_lpf)
                  00006454    000000cc     Grayscale.o (.text.Gray_Sensor_Read)
                  00006520    000000cc     mpu_port.o (.text.MPU_Yaw_Accumulate)
                  000065ec    000000c8     Encoder.o (.text.TIMG12_IRQHandler)
                  000066b4    000000c4     ti_msp_dl_config.o (.text.SYSCFG_DL_initPower)
                  00006778    000000c4     Serial.o (.text.Serial_GetKeyFrame)
                  0000683c    000000c4     inv_mpu.o (.text.mpu_set_gyro_fsr)
                  00006900    000000bc     inv_mpu.o (.text.mpu_configure_fifo)
                  000069bc    000000b8     inv_mpu.o (.text.mpu_set_dmp_state)
                  00006a74    000000b0     oled.o (.text.OLED_ShowString)
                  00006b24    000000ac     oled.o (.text.OLED_RefreshPartial)
                  00006bd0    000000ac     inv_mpu.o (.text.mpu_read_mem)
                  00006c7c    000000ac     inv_mpu.o (.text.mpu_write_mem)
                  00006d28    000000a2     libclang_rt.builtins.a : udivmoddi4.S.obj (.text)
                  00006dca    00000002                            : aeabi_div0.c.obj (.text.__aeabi_ldiv0)
                  00006dcc    0000009c     mpu_port.o (.text.DMP_Init)
                  00006e68    0000009c     libc.a : fputc.c.obj (.text.fputc)
                  00006f04    0000009c     inv_mpu.o (.text.mpu_set_int_latched)
                  00006fa0    00000098     inv_mpu_dmp_motion_driver.o (.text.dmp_set_fifo_rate)
                  00007038    00000096     mpu_port.o (.text.inv_row_2_scale)
                  000070ce    00000002     libc.a : _lock.c.obj (.text._nop)
                  000070d0    00000094     Grayscale.o (.text.SpeedRamp_Update)
                  00007164    0000008c     libclang_rt.builtins.a : mulsf3.S.obj (.text.__mulsf3)
                  000071f0    0000008c     inv_mpu_dmp_motion_driver.o (.text.decode_gesture)
                  0000727c    00000088     oled.o (.text.OLED_WR_Byte)
                  00007304    0000000c     ti_msp_dl_config.o (.text.DL_SYSCTL_getClockStatus)
                  00007310    00000088     libc.a : strcmp-armv6m.S.obj (.text:strcmp)
                  00007398    00000084     Motor.o (.text.Racecar)
                  0000741c    00000084     ti_msp_dl_config.o (.text.__NVIC_SetPriority)
                  000074a0    00000082     libclang_rt.builtins.a : divsf3.S.obj (.text.__divsf3)
                  00007522    00000002     --HOLE-- [fill = 0]
                  00007524    0000007c     oled.o (.text.OLED_Refresh)
                  000075a0    0000007c     ti_msp_dl_config.o (.text.SYSCFG_DL_SYSCTL_init)
                  0000761c    0000007c     libc.a : fclose.c.obj (.text.__TI_closefile)
                  00007698    0000007c            : copy_decompress_lzss.c.obj (.text:decompress:lzss)
                  00007714    00000078     Key.o (.text.Key_GetState)
                  0000778c    00000074     Encoder.o (.text.Encoder_CalcSpeed)
                  00007800    00000074     libclang_rt.builtins.a : comparedf2.c.obj (.text.__gedf2)
                  00007874    0000000c     ti_msp_dl_config.o (.text.DL_SYSCTL_readFCC)
                  00007880    00000074     libclang_rt.builtins.a : truncdfsf2.S.obj (.text.__truncdfsf2)
                  000078f4    00000074     inv_mpu.o (.text.mpu_get_accel_fsr)
                  00007968    0000006c     libsysbm.a : hostlseek.c.obj (.text.HOSTlseek)
                  000079d4    0000006c                : hostrename.c.obj (.text.HOSTrename)
                  00007a40    0000006c     ti_msp_dl_config.o (.text.SYSCFG_DL_PWM_A_init)
                  00007aac    0000006c     libc.a : fseek.c.obj (.text.fseeko)
                  00007b18    0000006c            : getdevice.c.obj (.text.getdevice)
                  00007b84    0000006a     Serial.o (.text.RingBuffer_Write)
                  00007bee    00000002     --HOLE-- [fill = 0]
                  00007bf0    00000068     libclang_rt.builtins.a : comparedf2.c.obj (.text.__ledf2)
                  00007c58    00000068     Encoder.o (.text.speed_low_pass_filter)
                  00007cc0    00000066     libc.a : _printfi.c.obj (.text._mcpy)
                  00007d26    00000066     inv_mpu_dmp_motion_driver.o (.text.dmp_set_tap_axes)
                  00007d8c    00000064     driverlib.a : dl_sysctl_mspm0g1x0x_g3x0x.o (.text.DL_SYSCTL_setHFCLKSourceHFXTParams)
                  00007df0    00000064     oled.o (.text.OLED_ClearPoint)
                  00007e54    00000064     ti_msp_dl_config.o (.text.SYSCFG_DL_PWM_B_init)
                  00007eb8    00000064     Serial.o (.text.UART1_IRQHandler)
                  00007f1c    00000064     libc.a : _io_perm.c.obj (.text.__TI_wrt_ok)
                  00007f80    00000064            : memory.c.obj (.text.split)
                  00007fe4    00000062     libclang_rt.builtins.a : aeabi_dcmp.S.obj (.text.__aeabi_dcmp)
                  00008046    00000002     --HOLE-- [fill = 0]
                  00008048    00000062                            : aeabi_fcmp.S.obj (.text.__aeabi_fcmp)
                  000080aa    00000002     --HOLE-- [fill = 0]
                  000080ac    00000060     BlueSerial.o (.text.BlueSerial_Init)
                  0000810c    00000060     libsysbm.a : hostopen.c.obj (.text.HOSTopen)
                  0000816c    00000060     Key.o (.text.Key_Tick)
                  000081cc    00000060     oled.o (.text.OLED_Clear)
                  0000822c    00000060     ti_msp_dl_config.o (.text.SYSCFG_DL_OLED_init)
                  0000828c    00000060     inv_mpu_dmp_motion_driver.o (.text.dmp_enable_gyro_cal)
                  000082ec    0000005e     driverlib.a : dl_i2c.o (.text.DL_I2C_fillControllerTXFIFO)
                  0000834a    00000002     --HOLE-- [fill = 0]
                  0000834c    0000005c     Motor.o (.text.Motor_AddDistance)
                  000083a8    0000005c     libc.a : s_frexp.c.obj (.text.frexp)
                  00008404    0000005c            : printf.c.obj (.text.printf)
                  00008460    00000058     libsysbm.a : hostread.c.obj (.text.HOSTread)
                  000084b8    00000058                : hostwrite.c.obj (.text.HOSTwrite)
                  00008510    00000058     ti_msp_dl_config.o (.text.SYSCFG_DL_GY_87_init)
                  00008568    00000058     libc.a : _ltoa.c.obj (.text.__TI_ltoa)
                  000085c0    00000058            : _printfi.c.obj (.text._pconv_f)
                  00008618    00000056     libclang_rt.builtins.a : aeabi_idivmod.S.obj (.text.__aeabi_idivmod)
                  0000866e    00000002     --HOLE-- [fill = 0]
                  00008670    00000054     ti_msp_dl_config.o (.text.SYSCFG_DL_UART_1_init)
                  000086c4    00000052     libc.a : fflush.c.obj (.text.__TI_doflush)
                  00008716    00000052            : _printfi.c.obj (.text._ecpy)
                  00008768    00000050     ti_msp_dl_config.o (.text.DL_GPIO_initPeripheralInputFunctionFeatures)
                  000087b8    00000050     mpu_port.o (.text.DL_I2C_startControllerTransfer)
                  00008808    00000050     oled.o (.text.DL_I2C_startControllerTransfer)
                  00008858    00000050     Serial.o (.text.RingBuffer_Read)
                  000088a8    00000050     libsysbm.a : close.c.obj (.text.close)
                  000088f8    0000004c     ti_msp_dl_config.o (.text.DL_GPIO_initDigitalInputFeatures)
                  00008944    0000004c     ti_msp_dl_config.o (.text.DL_UART_setBaudRateDivisor)
                  00008990    0000004c     Grayscale.o (.text.Gray_Sensor_Init)
                  000089dc    0000004a     libclang_rt.builtins.a : fixdfsi.S.obj (.text.__fixdfsi)
                  00008a26    00000002     --HOLE-- [fill = 0]
                  00008a28    00000048     driverlib.a : dl_uart.o (.text.DL_UART_init)
                  00008a70    00000048     libsysbm.a : hostclose.c.obj (.text.HOSTclose)
                  00008ab8    00000048                : hostunlink.c.obj (.text.HOSTunlink)
                  00008b00    00000048     oled.o (.text.OLED_DisplayTurn)
                  00008b48    00000048     oled.o (.text.OLED_DrawPoint)
                  00008b90    00000048     ti_msp_dl_config.o (.text.SYSCFG_DL_UART_0_init)
                  00008bd8    00000048     inv_mpu_dmp_motion_driver.o (.text.dmp_enable_6x_lp_quat)
                  00008c20    00000048     inv_mpu_dmp_motion_driver.o (.text.dmp_enable_lp_quat)
                  00008c68    00000048     libc.a : strtok.c.obj (.text.strtok)
                  00008cb0    00000044     driverlib.a : dl_sysctl_mspm0g1x0x_g3x0x.o (.text.DL_SYSCTL_switchMCLKfromSYSOSCtoHSCLK)
                  00008cf4    00000044     inv_mpu_dmp_motion_driver.o (.text.dmp_set_shake_reject_thresh)
                  00008d38    00000044     inv_mpu_dmp_motion_driver.o (.text.dmp_set_tap_count)
                  00008d7c    00000040     BlueSerial.o (.text.RingBuffer_Write)
                  00008dbc    00000040     ti_msp_dl_config.o (.text.SYSCFG_DL_TIMER_0_init)
                  00008dfc    00000040     ti_msp_dl_config.o (.text.SYSCFG_DL_TIMER_ENCODER_init)
                  00008e3c    00000040     libclang_rt.builtins.a : aeabi_uidivmod.S.obj (.text.__aeabi_uidivmod)
                  00008e7c    00000040                            : extendsfdf2.S.obj (.text.__extendsfdf2)
                  00008ebc    00000040     libc.a : atoi.c.obj (.text.atoi)
                  00008efc    00000040            : vsnprintf.c.obj (.text.vsnprintf)
                  00008f3c    0000003e     oled.o (.text.OLED_Printf)
                  00008f7a    0000003e     mpu_port.o (.text.inv_orientation_matrix_to_scalar)
                  00008fb8    0000003c     ti_msp_dl_config.o (.text.DL_Timer_setCounterControl)
                  00008ff4    0000003c     ti_msp_dl_config.o (.text.SYSCFG_DL_init)
                  00009030    0000003c     libclang_rt.builtins.a : floatsisf.S.obj (.text.__floatsisf)
                  0000906c    0000003c                            : comparesf2.S.obj (.text.__gtsf2)
                  000090a8    0000003c     libc.a : autoinit.c.obj (.text:__TI_auto_init_nobinit_nopinit)
                  000090e4    0000003a     libclang_rt.builtins.a : comparesf2.S.obj (.text.__eqsf2)
                  0000911e    00000002     --HOLE-- [fill = 0]
                  00009120    0000003a                            : muldsi3.S.obj (.text.__muldsi3)
                  0000915a    00000038     BlueSerial.o (.text.BlueSerial_SendString)
                  00009192    00000002     --HOLE-- [fill = 0]
                  00009194    00000038     Encoder.o (.text.Encoder_GetSpeed)
                  000091cc    00000038     Grayscale.o (.text.SpeedRamp_Start)
                  00009204    00000038     libclang_rt.builtins.a : fixsfsi.S.obj (.text.__fixsfsi)
                  0000923c    00000034     oled.o (.text.OLED_ColorTurn)
                  00009270    00000034     libc.a : fopen.c.obj (.text.__TI_cleanup)
                  000092a4    00000034     libsysbm.a : trgmsg.c.obj (.text.__TI_readmsg)
                  000092d8    00000034                : trgmsg.c.obj (.text.__TI_writemsg)
                  0000930c    00000034     libc.a : exit.c.obj (.text.exit)
                  00009340    00000034            : getdevice.c.obj (.text.finddevice)
                  00009374    00000032     BlueSerial.o (.text.BlueSerial_Printf)
                  000093a6    00000032     inv_mpu_dmp_motion_driver.o (.text.dmp_set_shake_reject_time)
                  000093d8    00000032     inv_mpu_dmp_motion_driver.o (.text.dmp_set_shake_reject_timeout)
                  0000940a    00000002     --HOLE-- [fill = 0]
                  0000940c    00000030     Grayscale.o (.text.DL_GPIO_setDigitalInternalResistor)
                  0000943c    00000030     Encoder.o (.text.Encoder_GetTotalCount)
                  0000946c    00000030     Motor.o (.text.Motor_Speed_Init)
                  0000949c    00000030     libc.a : _printfi.c.obj (.text._fcpy)
                  000094cc    00000030            : vsnprintf.c.obj (.text._outs)
                  000094fc    00000030     inv_mpu_dmp_motion_driver.o (.text.dmp_set_tap_time)
                  0000952c    00000030     inv_mpu_dmp_motion_driver.o (.text.dmp_set_tap_time_multi)
                  0000955c    0000002c     BlueSerial.o (.text.BlueSerial_SendByte)
                  00009588    0000002c     Serial.o (.text.Serial_SendByte)
                  000095b4    0000002c     BlueSerial.o (.text.__NVIC_ClearPendingIRQ)
                  000095e0    0000002c     Serial.o (.text.__NVIC_ClearPendingIRQ)
                  0000960c    0000002c     Timer.o (.text.__NVIC_ClearPendingIRQ)
                  00009638    0000002c     BlueSerial.o (.text.__NVIC_EnableIRQ)
                  00009664    0000002c     Encoder.o (.text.__NVIC_EnableIRQ)
                  00009690    0000002c     Serial.o (.text.__NVIC_EnableIRQ)
                  000096bc    0000002c     Timer.o (.text.__NVIC_EnableIRQ)
                  000096e8    0000002c     libclang_rt.builtins.a : floatsidf.S.obj (.text.__floatsidf)
                  00009714    0000002c     libsysbm.a : unlink.c.obj (.text.unlink)
                  00009740    0000002c     libc.a : vsprintf.c.obj (.text.vsprintf)
                  0000976c    00000028     Serial.o (.text.DL_Common_updateReg)
                  00009794    00000028     mpu_port.o (.text.DL_Common_updateReg)
                  000097bc    00000028     oled.o (.text.DL_Common_updateReg)
                  000097e4    00000028     ti_msp_dl_config.o (.text.DL_Common_updateReg)
                  0000980c    00000028     ti_msp_dl_config.o (.text.DL_I2C_setControllerRXFIFOThreshold)
                  00009834    00000028     ti_msp_dl_config.o (.text.DL_I2C_setControllerTXFIFOThreshold)
                  0000985c    00000028     Serial.o (.text.DL_UART_setRXFIFOThreshold)
                  00009884    00000028     libclang_rt.builtins.a : floatunsisf.S.obj (.text.__floatunsisf)
                  000098ac    00000028     libc.a : memory.c.obj (.text.free_list_insert)
                  000098d4    00000028     libsysbm.a : lseek.c.obj (.text.lseek)
                  000098fc    00000028                : write.c.obj (.text.write)
                  00009924    00000028     libc.a : boot_cortex_m.c.obj (.text:_c_int00_noargs)
                  0000994c    00000026     ti_msp_dl_config.o (.text.DL_I2C_setAnalogGlitchFilterPulseWidth)
                  00009972    00000026     driverlib.a : dl_i2c.o (.text.DL_I2C_setClockConfig)
                  00009998    00000026     libc.a : strspn.c.obj (.text.strspn)
                  000099be    00000024     ti_msp_dl_config.o (.text.DL_I2C_setDigitalGlitchFilterPulseWidth)
                  000099e2    00000002     --HOLE-- [fill = 0]
                  000099e4    00000024     Grayscale.o (.text.Gray_SoftStart_Reset)
                  00009a08    00000024     Motor.o (.text.Motor_SetTargetSpeed)
                  00009a2c    00000024     Motor.o (.text.Motor_Speed_PID_Reset)
                  00009a50    00000024     Serial.o (.text.Serial_Init)
                  00009a74    00000024     libclang_rt.builtins.a : floatunsidf.S.obj (.text.__floatunsidf)
                  00009a98    00000024                            : muldi3.S.obj (.text.__muldi3)
                  00009abc    00000024     libc.a : strcspn.c.obj (.text.strcspn)
                  00009ae0    00000022            : memccpy.c.obj (.text.memccpy)
                  00009b02    00000002     --HOLE-- [fill = 0]
                  00009b04    00000020     ti_msp_dl_config.o (.text.DL_GPIO_initPeripheralInputFunction)
                  00009b24    00000020     ti_msp_dl_config.o (.text.DL_SYSCTL_setFlashWaitState)
                  00009b44    00000020     Motor.o (.text.Motor_Init)
                  00009b64    00000020     libc.a : memcmp.c.obj (.text.memcmp)
                  00009b84    00000020     mpu_port.o (.text.mget_ms)
                  00009ba4    0000001e     ti_msp_dl_config.o (.text.DL_UART_setOversampling)
                  00009bc2    00000002     --HOLE-- [fill = 0]
                  00009bc4    0000001e     libclang_rt.builtins.a : ashldi3.S.obj (.text.__ashldi3)
                  00009be2    00000002     --HOLE-- [fill = 0]
                  00009be4    0000001c     ti_msp_dl_config.o (.text.DL_GPIO_clearInterruptStatus)
                  00009c00    0000001c     ti_msp_dl_config.o (.text.DL_GPIO_enableHiZ)
                  00009c1c    0000001c     ti_msp_dl_config.o (.text.DL_GPIO_enableInterrupt)
                  00009c38    0000001c     ti_msp_dl_config.o (.text.DL_GPIO_initPeripheralOutputFunction)
                  00009c54    0000001c     ti_msp_dl_config.o (.text.DL_GPIO_setLowerPinsPolarity)
                  00009c70    0000001c     mpu_port.o (.text.DL_I2C_isControllerRXFIFOEmpty)
                  00009c8c    0000001c     mpu_port.o (.text.DL_I2C_isControllerTXFIFOFull)
                  00009ca8    0000001c     Encoder.o (.text.DL_Interrupt_getPendingGroup)
                  00009cc4    0000001c     driverlib.a : dl_sysctl_mspm0g1x0x_g3x0x.o (.text.DL_SYSCTL_configFCC)
                  00009ce0    0000001c     ti_msp_dl_config.o (.text.DL_SYSCTL_setFCCPeriods)
                  00009cfc    0000001c     ti_msp_dl_config.o (.text.DL_SYSCTL_setSYSOSCFreq)
                  00009d18    0000001c     ti_msp_dl_config.o (.text.DL_SYSCTL_setULPCLKDivider)
                  00009d34    0000001c     ti_msp_dl_config.o (.text.DL_Timer_enableInterrupt)
                  00009d50    0000001c     driverlib.a : dl_timer.o (.text.DL_Timer_setCaptCompUpdateMethod)
                  00009d6c    0000001c                 : dl_timer.o (.text.DL_Timer_setClockConfig)
                  00009d88    0000001c     BlueSerial.o (.text.DL_UART_enableInterrupt)
                  00009da4    0000001c     ti_msp_dl_config.o (.text.DL_UART_enableInterrupt)
                  00009dc0    0000001c     Encoder.o (.text.Encoder_Init)
                  00009ddc    0000001c     delay.o (.text.delay_ms)
                  00009df8    0000001c     inv_mpu_dmp_motion_driver.o (.text.dmp_load_motion_driver_firmware)
                  00009e14    0000001c     libc.a : memory.c.obj (.text.free_list_remove)
                  00009e30    00000018     ti_msp_dl_config.o (.text.DL_GPIO_enableOutput)
                  00009e48    00000018     ti_msp_dl_config.o (.text.DL_GPIO_enablePower)
                  00009e60    00000018     oled.o (.text.DL_GPIO_initDigitalOutput)
                  00009e78    00000018     ti_msp_dl_config.o (.text.DL_GPIO_initDigitalOutput)
                  00009e90    00000018     ti_msp_dl_config.o (.text.DL_GPIO_initPeripheralAnalogFunction)
                  00009ea8    00000018     ti_msp_dl_config.o (.text.DL_GPIO_reset)
                  00009ec0    00000018     Motor.o (.text.DL_GPIO_setPins)
                  00009ed8    00000018     oled.o (.text.DL_GPIO_setPins)
                  00009ef0    00000018     ti_msp_dl_config.o (.text.DL_GPIO_setUpperPinsPolarity)
                  00009f08    00000018     ti_msp_dl_config.o (.text.DL_I2C_enableAnalogGlitchFilter)
                  00009f20    00000018     ti_msp_dl_config.o (.text.DL_I2C_enableController)
                  00009f38    00000018     ti_msp_dl_config.o (.text.DL_I2C_enableControllerClockStretching)
                  00009f50    00000018     ti_msp_dl_config.o (.text.DL_I2C_enablePower)
                  00009f68    00000018     ti_msp_dl_config.o (.text.DL_I2C_reset)
                  00009f80    00000018     ti_msp_dl_config.o (.text.DL_I2C_setTimerPeriod)
                  00009f98    00000018     ti_msp_dl_config.o (.text.DL_SYSCTL_setBORThreshold)
                  00009fb0    00000018     ti_msp_dl_config.o (.text.DL_Timer_enablePower)
                  00009fc8    00000018     ti_msp_dl_config.o (.text.DL_Timer_reset)
                  00009fe0    00000018     driverlib.a : dl_timer.o (.text.DL_Timer_setCaptureCompareOutCtl)
                  00009ff8    00000018     BlueSerial.o (.text.DL_UART_clearInterruptStatus)
                  0000a010    00000018     ti_msp_dl_config.o (.text.DL_UART_enablePower)
                  0000a028    00000018     BlueSerial.o (.text.DL_UART_getErrorStatus)
                  0000a040    00000018     BlueSerial.o (.text.DL_UART_isRXFIFOEmpty)
                  0000a058    00000018     Serial.o (.text.DL_UART_isRXFIFOEmpty)
                  0000a070    00000018     empty.o (.text.DL_UART_isRXFIFOEmpty)
                  0000a088    00000018     BlueSerial.o (.text.DL_UART_isTXFIFOFull)
                  0000a0a0    00000018     Serial.o (.text.DL_UART_isTXFIFOFull)
                  0000a0b8    00000018     ti_msp_dl_config.o (.text.DL_UART_reset)
                  0000a0d0    00000018     Key.o (.text.Key_GetNum)
                  0000a0e8    00000018     libc.a : vsnprintf.c.obj (.text._outc)
                  0000a100    00000018            : vsprintf.c.obj (.text._outs)
                  0000a118    00000016     Encoder.o (.text.DL_GPIO_readPins)
                  0000a12e    00000016     Grayscale.o (.text.DL_GPIO_readPins)
                  0000a144    00000016     Key.o (.text.DL_GPIO_readPins)
                  0000a15a    00000016     mpu_port.o (.text.DL_I2C_transmitControllerData)
                  0000a170    00000016     ti_msp_dl_config.o (.text.DL_UART_enable)
                  0000a186    00000016     BlueSerial.o (.text.DL_UART_transmitData)
                  0000a19c    00000016     Serial.o (.text.DL_UART_transmitData)
                  0000a1b2    00000016     Timer.o (.text.Timer_Init)
                  0000a1c8    00000014     Motor.o (.text.DL_GPIO_clearPins)
                  0000a1dc    00000014     oled.o (.text.DL_GPIO_clearPins)
                  0000a1f0    00000014     ti_msp_dl_config.o (.text.DL_GPIO_clearPins)
                  0000a204    00000014     mpu_port.o (.text.DL_I2C_getControllerStatus)
                  0000a218    00000014     oled.o (.text.DL_I2C_getControllerStatus)
                  0000a22c    00000014     mpu_port.o (.text.DL_I2C_receiveControllerData)
                  0000a240    00000014     oled.o (.text.DL_I2C_resetControllerTransfer)
                  0000a254    00000014     ti_msp_dl_config.o (.text.DL_I2C_resetControllerTransfer)
                  0000a268    00000014     ti_msp_dl_config.o (.text.DL_SYSCTL_disableSYSPLL)
                  0000a27c    00000014     ti_msp_dl_config.o (.text.DL_SYSCTL_enableSYSPLL)
                  0000a290    00000014     ti_msp_dl_config.o (.text.DL_Timer_enableClock)
                  0000a2a4    00000014     ti_msp_dl_config.o (.text.DL_Timer_setCCPDirection)
                  0000a2b8    00000014     BlueSerial.o (.text.DL_UART_receiveData)
                  0000a2cc    00000014     Serial.o (.text.DL_UART_receiveData)
                  0000a2e0    00000014     empty.o (.text.DL_UART_receiveData)
                  0000a2f4    00000014     libclang_rt.builtins.a : aeabi_uldivmod.S.obj (.text.__aeabi_uldivmod)
                  0000a308    00000014     libc.a : _printfi.c.obj (.text.strchr)
                  0000a31c    00000012     Encoder.o (.text.DL_GPIO_getPendingInterrupt)
                  0000a32e    00000012     Encoder.o (.text.DL_Timer_getPendingInterrupt)
                  0000a340    00000012     Timer.o (.text.DL_Timer_getPendingInterrupt)
                  0000a352    00000012     Serial.o (.text.DL_UART_getPendingInterrupt)
                  0000a364    00000012     driverlib.a : dl_uart.o (.text.DL_UART_setClockConfig)
                  0000a376    00000012     libc.a : memcpy16.S.obj (.text:TI_memcpy_small)
                  0000a388    00000012            : copy_decompress_none.c.obj (.text:decompress:none)
                  0000a39a    00000002     --HOLE-- [fill = 0]
                  0000a39c    00000010     ti_msp_dl_config.o (.text.DL_SYSCTL_disableHFXT)
                  0000a3ac    00000010     ti_msp_dl_config.o (.text.DL_SYSCTL_isFCCDone)
                  0000a3bc    00000010     ti_msp_dl_config.o (.text.DL_SYSCTL_startFCC)
                  0000a3cc    00000010     driverlib.a : dl_timer.o (.text.DL_Timer_setCaptureCompareValue)
                  0000a3dc    00000010     mpu_port.o (.text.MPU_Tick)
                  0000a3ec    00000010     Serial.o (.text.RingBuffer_GetCount)
                  0000a3fc    00000010     Serial.o (.text.Serial_GetRxCount)
                  0000a40c    00000010     Serial.o (.text.Serial_GetRxData)
                  0000a41c    00000010     libc.a : wcslen.c.obj (.text.wcslen)
                  0000a42c    00000010            : copy_zero_init.c.obj (.text:decompress:ZI)
                  0000a43c    0000000e            : memory.c.obj (.text.OUTLINED_FUNCTION_0)
                  0000a44a    0000000e     Grayscale.o (.text.SpeedRamp_Stop)
                  0000a458    0000000e     libclang_rt.builtins.a : aeabi_memset.S.obj (.text.__aeabi_memset)
                  0000a466    0000000e     libsysbm.a : hostrename.c.obj (.text.strcpy)
                  0000a474    0000000e     libc.a : _printfi.c.obj (.text.strlen)
                  0000a482    0000000e     libsysbm.a : hostrename.c.obj (.text.strlen)
                  0000a490    0000000e     libc.a : memset16.S.obj (.text:TI_memset_small)
                  0000a49e    0000000c     Grayscale.o (.text.SpeedRamp_IsActive)
                  0000a4aa    00000002     --HOLE-- [fill = 0]
                  0000a4ac    0000000c     libclang_rt.builtins.a : aeabi_memset.S.obj (.text.__aeabi_memclr)
                  0000a4b8    0000000c     libc.a : memory.c.obj (.text.malloc)
                  0000a4c4    0000000a     driverlib.a : dl_common.o (.text.DL_Common_delayCycles)
                  0000a4ce    0000000a     libc.a : _printfi.c.obj (.text.OUTLINED_FUNCTION_0)
                  0000a4d8    00000010     libclang_rt.builtins.a : adddf3.S.obj (.tramp.__aeabi_dsub.1)
                  0000a4e8    0000000a     libc.a : e_asin.c.obj (.text.OUTLINED_FUNCTION_0)
                  0000a4f2    00000002     --HOLE-- [fill = 0]
                  0000a4f4    00000010     libclang_rt.builtins.a : muldf3.S.obj (.tramp.__aeabi_dmul.1)
                  0000a504    0000000a     libc.a : s_atan.c.obj (.text.OUTLINED_FUNCTION_0)
                  0000a50e    0000000a            : _printfi.c.obj (.text.OUTLINED_FUNCTION_1)
                  0000a518    0000000a            : e_asin.c.obj (.text.OUTLINED_FUNCTION_1)
                  0000a522    0000000a            : e_asin.c.obj (.text.OUTLINED_FUNCTION_3)
                  0000a52c    00000010     libclang_rt.builtins.a : divdf3.S.obj (.tramp.__aeabi_ddiv.1)
                  0000a53c    0000000a     libc.a : vsprintf.c.obj (.text._outc)
                  0000a546    0000000a            : atof.c.obj (.text.atof)
                  0000a550    00000008            : strtod.c.obj (.text.OUTLINED_FUNCTION_0)
                  0000a558    00000008            : strtod.c.obj (.text.OUTLINED_FUNCTION_1)
                  0000a560    00000010     libclang_rt.builtins.a : aeabi_dcmp.S.obj (.tramp.__aeabi_dcmpeq.1)
                  0000a570    00000008     libc.a : s_atan.c.obj (.text.OUTLINED_FUNCTION_2)
                  0000a578    00000008            : aeabi_portable.c.obj (.text.__aeabi_errno_addr)
                  0000a580    00000008     libclang_rt.builtins.a : aeabi_memcpy.S.obj (.text.__aeabi_memcpy)
                  0000a588    00000008     libc.a : printf.c.obj (.text._outc)
                  0000a590    00000008            : printf.c.obj (.text._outs)
                  0000a598    00000008            : fseek.c.obj (.text.fseek)
                  0000a5a0    00000008     libsysbm.a : remove.c.obj (.text.remove)
                  0000a5a8    00000006     libc.a : s_atan.c.obj (.text.OUTLINED_FUNCTION_1)
                  0000a5ae    00000002     --HOLE-- [fill = 0]
                  0000a5b0    00000010     libclang_rt.builtins.a : adddf3.S.obj (.tramp.__aeabi_dadd.1)
                  0000a5c0    00000006     libc.a : e_asin.c.obj (.text.OUTLINED_FUNCTION_2)
                  0000a5c6    00000006            : exit.c.obj (.text:abort)
                  0000a5cc    00000004     startup_mspm0g350x_ticlang.o (.text.Default_Handler)
                  0000a5d0    00000004     libsysbm.a : hostexit.c.obj (.text.HOSTexit)
                  0000a5d4    00000004     libc.a : e_asin.c.obj (.text.OUTLINED_FUNCTION_4)
                  0000a5d8    00000004     startup_mspm0g350x_ticlang.o (.text.Reset_Handler)
                  0000a5dc    00000010     libc.a : boot_cortex_m.c.obj (.tramp._c_int00_noargs.1)
                  0000a5ec    00000004            : pre_init.c.obj (.text._system_pre_init)

.cinit     0    0000d090    000000e0     
                  0000d090    000000bb     (.cinit..data.load) [load image, compression = lzss]
                  0000d14b    00000001     --HOLE-- [fill = 0]
                  0000d14c    0000000c     (__TI_handler_table)
                  0000d158    00000008     (.cinit..bss.load) [load image, compression = zero_init]
                  0000d160    00000010     (__TI_cinit_table)

.rodata    0    0000a5f0    00002aa0     
                  0000a5f0    00000d5c     oled.o (.rodata.asc2_2412)
                  0000b34c    00000bf6     inv_mpu_dmp_motion_driver.o (.rodata.dmp_memory)
                  0000bf42    000005f0     oled.o (.rodata.asc2_1608)
                  0000c532    00000474     oled.o (.rodata.asc2_1206)
                  0000c9a6    0000023a     oled.o (.rodata.OLED_F6x8)
                  0000cbe0    00000101     libc.a : aeabi_ctype.S.obj (.rodata:__aeabi_ctype_table_)
                  0000cce1    00000007     BlueSerial.o (.rodata.str1.2744189942404374000.1)
                  0000cce8    00000080     libc.a : strtod.c.obj (.rodata.digits)
                  0000cd68    0000004d     inv_mpu.o (.rodata.str1.12529722238060830964.1)
                  0000cdb5    00000003     ti_msp_dl_config.o (.rodata.gPWM_AClockConfig)
                  0000cdb8    00000048     libc.a : strtod.c.obj (.rodata.powerof10)
                  0000ce00    00000040            : s_atan.c.obj (.rodata.cst32)
                  0000ce40    00000028     ti_msp_dl_config.o (.rodata.gSYSPLLConfig)
                  0000ce68    00000028     inv_mpu.o (.rodata.test)
                  0000ce90    00000026     inv_mpu.o (.rodata.str1.6385159555456066691.1)
                  0000ceb6    0000001e     inv_mpu.o (.rodata.str1.1389070378196157055.1)
                  0000ced4    0000001b     inv_mpu.o (.rodata.reg)
                  0000ceef    00000001     --HOLE-- [fill = 0]
                  0000cef0    00000014     ti_msp_dl_config.o (.rodata.gTIMER_0TimerConfig)
                  0000cf04    00000014     ti_msp_dl_config.o (.rodata.gTIMER_ENCODERTimerConfig)
                  0000cf18    00000014     empty.o (.rodata.str1.150872071346279890.1)
                  0000cf2c    00000014     empty.o (.rodata.str1.15706828512682300538.1)
                  0000cf40    00000014     empty.o (.rodata.str1.16704889451495720520.1)
                  0000cf54    00000012     empty.o (.rodata.str1.2196762768037919588.1)
                  0000cf66    00000011     libc.a : _printfi.c.obj (.rodata.str1.10348868589481759720.1)
                  0000cf77    00000011            : _printfi.c.obj (.rodata.str1.15363888844622738466.1)
                  0000cf88    00000011     empty.o (.rodata.str1.17669528882079347314.1)
                  0000cf99    00000010     empty.o (.rodata.str1.14685083708502177989.1)
                  0000cfa9    00000010     empty.o (.rodata.str1.17686411042290499047.1)
                  0000cfb9    0000000e     empty.o (.rodata.str1.254342170260855183.1)
                  0000cfc7    00000001     --HOLE-- [fill = 0]
                  0000cfc8    0000000c     inv_mpu.o (.rodata.hw)
                  0000cfd4    0000000c     empty.o (.rodata.str1.9517790425240694019.1)
                  0000cfe0    0000000a     ti_msp_dl_config.o (.rodata.gUART_0Config)
                  0000cfea    0000000a     ti_msp_dl_config.o (.rodata.gUART_1Config)
                  0000cff4    00000009     empty.o (.rodata.str1.11898133897667081452.1)
                  0000cffd    00000009     BlueSerial.o (.rodata.str1.12656820082310274820.1)
                  0000d006    00000009     empty.o (.rodata.str1.7401042497206923953.1)
                  0000d00f    00000001     --HOLE-- [fill = 0]
                  0000d010    00000008     ti_msp_dl_config.o (.rodata.gPWM_AConfig)
                  0000d018    00000008     ti_msp_dl_config.o (.rodata.gPWM_BConfig)
                  0000d020    00000005     BlueSerial.o (.rodata.str1.11015018481199166191.1)
                  0000d025    00000005     BlueSerial.o (.rodata.str1.14226958763172924174.1)
                  0000d02a    00000005     BlueSerial.o (.rodata.str1.468863901847511358.1)
                  0000d02f    00000005     BlueSerial.o (.rodata.str1.4908872018203995979.1)
                  0000d034    00000004     BlueSerial.o (.rodata.str1.14706193122974806478.1)
                  0000d038    00000004     BlueSerial.o (.rodata.str1.14916653772664460293.1)
                  0000d03c    00000004     BlueSerial.o (.rodata.str1.1685803409765501623.1)
                  0000d040    00000004     BlueSerial.o (.rodata.str1.16914805481461340097.1)
                  0000d044    00000004     BlueSerial.o (.rodata.str1.17294437657924753871.1)
                  0000d048    00000004     BlueSerial.o (.rodata.str1.2641582750598420562.1)
                  0000d04c    00000004     BlueSerial.o (.rodata.str1.3466785342328476943.1)
                  0000d050    00000004     BlueSerial.o (.rodata.str1.4557572103387865607.1)
                  0000d054    00000004     BlueSerial.o (.rodata.str1.6947395602377101669.1)
                  0000d058    00000004     BlueSerial.o (.rodata.str1.7741960119094133964.1)
                  0000d05c    00000004     BlueSerial.o (.rodata.str1.8039899439478538086.1)
                  0000d060    00000004     BlueSerial.o (.rodata.str1.8690728603394417784.1)
                  0000d064    00000004     BlueSerial.o (.rodata.str1.915620105927944562.1)
                  0000d068    00000004     BlueSerial.o (.rodata.str1.920736763602918520.1)
                  0000d06c    00000004     BlueSerial.o (.rodata.str1.9787235904985915524.1)
                  0000d070    00000003     ti_msp_dl_config.o (.rodata.gPWM_BClockConfig)
                  0000d073    00000003     ti_msp_dl_config.o (.rodata.gTIMER_0ClockConfig)
                  0000d076    00000003     ti_msp_dl_config.o (.rodata.gTIMER_ENCODERClockConfig)
                  0000d079    00000002     ti_msp_dl_config.o (.rodata.gGY_87ClockConfig)
                  0000d07b    00000002     ti_msp_dl_config.o (.rodata.gOLEDClockConfig)
                  0000d07d    00000002     ti_msp_dl_config.o (.rodata.gUART_0ClockConfig)
                  0000d07f    00000002     ti_msp_dl_config.o (.rodata.gUART_1ClockConfig)
                  0000d081    00000002     BlueSerial.o (.rodata.str1.13251591772116466936.1)
                  0000d083    00000002     BlueSerial.o (.rodata.str1.5799165110131935130.1)
                  0000d085    00000002     BlueSerial.o (.rodata.str1.9425451887957445153.1)
                  0000d087    00000009     --HOLE-- [fill = 0]

.init_array 
*          0    00000000    00000000     UNINITIALIZED

.binit     0    00000000    00000000     

.sysmem    0    20200000    00000800     UNINITIALIZED
                  20200000    00000010     libc.a : memory.c.obj (.sysmem)
                  20200010    000007f0     --HOLE--

.bss       0    20200800    0000078c     UNINITIALIZED
                  20200800    00000480     (.common:OLED_GRAM)
                  20200c80    00000120     libsysbm.a : trgmsg.c.obj (.bss:_CIOBUF_)
                  20200da0    000000bc     (.common:gPWM_ABackup)
                  20200e5c    000000a0     libc.a : defs.c.obj (.bss.__TI_tmpnams)
                  20200efc    00000064     (.common:BlueSerial_RxPacket)
                  20200f60    00000010     Grayscale.o (.bss.decel_ramp)
                  20200f70    00000010     Grayscale.o (.bss.soft_ramp)
                  20200f80    00000008     libsysbm.a : hostopen.c.obj (.bss.parmbuf)
                  20200f88    00000004     libc.a : memory.c.obj (.bss.sys_free)

.data      0    20200f8c    0000053e     UNINITIALIZED
                  20200f8c    00000106     BlueSerial.o (.data.rxBuffer)
                  20201092    00000106     Serial.o (.data.rxBuffer)
                  20201198    000000f0     libc.a : defs.c.obj (.data._ftable)
                  20201288    00000078     libsysbm.a : host_device.c.obj (.data._device)
                  20201300    00000050                : host_device.c.obj (.data._stream)
                  20201350    0000002c     inv_mpu.o (.data.st)
                  2020137c    00000014     Motor.o (.data.motor_l_ctrl)
                  20201390    00000014     Motor.o (.data.motor_r_ctrl)
                  202013a4    00000010     inv_mpu_dmp_motion_driver.o (.data.dmp)
                  202013b4    0000000a     Encoder.o (.data.g_speed_buf_left)
                  202013be    0000000a     Encoder.o (.data.g_speed_buf_right)
                  202013c8    00000009     mpu_port.o (.data.gyro_orientation)
                  202013d1    00000001     BlueSerial.o (.data.BlueSerial_RxFlag)
                  202013d2    00000002     Grayscale.o (.data.BaseSpeed)
                  202013d4    00000008     libc.a : exit.c.obj (.data..L_MergedGlobals)
                  202013dc    00000004     Grayscale.o (.data.Gray_WeightScale)
                  202013e0    00000004     Motor.o (.data.Motor_Kd)
                  202013e4    00000004     Motor.o (.data.Motor_Ki)
                  202013e8    00000004     Motor.o (.data.Motor_Kp)
                  202013ec    00000004     Timer.o (.data.System_Tick_Count)
                  202013f0    00000004     Motor.o (.data.Track_Kd)
                  202013f4    00000004     Motor.o (.data.Track_Kp)
                  202013f8    00000004     Grayscale.o (.data.TurnSlowRatio)
                  202013fc    00000004     Grayscale.o (.data.Turn_Start_Tick)
                  20201400    00000004     libc.a : defs.c.obj (.data.__TI_ft_end)
                  20201404    00000004            : aeabi_portable.c.obj (.data.__aeabi_errno)
                  20201408    00000004            : _lock.c.obj (.data._lock)
                  2020140c    00000004            : _lock.c.obj (.data._unlock)
                  20201410    00000004     Serial.o (.data.dbg_rx_total)
                  20201414    00000004     Encoder.o (.data.g_enc_gpioa_irq_cnt)
                  20201418    00000004     Encoder.o (.data.g_enc_gpiob_irq_cnt)
                  2020141c    00000004     Encoder.o (.data.g_enc_left_total)
                  20201420    00000004     Encoder.o (.data.g_enc_right_total)
                  20201424    00000004     Motor.o (.data.g_total_distance_mm)
                  20201428    00000004     MPU6050_PID.o (.data.g_yaw_dead_zone)
                  2020142c    00000004     MPU6050_PID.o (.data.g_yaw_kd)
                  20201430    00000004     MPU6050_PID.o (.data.g_yaw_ki)
                  20201434    00000004     MPU6050_PID.o (.data.g_yaw_kp)
                  20201438    00000004     MPU6050_PID.o (.data.g_yaw_target)
                  2020143c    00000004     Motor.o (.data.last_deviation)
                  20201440    00000004     libc.a : strtok.c.obj (.data.last_end)
                  20201444    00000004     empty.o (.data.main.oled_last_tick)
                  20201448    00000004     empty.o (.data.main.prev_l)
                  2020144c    00000004     empty.o (.data.main.prev_r)
                  20201450    00000004     mpu_port.o (.data.mpu_corrected_yaw)
                  20201454    00000004     mpu_port.o (.data.mpu_pitch)
                  20201458    00000004     mpu_port.o (.data.mpu_raw_yaw_prev)
                  2020145c    00000004     mpu_port.o (.data.mpu_roll)
                  20201460    00000004     mpu_port.o (.data.mpu_yaw_last)
                  20201464    00000004     mpu_port.o (.data.mpu_yaw_offset)
                  20201468    00000004     mpu_port.o (.data.sys_tick_ms)
                  2020146c    00000004     Serial.o (.data.uart1_isr_count)
                  20201470    00000002     Timer.o (.data.Count0)
                  20201472    00000002     Timer.o (.data.Count1)
                  20201474    00000002     Grayscale.o (.data.DecelSpeed)
                  20201476    00000002     Grayscale.o (.data.JoyTurn)
                  20201478    00000002     Grayscale.o (.data.PWML)
                  2020147a    00000002     Grayscale.o (.data.PWMR)
                  2020147c    00000002     Serial.o (.data.Serial_FrameId)
                  2020147e    00000002     Grayscale.o (.data.SoftStartTime)
                  20201480    00000002     Timer.o (.data.TIMG0_IRQHandler.speed_pid_cnt)
                  20201482    00000002     Timer.o (.data.TIMG0_IRQHandler.track_10ms_cnt)
                  20201484    00000002     Grayscale.o (.data.TurnDecelTime)
                  20201486    00000002     Grayscale.o (.data.TurnPower)
                  20201488    00000002     Encoder.o (.data.g_enc_gpioa_delta)
                  2020148a    00000002     Encoder.o (.data.g_enc_gpiob_delta)
                  2020148c    00000002     Encoder.o (.data.g_enc_left_20ms_acc)
                  2020148e    00000002     Encoder.o (.data.g_enc_left_delta)
                  20201490    00000002     Encoder.o (.data.g_enc_left_raw)
                  20201492    00000002     Encoder.o (.data.g_enc_right_20ms_acc)
                  20201494    00000002     Encoder.o (.data.g_enc_right_delta)
                  20201496    00000002     Encoder.o (.data.g_enc_right_raw)
                  20201498    00000002     Encoder.o (.data.g_speed_left_filtered)
                  2020149a    00000002     Encoder.o (.data.g_speed_right_filtered)
                  2020149c    00000002     empty.o (.data.main.last_frame_id)
                  2020149e    00000002     empty.o (.data.main.rx_cnt)
                  202014a0    00000002     mpu_port.o (.data.mpu_stable_cnt)
                  202014a2    00000001     Grayscale.o (.data.Gray_1)
                  202014a3    00000001     Grayscale.o (.data.Gray_2)
                  202014a4    00000001     Grayscale.o (.data.Gray_3)
                  202014a5    00000001     Grayscale.o (.data.Gray_4)
                  202014a6    00000001     Grayscale.o (.data.Gray_5)
                  202014a7    00000001     Grayscale.o (.data.Gray_6)
                  202014a8    00000001     Grayscale.o (.data.Gray_7)
                  202014a9    00000001     Grayscale.o (.data.Gray_8)
                  202014aa    00000001     Grayscale.o (.data.Gray_LineFound)
                  202014ab    00000001     BlueSerial.o (.data.Joystick_Active)
                  202014ac    00000001     BlueSerial.o (.data.Joystick_LH)
                  202014ad    00000001     BlueSerial.o (.data.Joystick_LV)
                  202014ae    00000001     BlueSerial.o (.data.Joystick_RH)
                  202014af    00000001     BlueSerial.o (.data.Joystick_RV)
                  202014b0    00000001     Key.o (.data.Key_Num)
                  202014b1    00000001     Key.o (.data.Key_Tick.Count)
                  202014b2    00000001     Key.o (.data.Key_Tick.CurrState)
                  202014b3    00000001     Key.o (.data.Key_Tick.PrevState)
                  202014b4    00000001     Grayscale.o (.data.M2_State)
                  202014b5    00000001     Grayscale.o (.data.RunFlag)
                  202014b6    00000001     Serial.o (.data.Serial_GetKeyFrame.key)
                  202014b7    00000001     Serial.o (.data.Serial_GetKeyFrame.st)
                  202014b8    00000001     Serial.o (.data.Serial_LastKey)
                  202014b9    00000001     Timer.o (.data.TIMG0_IRQHandler.serial_tick)
                  202014ba    00000001     Encoder.o (.data.TIMG12_IRQHandler.cnt)
                  202014bb    00000001     Grayscale.o (.data.Turn_Direction)
                  202014bc    00000001     Grayscale.o (.data.Turn_Mode)
                  202014bd    00000001     Grayscale.o (.data.Turn_State)
                  202014be    00000001     BlueSerial.o (.data.UART0_IRQHandler.RxState)
                  202014bf    00000001     BlueSerial.o (.data.UART0_IRQHandler.pRxPacket)
                  202014c0    00000001     Encoder.o (.data.g_enc_20ms_ready)
                  202014c1    00000001     Encoder.o (.data.g_speed_buf_idx_left)
                  202014c2    00000001     Encoder.o (.data.g_speed_buf_idx_right)
                  202014c3    00000001     empty.o (.data.main.oled_page)
                  202014c4    00000001     empty.o (.data.main.oled_page_total)
                  202014c5    00000001     empty.o (.data.main.rx_data)
                  202014c6    00000001     mpu_port.o (.data.mpu_calibrated)
                  202014c7    00000001     mpu_port.o (.data.mpu_ok)
                  202014c8    00000001     libc.a : memory.c.obj (.data.memory_is_initialized)
                  202014c9    00000001     Grayscale.o (.data.soft_was_running)

.stack     0    20207e00    00000200     UNINITIALIZED
                  20207e00    00000004     libc.a : boot_cortex_m.c.obj (.stack)
                  20207e04    000001fc     --HOLE--

__llvm_prf_cnts 
*          0    20200000    00000000     UNINITIALIZED

__llvm_prf_bits 
*          0    20200000    00000000     UNINITIALIZED

MODULE SUMMARY

       Module                         code    ro data   rw data
       ------                         ----    -------   -------
    .\
       ti_msp_dl_config.o             3458    136       188    
       empty.o                        1396    171       19     
       startup_mspm0g350x_ticlang.o   8       192       0      
    +--+------------------------------+-------+---------+---------+
       Total:                         4862    499       207    
                                                               
    .\Hardware\
       oled.o                         2278    6650      1152   
       Grayscale.o                    2628    0         75     
       BlueSerial.o                   1896    102       370    
       Motor.o                        1336    0         68     
       Serial.o                       886     0         275    
       Encoder.o                      962     0         60     
       Key.o                          262     0         4      
    +--+------------------------------+-------+---------+---------+
       Total:                         10248   6752      2004   
                                                               
    .\Hardware\mpu6050\
       inv_mpu_dmp_motion_driver.o    3070    3062      16     
       inv_mpu.o                      4704    224       44     
       mpu_port.o                     2326    0         41     
       MPU6050_PID.o                  0       0         20     
    +--+------------------------------+-------+---------+---------+
       Total:                         10100   3286      121    
                                                               
    .\system\
       Timer.o                        368     0         13     
       delay.o                        28      0         0      
    +--+------------------------------+-------+---------+---------+
       Total:                         396     0         13     
                                                               
    C:/TI/mspm0_sdk_2_10_00_04/source/ti/driverlib/lib/ticlang/m0p/mspm0g1x0x_g3x0x/driverlib.a
       dl_timer.o                     608     0         0      
       dl_sysctl_mspm0g1x0x_g3x0x.o   416     0         0      
       dl_i2c.o                       132     0         0      
       dl_uart.o                      90      0         0      
       dl_common.o                    10      0         0      
    +--+------------------------------+-------+---------+---------+
       Total:                         1256    0         0      
                                                               
    D:\TI\CCS\ccs\tools\compiler\ti-cgt-armllvm_4.0.4.LTS\lib\armv6m-ti-none-eabi/c/libc.a
       _printfi.c.obj                 4510    34        0      
       strtod.c.obj                   968     200       0      
       e_asin.c.obj                   908     0         0      
       s_atan.c.obj                   784     64        0      
       memory.c.obj                   702     0         5      
       defs.c.obj                     0       0         404    
       e_atan2.c.obj                  392     0         0      
       e_sqrt.c.obj                   368     0         0      
       aeabi_ctype.S.obj              0       257       0      
       fputs.c.obj                    248     0         0      
       setvbuf.c.obj                  224     0         0      
       s_scalbn.c.obj                 216     0         0      
       getdevice.c.obj                160     0         0      
       fputc.c.obj                    156     0         0      
       strcmp-armv6m.S.obj            136     0         0      
       vsnprintf.c.obj                136     0         0      
       copy_decompress_lzss.c.obj     124     0         0      
       fclose.c.obj                   124     0         0      
       fseek.c.obj                    116     0         0      
       printf.c.obj                   108     0         0      
       _io_perm.c.obj                 100     0         0      
       s_frexp.c.obj                  92      0         0      
       _ltoa.c.obj                    88      0         0      
       fflush.c.obj                   82      0         0      
       vsprintf.c.obj                 78      0         0      
       strtok.c.obj                   72      0         4      
       exit.c.obj                     58      0         8      
       atoi.c.obj                     64      0         0      
       autoinit.c.obj                 60      0         0      
       boot_cortex_m.c.obj            56      0         0      
       fopen.c.obj                    52      0         0      
       strspn.c.obj                   38      0         0      
       strcspn.c.obj                  36      0         0      
       memccpy.c.obj                  34      0         0      
       memcmp.c.obj                   32      0         0      
       copy_decompress_none.c.obj     18      0         0      
       memcpy16.S.obj                 18      0         0      
       copy_zero_init.c.obj           16      0         0      
       wcslen.c.obj                   16      0         0      
       memset16.S.obj                 14      0         0      
       aeabi_portable.c.obj           8       0         4      
       _lock.c.obj                    2       0         8      
       atof.c.obj                     10      0         0      
       pre_init.c.obj                 4       0         0      
    +--+------------------------------+-------+---------+---------+
       Total:                         11428   555       433    
                                                               
    D:\TI\CCS\ccs\tools\compiler\ti-cgt-armllvm_4.0.4.LTS\lib\armv6m-ti-none-eabi/c/libsysbm.a
       trgmsg.c.obj                   104     0         288    
       host_device.c.obj              0       0         200    
       hostrename.c.obj               136     0         0      
       hostlseek.c.obj                108     0         0      
       hostopen.c.obj                 96      0         8      
       hostread.c.obj                 88      0         0      
       hostwrite.c.obj                88      0         0      
       close.c.obj                    80      0         0      
       hostclose.c.obj                72      0         0      
       hostunlink.c.obj               72      0         0      
       unlink.c.obj                   44      0         0      
       lseek.c.obj                    40      0         0      
       write.c.obj                    40      0         0      
       remove.c.obj                   8       0         0      
       hostexit.c.obj                 4       0         0      
    +--+------------------------------+-------+---------+---------+
       Total:                         980     0         496    
                                                               
    D:\TI\CCS\ccs\tools\compiler\ti-cgt-armllvm_4.0.4.LTS\lib\armv6m-ti-none-eabi/libclang_rt.builtins.a
       adddf3.S.obj                   434     0         0      
       divdf3.S.obj                   284     0         0      
       muldf3.S.obj                   244     0         0      
       comparedf2.c.obj               220     0         0      
       addsf3.S.obj                   216     0         0      
       udivmoddi4.S.obj               162     0         0      
       mulsf3.S.obj                   140     0         0      
       divsf3.S.obj                   130     0         0      
       comparesf2.S.obj               118     0         0      
       truncdfsf2.S.obj               116     0         0      
       aeabi_dcmp.S.obj               114     0         0      
       aeabi_fcmp.S.obj               98      0         0      
       aeabi_idivmod.S.obj            86      0         0      
       fixdfsi.S.obj                  74      0         0      
       aeabi_uidivmod.S.obj           64      0         0      
       extendsfdf2.S.obj              64      0         0      
       floatsisf.S.obj                60      0         0      
       muldsi3.S.obj                  58      0         0      
       fixsfsi.S.obj                  56      0         0      
       floatsidf.S.obj                44      0         0      
       floatunsisf.S.obj              40      0         0      
       floatunsidf.S.obj              36      0         0      
       muldi3.S.obj                   36      0         0      
       ashldi3.S.obj                  30      0         0      
       aeabi_memset.S.obj             26      0         0      
       aeabi_uldivmod.S.obj           20      0         0      
       aeabi_memcpy.S.obj             8       0         0      
       aeabi_div0.c.obj               4       0         0      
    +--+------------------------------+-------+---------+---------+
       Total:                         2982    0         0      
                                                               
       Heap:                          0       0         2048   
       Stack:                         0       0         512    
       Linker Generated:              0       223       0      
    +--+------------------------------+-------+---------+---------+
       Grand Total:                   42252   11315     5834   


LINKER GENERATED COPY TABLES

__TI_cinit_table @ 0000d160 records: 2, size/record: 8, table size: 16
	.data: load addr=0000d090, load size=000000bb bytes, run addr=20200f8c, run size=0000053e bytes, compression=lzss
	.bss: load addr=0000d158, load size=00000008 bytes, run addr=20200800, run size=0000078c bytes, compression=zero_init


LINKER GENERATED HANDLER TABLE

__TI_handler_table @ 0000d14c records: 3, size/record: 4, table size: 12
	index: 0, handler: __TI_decompress_lzss
	index: 1, handler: __TI_decompress_none
	index: 2, handler: __TI_zero_init


FAR CALL TRAMPOLINES

callee name               trampoline name
   callee addr  tramp addr   call addr  call info
--------------  -----------  ---------  ----------------
__aeabi_dsub              $Tramp$TT$L$PI$$__aeabi_dsub
   00003d95     0000a4d8     0000a4d6   libc.a : _printfi.c.obj (.text.OUTLINED_FUNCTION_0)
__aeabi_dmul              $Tramp$TT$L$PI$$__aeabi_dmul
   00005cad     0000a4f4     0000a4f0   libc.a : e_asin.c.obj (.text.OUTLINED_FUNCTION_0)
                             0000a50c          : s_atan.c.obj (.text.OUTLINED_FUNCTION_0)
                             0000a520          : e_asin.c.obj (.text.OUTLINED_FUNCTION_1)
                             0000a576          : s_atan.c.obj (.text.OUTLINED_FUNCTION_2)
                             0000a5c4          : e_asin.c.obj (.text.OUTLINED_FUNCTION_2)
__aeabi_ddiv              $Tramp$TT$L$PI$$__aeabi_ddiv
   000052f9     0000a52c     0000a52a   libc.a : e_asin.c.obj (.text.OUTLINED_FUNCTION_3)
__aeabi_dcmpeq            $Tramp$TT$L$PI$$__aeabi_dcmpeq
   00007fe5     0000a560     0000a55e   libc.a : strtod.c.obj (.text.OUTLINED_FUNCTION_1)
__aeabi_dadd              $Tramp$TT$L$PI$$__aeabi_dadd
   00003d9f     0000a5b0     0000a5ac   libc.a : s_atan.c.obj (.text.OUTLINED_FUNCTION_1)
                             0000a5d6          : e_asin.c.obj (.text.OUTLINED_FUNCTION_4)
_c_int00_noargs           $Tramp$TT$L$PI$$_c_int00_noargs
   00009925     0000a5dc     0000a5d8   startup_mspm0g350x_ticlang.o (.text.Reset_Handler)

[6 trampolines]
[11 trampoline calls]


GLOBAL SYMBOLS: SORTED ALPHABETICALLY BY Name 

address   name                                 
-------   ----                                 
0000a5cd  ADC0_IRQHandler                      
0000a5cd  ADC1_IRQHandler                      
0000a5cd  AES_IRQHandler                       
202013d2  BaseSpeed                            
000080ad  BlueSerial_Init                      
00009375  BlueSerial_Printf                    
202013d1  BlueSerial_RxFlag                    
20200efc  BlueSerial_RxPacket                  
0000955d  BlueSerial_SendByte                  
0000915b  BlueSerial_SendString                
000014ed  BlueSerial_Tasks                     
0000a5d0  C$$EXIT                              
00009305  C$$IO$$                              
0000a5cd  CANFD0_IRQHandler                    
20201470  Count0                               
20201472  Count1                               
0000a5cd  DAC0_IRQHandler                      
0000a4c5  DL_Common_delayCycles                
000082ed  DL_I2C_fillControllerTXFIFO          
00009973  DL_I2C_setClockConfig                
00009cc5  DL_SYSCTL_configFCC                  
00005f55  DL_SYSCTL_configSYSPLL               
00007d8d  DL_SYSCTL_setHFCLKSourceHFXTParams   
00008cb1  DL_SYSCTL_switchMCLKfromSYSOSCtoHSCLK
0000550d  DL_Timer_initFourCCPWMMode           
00005611  DL_Timer_initTimerMode               
00009d51  DL_Timer_setCaptCompUpdateMethod     
00009fe1  DL_Timer_setCaptureCompareOutCtl     
0000a3cd  DL_Timer_setCaptureCompareValue      
00009d6d  DL_Timer_setClockConfig              
00008a29  DL_UART_init                         
0000a365  DL_UART_setClockConfig               
0000a5cd  DMA_IRQHandler                       
00006dcd  DMP_Init                             
000032ad  DMP_Read_Data                        
20201474  DecelSpeed                           
0000a5cd  Default_Handler                      
0000778d  Encoder_CalcSpeed                    
00009195  Encoder_GetSpeed                     
0000943d  Encoder_GetTotalCount                
00009dc1  Encoder_Init                         
0000a5cd  GROUP0_IRQHandler                    
00004d99  GROUP1_IRQHandler                    
202014a2  Gray_1                               
202014a3  Gray_2                               
202014a4  Gray_3                               
202014a5  Gray_4                               
202014a6  Gray_5                               
202014a7  Gray_6                               
202014a8  Gray_7                               
202014a9  Gray_8                               
202014aa  Gray_LineFound                       
00008991  Gray_Sensor_Init                     
00006455  Gray_Sensor_Read                     
000099e5  Gray_SoftStart_Reset                 
00000fd9  Gray_Track_Control                   
202013dc  Gray_WeightScale                     
00003a49  Grayscale_GetDeviation               
00004b61  Grayscale_GetDeviation_Track         
00008a71  HOSTclose                            
0000a5d1  HOSTexit                             
00007969  HOSTlseek                            
0000810d  HOSTopen                             
00008461  HOSTread                             
000079d5  HOSTrename                           
00008ab9  HOSTunlink                           
000084b9  HOSTwrite                            
0000a5cd  HardFault_Handler                    
0000a5cd  I2C0_IRQHandler                      
0000a5cd  I2C1_IRQHandler                      
20201476  JoyTurn                              
202014ab  Joystick_Active                      
202014ac  Joystick_LH                          
202014ad  Joystick_LV                          
202014ae  Joystick_RH                          
202014af  Joystick_RV                          
0000a0d1  Key_GetNum                           
0000816d  Key_Tick                             
202014b4  M2_State                             
00003f29  MPU_Read_Len                         
0000a3dd  MPU_Tick                             
00004eb1  MPU_Update                           
00004c7d  MPU_Write_Len                        
0000834d  Motor_AddDistance                    
00009b45  Motor_Init                           
202013e0  Motor_Kd                             
202013e4  Motor_Ki                             
202013e8  Motor_Kp                             
000040b9  Motor_SetPWM                         
00009a09  Motor_SetTargetSpeed                 
0000946d  Motor_Speed_Init                     
00009a2d  Motor_Speed_PID_Reset                
000030a1  Motor_Speed_PID_Update               
0000a5cd  NMI_Handler                          
000081cd  OLED_Clear                           
00007df1  OLED_ClearPoint                      
0000923d  OLED_ColorTurn                       
00008b01  OLED_DisplayTurn                     
00008b49  OLED_DrawPoint                       
0000c9a6  OLED_F6x8                            
20200800  OLED_GRAM                            
0000570d  OLED_Init                            
00008f3d  OLED_Printf                          
00007525  OLED_Refresh                         
00006b25  OLED_RefreshPartial                  
00003875  OLED_ShowChar                        
00006a75  OLED_ShowString                      
0000727d  OLED_WR_Byte                         
20201478  PWML                                 
2020147a  PWMR                                 
0000a5cd  PendSV_Handler                       
0000a5cd  RTC_IRQHandler                       
00007399  Racecar                              
0000a5d9  Reset_Handler                        
202014b5  RunFlag                              
0000a5cd  SPI0_IRQHandler                      
0000a5cd  SPI1_IRQHandler                      
0000a5cd  SVC_Handler                          
00002815  SYSCFG_DL_GPIO_init                  
00008511  SYSCFG_DL_GY_87_init                 
0000822d  SYSCFG_DL_OLED_init                  
00007a41  SYSCFG_DL_PWM_A_init                 
00007e55  SYSCFG_DL_PWM_B_init                 
00005add  SYSCFG_DL_SYSCTL_SYSPLL_init         
000075a1  SYSCFG_DL_SYSCTL_init                
00008dbd  SYSCFG_DL_TIMER_0_init               
00008dfd  SYSCFG_DL_TIMER_ENCODER_init         
00008b91  SYSCFG_DL_UART_0_init                
00008671  SYSCFG_DL_UART_1_init                
00008ff5  SYSCFG_DL_init                       
000066b5  SYSCFG_DL_initPower                  
2020147c  Serial_FrameId                       
00006779  Serial_GetKeyFrame                   
0000a3fd  Serial_GetRxCount                    
0000a40d  Serial_GetRxData                     
00009a51  Serial_Init                          
202014b8  Serial_LastKey                       
00009589  Serial_SendByte                      
2020147e  SoftStartTime                        
0000a49f  SpeedRamp_IsActive                   
000091cd  SpeedRamp_Start                      
0000a44b  SpeedRamp_Stop                       
000070d1  SpeedRamp_Update                     
0000a5cd  SysTick_Handler                      
202013ec  System_Tick_Count                    
0000a5cd  TIMA0_IRQHandler                     
0000a5cd  TIMA1_IRQHandler                     
00005901  TIMG0_IRQHandler                     
000065ed  TIMG12_IRQHandler                    
0000a5cd  TIMG6_IRQHandler                     
0000a5cd  TIMG7_IRQHandler                     
0000a5cd  TIMG8_IRQHandler                     
0000a377  TI_memcpy_small                      
0000a491  TI_memset_small                      
0000a1b3  Timer_Init                           
202013f0  Track_Kd                             
202013f4  Track_Kp                             
20201484  TurnDecelTime                        
20201486  TurnPower                            
202013f8  TurnSlowRatio                        
202014bb  Turn_Direction                       
202014bc  Turn_Mode                            
202013fc  Turn_Start_Tick                      
202014bd  Turn_State                           
000062b5  UART0_IRQHandler                     
00007eb9  UART1_IRQHandler                     
0000a5cd  UART2_IRQHandler                     
0000a5cd  UART3_IRQHandler                     
20200c80  _CIOBUF_                             
20200c80  __CIOBUF_                            
20208000  __STACK_END                          
00000200  __STACK_SIZE                         
00000800  __SYSMEM_SIZE                        
00000000  __TI_ATRegion0_region_sz             
00000000  __TI_ATRegion0_src_addr              
00000000  __TI_ATRegion0_trg_addr              
00000000  __TI_ATRegion1_region_sz             
00000000  __TI_ATRegion1_src_addr              
00000000  __TI_ATRegion1_trg_addr              
00000000  __TI_ATRegion2_region_sz             
00000000  __TI_ATRegion2_src_addr              
00000000  __TI_ATRegion2_trg_addr              
0000d160  __TI_CINIT_Base                      
0000d170  __TI_CINIT_Limit                     
0000d170  __TI_CINIT_Warm                      
0000d14c  __TI_Handler_Table_Base              
0000d158  __TI_Handler_Table_Limit             
000090a9  __TI_auto_init_nobinit_nopinit       
00009271  __TI_cleanup                         
202013d4  __TI_cleanup_ptr                     
0000761d  __TI_closefile                       
00007699  __TI_decompress_lzss                 
0000a389  __TI_decompress_none                 
000086c5  __TI_doflush                         
202013d8  __TI_dtors_ptr                       
20201400  __TI_ft_end                          
00008569  __TI_ltoa                            
ffffffff  __TI_pprof_out_hndl                  
000000c1  __TI_printfi                         
ffffffff  __TI_prof_data_size                  
ffffffff  __TI_prof_data_start                 
000092a5  __TI_readmsg                         
00000000  __TI_static_base__                   
20200e5c  __TI_tmpnams                         
000092d9  __TI_writemsg                        
00007f1d  __TI_wrt_ok                          
0000a42d  __TI_zero_init                       
00003d9f  __adddf3                             
00006113  __addsf3                             
0000cbe0  __aeabi_ctype_table_                 
0000cbe0  __aeabi_ctype_table_C                
00007881  __aeabi_d2f                          
000089dd  __aeabi_d2iz                         
00003d9f  __aeabi_dadd                         
00007fe5  __aeabi_dcmpeq                       
00008021  __aeabi_dcmpge                       
00008035  __aeabi_dcmpgt                       
0000800d  __aeabi_dcmple                       
00007ff9  __aeabi_dcmplt                       
000052f9  __aeabi_ddiv                         
00005cad  __aeabi_dmul                         
00003d95  __aeabi_dsub                         
20201404  __aeabi_errno                        
0000a579  __aeabi_errno_addr                   
00008e7d  __aeabi_f2d                          
00009205  __aeabi_f2iz                         
00006113  __aeabi_fadd                         
00008049  __aeabi_fcmpeq                       
00008085  __aeabi_fcmpge                       
00008099  __aeabi_fcmpgt                       
00008071  __aeabi_fcmple                       
0000805d  __aeabi_fcmplt                       
000074a1  __aeabi_fdiv                         
00007165  __aeabi_fmul                         
00006109  __aeabi_fsub                         
000096e9  __aeabi_i2d                          
00009031  __aeabi_i2f                          
00008619  __aeabi_idiv                         
00003f27  __aeabi_idiv0                        
00008619  __aeabi_idivmod                      
00006dcb  __aeabi_ldiv0                        
00009bc5  __aeabi_llsl                         
00009a99  __aeabi_lmul                         
0000a4ad  __aeabi_memclr                       
0000a4ad  __aeabi_memclr4                      
0000a4ad  __aeabi_memclr8                      
0000a581  __aeabi_memcpy                       
0000a581  __aeabi_memcpy4                      
0000a581  __aeabi_memcpy8                      
0000a459  __aeabi_memset                       
0000a459  __aeabi_memset4                      
0000a459  __aeabi_memset8                      
00009a75  __aeabi_ui2d                         
00009885  __aeabi_ui2f                         
00008e3d  __aeabi_uidiv                        
00008e3d  __aeabi_uidivmod                     
0000a2f5  __aeabi_uldivmod                     
00009bc5  __ashldi3                            
ffffffff  __binit__                            
00007bf1  __cmpdf2                             
000090e5  __cmpsf2                             
000052f9  __divdf3                             
000074a1  __divsf3                             
00007bf1  __eqdf2                              
000090e5  __eqsf2                              
00008e7d  __extendsfdf2                        
000089dd  __fixdfsi                            
00009205  __fixsfsi                            
000096e9  __floatsidf                          
00009031  __floatsisf                          
00009a75  __floatunsidf                        
00009885  __floatunsisf                        
00007801  __gedf2                              
0000906d  __gesf2                              
00007801  __gtdf2                              
0000906d  __gtsf2                              
00007bf1  __ledf2                              
000090e5  __lesf2                              
00007bf1  __ltdf2                              
000090e5  __ltsf2                              
UNDEFED   __mpu_init                           
00005cad  __muldf3                             
00009a99  __muldi3                             
00009121  __muldsi3                            
00007165  __mulsf3                             
00007bf1  __nedf2                              
000090e5  __nesf2                              
20207e00  __stack                              
20200000  __start___llvm_prf_bits              
20200000  __start___llvm_prf_cnts              
20200000  __stop___llvm_prf_bits               
20200000  __stop___llvm_prf_cnts               
00003d95  __subdf3                             
00006109  __subsf3                             
00007881  __truncdfsf2                         
00006d29  __udivmoddi4                         
00009925  _c_int00_noargs                      
20201288  _device                              
20201198  _ftable                              
20201408  _lock                                
[...]
00000000  interruptVectors                     
000000c1  __TI_printfi                         
00000200  __STACK_SIZE                         
00000800  __SYSMEM_SIZE                        
00000a91  main                                 
00000fd9  Gray_Track_Control                   
000014ed  BlueSerial_Tasks                     
00001951  strtod                               
00001951  strtold                              
00001d09  asin                                 
00001d09  asinl                                
0000206d  atan                                 
0000206d  atanl                                
00002365  dmp_enable_feature                   
000025dd  dmp_set_tap_thresh                   
00002815  SYSCFG_DL_GPIO_init                  
00002a41  mpu_reset_fifo                       
00002e8d  mpu_init                             
000030a1  Motor_Speed_PID_Update               
000032ad  DMP_Read_Data                        
000034a5  dmp_read_fifo                        
00003875  OLED_ShowChar                        
00003a49  Grayscale_GetDeviation               
00003bf5  mpu_set_bypass                       
00003d95  __aeabi_dsub                         
00003d95  __subdf3                             
00003d9f  __adddf3                             
00003d9f  __aeabi_dadd                         
00003f27  __aeabi_idiv0                        
00003f29  MPU_Read_Len                         
000040b9  Motor_SetPWM                         
00004241  atan2                                
00004241  atan2l                               
000043c9  dmp_set_orientation                  
00004541  sqrt                                 
00004541  sqrtl                                
000047ed  mpu_set_sensors                      
0000491d  mpu_load_firmware                    
00004b61  Grayscale_GetDeviation_Track         
00004c7d  MPU_Write_Len                        
00004d99  GROUP1_IRQHandler                    
00004eb1  MPU_Update                           
00004fc9  aligned_alloc                        
00004fc9  memalign                             
000050dd  mpu_lp_accel_mode                    
000052f9  __aeabi_ddiv                         
000052f9  __divdf3                             
00005405  mpu_read_fifo_stream                 
0000550d  DL_Timer_initFourCCPWMMode           
00005611  DL_Timer_initTimerMode               
0000570d  OLED_Init                            
00005809  fputs                                
00005901  TIMG0_IRQHandler                     
000059f1  mpu_set_sample_rate                  
00005add  SYSCFG_DL_SYSCTL_SYSPLL_init         
00005bc5  free                                 
00005cad  __aeabi_dmul                         
00005cad  __muldf3                             
00005d91  mpu_set_accel_fsr                    
00005e75  setvbuf                              
00005f55  DL_SYSCTL_configSYSPLL               
00006031  ldexp                                
00006031  ldexpl                               
00006031  scalbn                               
00006031  scalbnl                              
00006109  __aeabi_fsub                         
00006109  __subsf3                             
00006113  __addsf3                             
00006113  __aeabi_fadd                         
000062b5  UART0_IRQHandler                     
00006385  mpu_set_lpf                          
00006455  Gray_Sensor_Read                     
000065ed  TIMG12_IRQHandler                    
000066b5  SYSCFG_DL_initPower                  
00006779  Serial_GetKeyFrame                   
0000683d  mpu_set_gyro_fsr                     
00006901  mpu_configure_fifo                   
000069bd  mpu_set_dmp_state                    
00006a75  OLED_ShowString                      
00006b25  OLED_RefreshPartial                  
00006bd1  mpu_read_mem                         
00006c7d  mpu_write_mem                        
00006d29  __udivmoddi4                         
00006dcb  __aeabi_ldiv0                        
00006dcd  DMP_Init                             
00006e69  fputc                                
00006f05  mpu_set_int_latched                  
00006fa1  dmp_set_fifo_rate                    
00007039  inv_row_2_scale                      
000070cf  _nop                                 
000070d1  SpeedRamp_Update                     
00007165  __aeabi_fmul                         
00007165  __mulsf3                             
0000727d  OLED_WR_Byte                         
00007311  strcmp                               
00007399  Racecar                              
000074a1  __aeabi_fdiv                         
000074a1  __divsf3                             
00007525  OLED_Refresh                         
000075a1  SYSCFG_DL_SYSCTL_init                
0000761d  __TI_closefile                       
00007699  __TI_decompress_lzss                 
0000778d  Encoder_CalcSpeed                    
00007801  __gedf2                              
00007801  __gtdf2                              
00007881  __aeabi_d2f                          
00007881  __truncdfsf2                         
000078f5  mpu_get_accel_fsr                    
00007969  HOSTlseek                            
000079d5  HOSTrename                           
00007a41  SYSCFG_DL_PWM_A_init                 
00007aad  fseeko                               
00007b19  getdevice                            
00007bf1  __cmpdf2                             
00007bf1  __eqdf2                              
00007bf1  __ledf2                              
00007bf1  __ltdf2                              
00007bf1  __nedf2                              
00007d27  dmp_set_tap_axes                     
00007d8d  DL_SYSCTL_setHFCLKSourceHFXTParams   
00007df1  OLED_ClearPoint                      
00007e55  SYSCFG_DL_PWM_B_init                 
00007eb9  UART1_IRQHandler                     
00007f1d  __TI_wrt_ok                          
00007fe5  __aeabi_dcmpeq                       
00007ff9  __aeabi_dcmplt                       
0000800d  __aeabi_dcmple                       
00008021  __aeabi_dcmpge                       
00008035  __aeabi_dcmpgt                       
00008049  __aeabi_fcmpeq                       
0000805d  __aeabi_fcmplt                       
00008071  __aeabi_fcmple                       
00008085  __aeabi_fcmpge                       
00008099  __aeabi_fcmpgt                       
000080ad  BlueSerial_Init                      
0000810d  HOSTopen                             
0000816d  Key_Tick                             
000081cd  OLED_Clear                           
0000822d  SYSCFG_DL_OLED_init                  
0000828d  dmp_enable_gyro_cal                  
000082ed  DL_I2C_fillControllerTXFIFO          
0000834d  Motor_AddDistance                    
000083a9  frexp                                
000083a9  frexpl                               
00008405  printf                               
00008461  HOSTread                             
000084b9  HOSTwrite                            
00008511  SYSCFG_DL_GY_87_init                 
00008569  __TI_ltoa                            
00008619  __aeabi_idiv                         
00008619  __aeabi_idivmod                      
00008671  SYSCFG_DL_UART_1_init                
000086c5  __TI_doflush                         
000088a9  close                                
00008991  Gray_Sensor_Init                     
000089dd  __aeabi_d2iz                         
000089dd  __fixdfsi                            
00008a29  DL_UART_init                         
00008a71  HOSTclose                            
00008ab9  HOSTunlink                           
00008b01  OLED_DisplayTurn                     
00008b49  OLED_DrawPoint                       
00008b91  SYSCFG_DL_UART_0_init                
00008bd9  dmp_enable_6x_lp_quat                
00008c21  dmp_enable_lp_quat                   
00008c69  strtok                               
00008cb1  DL_SYSCTL_switchMCLKfromSYSOSCtoHSCLK
00008cf5  dmp_set_shake_reject_thresh          
00008d39  dmp_set_tap_count                    
00008dbd  SYSCFG_DL_TIMER_0_init               
00008dfd  SYSCFG_DL_TIMER_ENCODER_init         
00008e3d  __aeabi_uidiv                        
00008e3d  __aeabi_uidivmod                     
00008e7d  __aeabi_f2d                          
00008e7d  __extendsfdf2                        
00008ebd  atoi                                 
00008efd  vsnprintf                            
00008f3d  OLED_Printf                          
00008f7b  inv_orientation_matrix_to_scalar     
00008ff5  SYSCFG_DL_init                       
00009031  __aeabi_i2f                          
00009031  __floatsisf                          
0000906d  __gesf2                              
0000906d  __gtsf2                              
000090a9  __TI_auto_init_nobinit_nopinit       
000090e5  __cmpsf2                             
000090e5  __eqsf2                              
000090e5  __lesf2                              
000090e5  __ltsf2                              
000090e5  __nesf2                              
00009121  __muldsi3                            
0000915b  BlueSerial_SendString                
00009195  Encoder_GetSpeed                     
000091cd  SpeedRamp_Start                      
00009205  __aeabi_f2iz                         
00009205  __fixsfsi                            
0000923d  OLED_ColorTurn                       
00009271  __TI_cleanup                         
000092a5  __TI_readmsg                         
000092d9  __TI_writemsg                        
00009305  C$$IO$$                              
0000930d  exit                                 
00009341  finddevice                           
00009375  BlueSerial_Printf                    
000093a7  dmp_set_shake_reject_time            
000093d9  dmp_set_shake_reject_timeout         
0000943d  Encoder_GetTotalCount                
0000946d  Motor_Speed_Init                     
000094fd  dmp_set_tap_time                     
0000952d  dmp_set_tap_time_multi               
0000955d  BlueSerial_SendByte                  
00009589  Serial_SendByte                      
000096e9  __aeabi_i2d                          
000096e9  __floatsidf                          
00009715  unlink                               
00009741  vsprintf                             
00009885  __aeabi_ui2f                         
00009885  __floatunsisf                        
000098d5  lseek                                
000098fd  write                                
00009925  _c_int00_noargs                      
00009973  DL_I2C_setClockConfig                
00009999  strspn                               
000099e5  Gray_SoftStart_Reset                 
00009a09  Motor_SetTargetSpeed                 
00009a2d  Motor_Speed_PID_Reset                
00009a51  Serial_Init                          
00009a75  __aeabi_ui2d                         
00009a75  __floatunsidf                        
00009a99  __aeabi_lmul                         
00009a99  __muldi3                             
00009abd  strcspn                              
00009ae1  memccpy                              
00009b45  Motor_Init                           
00009b65  memcmp                               
00009b85  mget_ms                              
00009bc5  __aeabi_llsl                         
00009bc5  __ashldi3                            
00009cc5  DL_SYSCTL_configFCC                  
00009d51  DL_Timer_setCaptCompUpdateMethod     
00009d6d  DL_Timer_setClockConfig              
00009dc1  Encoder_Init                         
00009ddd  delay_ms                             
00009df9  dmp_load_motion_driver_firmware      
00009fe1  DL_Timer_setCaptureCompareOutCtl     
0000a0d1  Key_GetNum                           
0000a1b3  Timer_Init                           
0000a2f5  __aeabi_uldivmod                     
0000a365  DL_UART_setClockConfig               
0000a377  TI_memcpy_small                      
0000a389  __TI_decompress_none                 
0000a3cd  DL_Timer_setCaptureCompareValue      
0000a3dd  MPU_Tick                             
0000a3fd  Serial_GetRxCount                    
0000a40d  Serial_GetRxData                     
0000a41d  wcslen                               
0000a42d  __TI_zero_init                       
0000a44b  SpeedRamp_Stop                       
0000a459  __aeabi_memset                       
0000a459  __aeabi_memset4                      
0000a459  __aeabi_memset8                      
0000a491  TI_memset_small                      
0000a49f  SpeedRamp_IsActive                   
0000a4ad  __aeabi_memclr                       
0000a4ad  __aeabi_memclr4                      
0000a4ad  __aeabi_memclr8                      
0000a4b9  malloc                               
0000a4c5  DL_Common_delayCycles                
0000a547  atof                                 
0000a579  __aeabi_errno_addr                   
0000a581  __aeabi_memcpy                       
0000a581  __aeabi_memcpy4                      
0000a581  __aeabi_memcpy8                      
0000a599  fseek                                
0000a5a1  remove                               
0000a5c7  abort                                
0000a5cd  ADC0_IRQHandler                      
0000a5cd  ADC1_IRQHandler                      
0000a5cd  AES_IRQHandler                       
0000a5cd  CANFD0_IRQHandler                    
0000a5cd  DAC0_IRQHandler                      
0000a5cd  DMA_IRQHandler                       
0000a5cd  Default_Handler                      
0000a5cd  GROUP0_IRQHandler                    
0000a5cd  HardFault_Handler                    
0000a5cd  I2C0_IRQHandler                      
0000a5cd  I2C1_IRQHandler                      
0000a5cd  NMI_Handler                          
0000a5cd  PendSV_Handler                       
0000a5cd  RTC_IRQHandler                       
0000a5cd  SPI0_IRQHandler                      
0000a5cd  SPI1_IRQHandler                      
0000a5cd  SVC_Handler                          
0000a5cd  SysTick_Handler                      
0000a5cd  TIMA0_IRQHandler                     
0000a5cd  TIMA1_IRQHandler                     
0000a5cd  TIMG6_IRQHandler                     
0000a5cd  TIMG7_IRQHandler                     
0000a5cd  TIMG8_IRQHandler                     
0000a5cd  UART2_IRQHandler                     
0000a5cd  UART3_IRQHandler                     
0000a5d0  C$$EXIT                              
0000a5d1  HOSTexit                             
0000a5d9  Reset_Handler                        
0000a5ed  _system_pre_init                     
0000a5f0  asc2_2412                            
0000bf42  asc2_1608                            
0000c532  asc2_1206                            
0000c9a6  OLED_F6x8                            
0000cbe0  __aeabi_ctype_table_                 
0000cbe0  __aeabi_ctype_table_C                
0000ce68  test                                 
0000ced4  reg                                  
0000cfc8  hw                                   
0000d14c  __TI_Handler_Table_Base              
0000d158  __TI_Handler_Table_Limit             
0000d160  __TI_CINIT_Base                      
0000d170  __TI_CINIT_Limit                     
0000d170  __TI_CINIT_Warm                      
20200000  __start___llvm_prf_bits              
20200000  __start___llvm_prf_cnts              
20200000  __stop___llvm_prf_bits               
20200000  __stop___llvm_prf_cnts               
20200000  _sys_memory                          
20200800  OLED_GRAM                            
20200c80  _CIOBUF_                             
20200c80  __CIOBUF_                            
20200da0  gPWM_ABackup                         
20200e5c  __TI_tmpnams                         
20200efc  BlueSerial_RxPacket                  
20200f80  parmbuf                              
20201198  _ftable                              
20201288  _device                              
20201300  _stream                              
2020137c  motor_l_ctrl                         
20201390  motor_r_ctrl                         
202013d1  BlueSerial_RxFlag                    
202013d2  BaseSpeed                            
202013d4  __TI_cleanup_ptr                     
202013d8  __TI_dtors_ptr                       
202013dc  Gray_WeightScale                     
202013e0  Motor_Kd                             
202013e4  Motor_Ki                             
202013e8  Motor_Kp                             
202013ec  System_Tick_Count                    
202013f0  Track_Kd                             
202013f4  Track_Kp                             
202013f8  TurnSlowRatio                        
202013fc  Turn_Start_Tick                      
20201400  __TI_ft_end                          
20201404  __aeabi_errno                        
20201408  _lock                                
2020140c  _unlock                              
20201410  dbg_rx_total                         
20201414  g_enc_gpioa_irq_cnt                  
20201418  g_enc_gpiob_irq_cnt                  
20201428  g_yaw_dead_zone                      
2020142c  g_yaw_kd                             
20201430  g_yaw_ki                             
20201434  g_yaw_kp                             
20201438  g_yaw_target                         
20201450  mpu_corrected_yaw                    
20201454  mpu_pitch                            
2020145c  mpu_roll                             
2020146c  uart1_isr_count                      
20201470  Count0                               
20201472  Count1                               
20201474  DecelSpeed                           
20201476  JoyTurn                              
20201478  PWML                                 
2020147a  PWMR                                 
2020147c  Serial_FrameId                       
2020147e  SoftStartTime                        
20201484  TurnDecelTime                        
20201486  TurnPower                            
202014a0  mpu_stable_cnt                       
202014a2  Gray_1                               
202014a3  Gray_2                               
202014a4  Gray_3                               
202014a5  Gray_4                               
202014a6  Gray_5                               
202014a7  Gray_6                               
202014a8  Gray_7                               
202014a9  Gray_8                               
202014aa  Gray_LineFound                       
202014ab  Joystick_Active                      
202014ac  Joystick_LH                          
202014ad  Joystick_LV                          
202014ae  Joystick_RH                          
202014af  Joystick_RV                          
202014b4  M2_State                             
202014b5  RunFlag                              
202014b8  Serial_LastKey                       
202014bb  Turn_Direction                       
202014bc  Turn_Mode                            
202014bd  Turn_State                           
202014c6  mpu_calibrated                       
202014c7  mpu_ok                               
20207e00  __stack                              
20208000  __STACK_END                          
ffffffff  __TI_pprof_out_hndl                  
ffffffff  __TI_prof_data_size                  
ffffffff  __TI_prof_data_start                 
ffffffff  __binit__                            
ffffffff  binit                                
UNDEFED   __mpu_init                           
UNDEFED   _system_post_cinit                   

[417 symbols]
