******************************************************************************
            TI ARM Clang Linker PC v4.0.4                      
******************************************************************************
>> Linked Thu Jul 16 16:50:07 2026

OUTPUT FILE NAME:   <empty.out>
ENTRY POINT SYMBOL: "_c_int00_noargs"  address: 000050b1


MEMORY CONFIGURATION

         name            origin    length      used     unused   attr    fill
----------------------  --------  ---------  --------  --------  ----  --------
  FLASH                 00000000   00020000  00007790  00018870  R  X
  SRAM                  20200000   00008000  00000afa  00007506  RW X
  BCR_CONFIG            41c00000   000000ff  00000000  000000ff  R   
  BSL_CONFIG            41c00100   00000080  00000000  00000080  R   


SEGMENT ALLOCATION MAP

run origin  load origin   length   init length attrs members
----------  ----------- ---------- ----------- ----- -------
00000000    00000000    00007790   00007790    r-x
  00000000    00000000    000000c0   000000c0    r-- .intvecs
  000000c0    000000c0    00005a60   00005a60    r-x .text
  00005b20    00005b20    00001c20   00001c20    r-- .rodata
  00007740    00007740    00000050   00000050    r-- .cinit
20200000    20200000    000008fa   00000000    rw-
  20200000    20200000    000005f8   00000000    rw- .bss
  202005f8    202005f8    00000302   00000000    rw- .data
20207e00    20207e00    00000200   00000000    rw-
  20207e00    20207e00    00000200   00000000    rw- .stack


SECTION ALLOCATION MAP

 output                                  attributes/
section   page    origin      length       input sections
--------  ----  ----------  ----------   ----------------
.intvecs   0    00000000    000000c0     
                  00000000    000000c0     startup_mspm0g350x_ticlang.o (.intvecs)

.text      0    000000c0    00005a60     
                  000000c0    000009d0     libc.a : _printfi.c.obj (.text:__TI_printfi)
                  00000a90    00000278     Grayscale.o (.text.Gray_Track_Control)
                  00000d08    00000274     Gimbal_Test.o (.text.main)
                  00000f7c    0000022c     ti_msp_dl_config.o (.text.SYSCFG_DL_GPIO_init)
                  000011a8    00000220     libc.a : _printfi.c.obj (.text._pconv_a)
                  000013c8    0000020c     Motor.o (.text.Motor_Speed_PID_Update)
                  000015d4    000001dc     libc.a : _printfi.c.obj (.text._pconv_g)
                  000017b0    000001d4     oled.o (.text.OLED_ShowChar)
                  00001984    000001d0     Serial.o (.text.UART1_IRQHandler)
                  00001b54    00000192     libclang_rt.builtins.a : adddf3.S.obj (.text.adddf3_subdf3)
                  00001ce6    00000002                            : aeabi_div0.c.obj (.text.__aeabi_idiv0)
                  00001ce8    00000164     Motor.o (.text.Motor_SetPWM)
                  00001e4c    00000158     F32C.o (.text.F32C_PollFeedback)
                  00001fa4    0000013c     libc.a : _printfi.c.obj (.text.fcvt)
                  000020e0    00000128     Gimbal_Test.o (.text.Process_Bluetooth_Data)
                  00002208    00000120     libc.a : _printfi.c.obj (.text._pconv_e)
                  00002328    0000011c     Grayscale.o (.text.Grayscale_GetDeviation_Track)
                  00002444    00000118     Encoder.o (.text.GROUP1_IRQHandler)
                  0000255c    0000010c     oled.o (.text.OLED_I2C_BusRecovery)
                  00002668    0000010c     libclang_rt.builtins.a : divdf3.S.obj (.text.__divdf3)
                  00002774    00000104     driverlib.a : dl_timer.o (.text.DL_Timer_initFourCCPWMMode)
                  00002878    00000104     Timer.o (.text.TIMG0_IRQHandler)
                  0000297c    000000fc     driverlib.a : dl_timer.o (.text.DL_Timer_initTimerMode)
                  00002a78    000000fc     oled.o (.text.OLED_Init)
                  00002b74    000000e8     ti_msp_dl_config.o (.text.SYSCFG_DL_SYSCTL_SYSPLL_init)
                  00002c5c    000000e4     libclang_rt.builtins.a : muldf3.S.obj (.text.__muldf3)
                  00002d40    000000dc     driverlib.a : dl_sysctl_mspm0g1x0x_g3x0x.o (.text.DL_SYSCTL_configSYSPLL)
                  00002e1c    000000d8     libc.a : s_scalbn.c.obj (.text.scalbn)
                  00002ef4    000000d8     libclang_rt.builtins.a : addsf3.S.obj (.text)
                  00002fcc    000000d0     BlueSerial.o (.text.UART0_IRQHandler)
                  0000309c    000000cc     Grayscale.o (.text.Gray_Sensor_Read)
                  00003168    000000c8     Encoder.o (.text.TIMG12_IRQHandler)
                  00003230    000000c4     ti_msp_dl_config.o (.text.SYSCFG_DL_initPower)
                  000032f4    000000b0     oled.o (.text.OLED_ShowString)
                  000033a4    000000a2     libclang_rt.builtins.a : udivmoddi4.S.obj (.text)
                  00003446    00000002                            : aeabi_div0.c.obj (.text.__aeabi_ldiv0)
                  00003448    00000094     Grayscale.o (.text.SpeedRamp_Update)
                  000034dc    0000008c     libclang_rt.builtins.a : mulsf3.S.obj (.text.__mulsf3)
                  00003568    00000088     oled.o (.text.OLED_WR_Byte)
                  000035f0    00000084     Motor.o (.text.Racecar)
                  00003674    00000084     ti_msp_dl_config.o (.text.__NVIC_SetPriority)
                  000036f8    00000082     libclang_rt.builtins.a : divsf3.S.obj (.text.__divsf3)
                  0000377a    00000002     --HOLE-- [fill = 0]
                  0000377c    0000007c     oled.o (.text.OLED_Refresh)
                  000037f8    0000007c     ti_msp_dl_config.o (.text.SYSCFG_DL_SYSCTL_init)
                  00003874    0000007c     libc.a : copy_decompress_lzss.c.obj (.text:decompress:lzss)
                  000038f0    00000078     Key.o (.text.Key_GetState)
                  00003968    00000074     Encoder.o (.text.Encoder_CalcSpeed)
                  000039dc    00000074     libclang_rt.builtins.a : comparedf2.c.obj (.text.__gedf2)
                  00003a50    0000006c     ti_msp_dl_config.o (.text.SYSCFG_DL_PWM_A_init)
                  00003abc    0000006a     Serial.o (.text.RingBuffer_Write)
                  00003b26    00000002     --HOLE-- [fill = 0]
                  00003b28    00000068     libclang_rt.builtins.a : comparedf2.c.obj (.text.__ledf2)
                  00003b90    00000068     Encoder.o (.text.speed_low_pass_filter)
                  00003bf8    00000066     libc.a : _printfi.c.obj (.text._mcpy)
                  00003c5e    00000002     --HOLE-- [fill = 0]
                  00003c60    00000064     driverlib.a : dl_sysctl_mspm0g1x0x_g3x0x.o (.text.DL_SYSCTL_setHFCLKSourceHFXTParams)
                  00003cc4    00000064     oled.o (.text.OLED_ClearPoint)
                  00003d28    00000064     ti_msp_dl_config.o (.text.SYSCFG_DL_PWM_B_init)
                  00003d8c    00000062     libclang_rt.builtins.a : aeabi_dcmp.S.obj (.text.__aeabi_dcmp)
                  00003dee    00000002     --HOLE-- [fill = 0]
                  00003df0    00000062                            : aeabi_fcmp.S.obj (.text.__aeabi_fcmp)
                  00003e52    00000002     --HOLE-- [fill = 0]
                  00003e54    00000060     BlueSerial.o (.text.BlueSerial_Init)
                  00003eb4    00000060     Key.o (.text.Key_Tick)
                  00003f14    00000060     oled.o (.text.OLED_Clear)
                  00003f74    00000060     ti_msp_dl_config.o (.text.SYSCFG_DL_OLED_init)
                  00003fd4    0000005e     driverlib.a : dl_i2c.o (.text.DL_I2C_fillControllerTXFIFO)
                  00004032    00000002     --HOLE-- [fill = 0]
                  00004034    0000005c     libc.a : s_frexp.c.obj (.text.frexp)
                  00004090    00000058     ti_msp_dl_config.o (.text.SYSCFG_DL_GY_87_init)
                  000040e8    00000058     libc.a : _ltoa.c.obj (.text.__TI_ltoa)
                  00004140    00000058            : _printfi.c.obj (.text._pconv_f)
                  00004198    00000056     libclang_rt.builtins.a : aeabi_idivmod.S.obj (.text.__aeabi_idivmod)
                  000041ee    00000002     --HOLE-- [fill = 0]
                  000041f0    00000054     ti_msp_dl_config.o (.text.SYSCFG_DL_UART_1_init)
                  00004244    00000052     libc.a : _printfi.c.obj (.text._ecpy)
                  00004296    00000002     --HOLE-- [fill = 0]
                  00004298    00000050     ti_msp_dl_config.o (.text.DL_GPIO_initPeripheralInputFunctionFeatures)
                  000042e8    00000050     oled.o (.text.DL_I2C_startControllerTransfer)
                  00004338    00000050     BlueSerial.o (.text.RingBuffer_Read)
                  00004388    0000004c     ti_msp_dl_config.o (.text.DL_GPIO_initDigitalInputFeatures)
                  000043d4    0000004c     ti_msp_dl_config.o (.text.DL_UART_setBaudRateDivisor)
                  00004420    0000004a     libclang_rt.builtins.a : fixdfsi.S.obj (.text.__fixdfsi)
                  0000446a    00000002     --HOLE-- [fill = 0]
                  0000446c    00000048     driverlib.a : dl_uart.o (.text.DL_UART_init)
                  000044b4    00000048     oled.o (.text.OLED_DisplayTurn)
                  000044fc    00000048     oled.o (.text.OLED_DrawPoint)
                  00004544    00000048     ti_msp_dl_config.o (.text.SYSCFG_DL_UART_0_init)
                  0000458c    00000046     F32C.o (.text.BCC_Sum)
                  000045d2    00000002     --HOLE-- [fill = 0]
                  000045d4    00000044     F32C.o (.text.Build_Position)
                  00004618    00000044     driverlib.a : dl_sysctl_mspm0g1x0x_g3x0x.o (.text.DL_SYSCTL_switchMCLKfromSYSOSCtoHSCLK)
                  0000465c    00000040     F32C.o (.text.Build_Mode)
                  0000469c    00000040     F32C.o (.text.Build_Speed)
                  000046dc    00000040     BlueSerial.o (.text.RingBuffer_Write)
                  0000471c    00000040     ti_msp_dl_config.o (.text.SYSCFG_DL_TIMER_0_init)
                  0000475c    00000040     ti_msp_dl_config.o (.text.SYSCFG_DL_TIMER_ENCODER_init)
                  0000479c    00000040     libclang_rt.builtins.a : aeabi_uidivmod.S.obj (.text.__aeabi_uidivmod)
                  000047dc    00000040                            : extendsfdf2.S.obj (.text.__extendsfdf2)
                  0000481c    00000040     libc.a : atoi.c.obj (.text.atoi)
                  0000485c    00000040            : vsnprintf.c.obj (.text.vsnprintf)
                  0000489c    0000003e     oled.o (.text.OLED_Printf)
                  000048da    00000002     --HOLE-- [fill = 0]
                  000048dc    0000003c     ti_msp_dl_config.o (.text.DL_Timer_setCounterControl)
                  00004918    0000003c     ti_msp_dl_config.o (.text.SYSCFG_DL_init)
                  00004954    0000003c     Serial.o (.text.Serial_SendArray)
                  00004990    0000003c     libclang_rt.builtins.a : floatsisf.S.obj (.text.__floatsisf)
                  000049cc    0000003c                            : comparesf2.S.obj (.text.__gtsf2)
                  00004a08    0000003c     libc.a : autoinit.c.obj (.text:__TI_auto_init_nobinit_nopinit)
                  00004a44    0000003a     libclang_rt.builtins.a : comparesf2.S.obj (.text.__eqsf2)
                  00004a7e    00000002     --HOLE-- [fill = 0]
                  00004a80    0000003a                            : muldsi3.S.obj (.text.__muldsi3)
                  00004aba    00000038     BlueSerial.o (.text.BlueSerial_SendString)
                  00004af2    00000002     --HOLE-- [fill = 0]
                  00004af4    00000038     F32C.o (.text.Build_Feedback)
                  00004b2c    00000038     Encoder.o (.text.Encoder_GetSpeed)
                  00004b64    00000038     Serial.o (.text.Serial_SendString)
                  00004b9c    00000038     Grayscale.o (.text.SpeedRamp_Start)
                  00004bd4    00000038     libclang_rt.builtins.a : fixsfsi.S.obj (.text.__fixsfsi)
                  00004c0c    00000034     oled.o (.text.OLED_ColorTurn)
                  00004c40    00000032     BlueSerial.o (.text.BlueSerial_Printf)
                  00004c72    00000032     Serial.o (.text.Serial_Printf)
                  00004ca4    00000030     F32C.o (.text.Build_Enable)
                  00004cd4    00000030     Gimbal_Test.o (.text.DL_GPIO_setDigitalInternalResistor)
                  00004d04    00000030     libc.a : _printfi.c.obj (.text._fcpy)
                  00004d34    00000030            : vsnprintf.c.obj (.text._outs)
                  00004d64    0000002c     BlueSerial.o (.text.BlueSerial_SendByte)
                  00004d90    0000002c     F32C.o (.text.Send_Speed)
                  00004dbc    0000002c     Serial.o (.text.Serial_SendByte)
                  00004de8    0000002c     BlueSerial.o (.text.__NVIC_ClearPendingIRQ)
                  00004e14    0000002c     Serial.o (.text.__NVIC_ClearPendingIRQ)
                  00004e40    0000002c     Timer.o (.text.__NVIC_ClearPendingIRQ)
                  00004e6c    0000002c     BlueSerial.o (.text.__NVIC_EnableIRQ)
                  00004e98    0000002c     Serial.o (.text.__NVIC_EnableIRQ)
                  00004ec4    0000002c     Timer.o (.text.__NVIC_EnableIRQ)
                  00004ef0    0000002c     libclang_rt.builtins.a : floatsidf.S.obj (.text.__floatsidf)
                  00004f1c    0000002c     libc.a : vsprintf.c.obj (.text.vsprintf)
                  00004f48    00000028     Serial.o (.text.DL_Common_updateReg)
                  00004f70    00000028     oled.o (.text.DL_Common_updateReg)
                  00004f98    00000028     ti_msp_dl_config.o (.text.DL_Common_updateReg)
                  00004fc0    00000028     ti_msp_dl_config.o (.text.DL_I2C_setControllerRXFIFOThreshold)
                  00004fe8    00000028     ti_msp_dl_config.o (.text.DL_I2C_setControllerTXFIFOThreshold)
                  00005010    00000028     Serial.o (.text.DL_UART_setRXFIFOThreshold)
                  00005038    00000028     F32C.o (.text.Send_FeedbackRequest)
                  00005060    00000028     F32C.o (.text.Send_Mode)
                  00005088    00000028     libclang_rt.builtins.a : floatunsisf.S.obj (.text.__floatunsisf)
                  000050b0    00000028     libc.a : boot_cortex_m.c.obj (.text:_c_int00_noargs)
                  000050d8    00000026     ti_msp_dl_config.o (.text.DL_I2C_setAnalogGlitchFilterPulseWidth)
                  000050fe    00000026     driverlib.a : dl_i2c.o (.text.DL_I2C_setClockConfig)
                  00005124    00000024     ti_msp_dl_config.o (.text.DL_I2C_setDigitalGlitchFilterPulseWidth)
                  00005148    00000024     Motor.o (.text.Motor_SetTargetSpeed)
                  0000516c    00000024     F32C.o (.text.Send_Position)
                  00005190    00000024     Serial.o (.text.Serial_Init)
                  000051b4    00000024     libclang_rt.builtins.a : floatunsidf.S.obj (.text.__floatunsidf)
                  000051d8    00000024                            : muldi3.S.obj (.text.__muldi3)
                  000051fc    00000022     libc.a : memccpy.c.obj (.text.memccpy)
                  0000521e    00000002     --HOLE-- [fill = 0]
                  00005220    00000020     ti_msp_dl_config.o (.text.DL_GPIO_initPeripheralInputFunction)
                  00005240    00000020     ti_msp_dl_config.o (.text.DL_SYSCTL_setFlashWaitState)
                  00005260    00000020     F32C.o (.text.Send_Enable)
                  00005280    0000001e     ti_msp_dl_config.o (.text.DL_UART_setOversampling)
                  0000529e    00000002     --HOLE-- [fill = 0]
                  000052a0    0000001e     libclang_rt.builtins.a : ashldi3.S.obj (.text.__ashldi3)
                  000052be    00000002     --HOLE-- [fill = 0]
                  000052c0    0000001c     ti_msp_dl_config.o (.text.DL_GPIO_clearInterruptStatus)
                  000052dc    0000001c     ti_msp_dl_config.o (.text.DL_GPIO_enableHiZ)
                  000052f8    0000001c     ti_msp_dl_config.o (.text.DL_GPIO_enableInterrupt)
                  00005314    0000001c     ti_msp_dl_config.o (.text.DL_GPIO_initPeripheralOutputFunction)
                  00005330    0000001c     ti_msp_dl_config.o (.text.DL_GPIO_setLowerPinsPolarity)
                  0000534c    0000001c     Encoder.o (.text.DL_Interrupt_getPendingGroup)
                  00005368    0000001c     driverlib.a : dl_sysctl_mspm0g1x0x_g3x0x.o (.text.DL_SYSCTL_configFCC)
                  00005384    0000001c     ti_msp_dl_config.o (.text.DL_SYSCTL_setFCCPeriods)
                  000053a0    0000001c     ti_msp_dl_config.o (.text.DL_SYSCTL_setSYSOSCFreq)
                  000053bc    0000001c     ti_msp_dl_config.o (.text.DL_SYSCTL_setULPCLKDivider)
                  000053d8    0000001c     ti_msp_dl_config.o (.text.DL_Timer_enableInterrupt)
                  000053f4    0000001c     driverlib.a : dl_timer.o (.text.DL_Timer_setCaptCompUpdateMethod)
                  00005410    0000001c                 : dl_timer.o (.text.DL_Timer_setClockConfig)
                  0000542c    0000001c     BlueSerial.o (.text.DL_UART_enableInterrupt)
                  00005448    0000001c     ti_msp_dl_config.o (.text.DL_UART_enableInterrupt)
                  00005464    0000001c     delay.o (.text.delay_ms)
                  00005480    00000018     ti_msp_dl_config.o (.text.DL_GPIO_enableOutput)
                  00005498    00000018     ti_msp_dl_config.o (.text.DL_GPIO_enablePower)
                  000054b0    00000018     oled.o (.text.DL_GPIO_initDigitalOutput)
                  000054c8    00000018     ti_msp_dl_config.o (.text.DL_GPIO_initDigitalOutput)
                  000054e0    00000018     ti_msp_dl_config.o (.text.DL_GPIO_initPeripheralAnalogFunction)
                  000054f8    00000018     ti_msp_dl_config.o (.text.DL_GPIO_reset)
                  00005510    00000018     Motor.o (.text.DL_GPIO_setPins)
                  00005528    00000018     oled.o (.text.DL_GPIO_setPins)
                  00005540    00000018     ti_msp_dl_config.o (.text.DL_GPIO_setUpperPinsPolarity)
                  00005558    00000018     ti_msp_dl_config.o (.text.DL_I2C_enableAnalogGlitchFilter)
                  00005570    00000018     ti_msp_dl_config.o (.text.DL_I2C_enableController)
                  00005588    00000018     ti_msp_dl_config.o (.text.DL_I2C_enableControllerClockStretching)
                  000055a0    00000018     ti_msp_dl_config.o (.text.DL_I2C_enablePower)
                  000055b8    00000018     ti_msp_dl_config.o (.text.DL_I2C_reset)
                  000055d0    00000018     ti_msp_dl_config.o (.text.DL_I2C_setTimerPeriod)
                  000055e8    00000018     ti_msp_dl_config.o (.text.DL_SYSCTL_setBORThreshold)
                  00005600    00000018     ti_msp_dl_config.o (.text.DL_Timer_enablePower)
                  00005618    00000018     ti_msp_dl_config.o (.text.DL_Timer_reset)
                  00005630    00000018     driverlib.a : dl_timer.o (.text.DL_Timer_setCaptureCompareOutCtl)
                  00005648    00000018     BlueSerial.o (.text.DL_UART_clearInterruptStatus)
                  00005660    00000018     ti_msp_dl_config.o (.text.DL_UART_enablePower)
                  00005678    00000018     BlueSerial.o (.text.DL_UART_getErrorStatus)
                  00005690    00000018     BlueSerial.o (.text.DL_UART_isRXFIFOEmpty)
                  000056a8    00000018     F32C.o (.text.DL_UART_isRXFIFOEmpty)
                  000056c0    00000018     Serial.o (.text.DL_UART_isRXFIFOEmpty)
                  000056d8    00000018     BlueSerial.o (.text.DL_UART_isTXFIFOFull)
                  000056f0    00000018     Serial.o (.text.DL_UART_isTXFIFOFull)
                  00005708    00000018     ti_msp_dl_config.o (.text.DL_UART_reset)
                  00005720    00000018     Key.o (.text.Key_GetNum)
                  00005738    00000018     libc.a : vsnprintf.c.obj (.text._outc)
                  00005750    00000018            : vsprintf.c.obj (.text._outs)
                  00005768    00000016     Encoder.o (.text.DL_GPIO_readPins)
                  0000577e    00000016     Grayscale.o (.text.DL_GPIO_readPins)
                  00005794    00000016     Key.o (.text.DL_GPIO_readPins)
                  000057aa    00000016     ti_msp_dl_config.o (.text.DL_UART_enable)
                  000057c0    00000016     BlueSerial.o (.text.DL_UART_transmitData)
                  000057d6    00000016     Serial.o (.text.DL_UART_transmitData)
                  000057ec    00000016     Timer.o (.text.Timer_Init)
                  00005802    00000014     Motor.o (.text.DL_GPIO_clearPins)
                  00005816    00000014     oled.o (.text.DL_GPIO_clearPins)
                  0000582a    00000014     ti_msp_dl_config.o (.text.DL_GPIO_clearPins)
                  0000583e    00000002     --HOLE-- [fill = 0]
                  00005840    00000014     oled.o (.text.DL_I2C_getControllerStatus)
                  00005854    00000014     oled.o (.text.DL_I2C_resetControllerTransfer)
                  00005868    00000014     ti_msp_dl_config.o (.text.DL_I2C_resetControllerTransfer)
                  0000587c    00000014     ti_msp_dl_config.o (.text.DL_SYSCTL_disableSYSPLL)
                  00005890    00000014     ti_msp_dl_config.o (.text.DL_SYSCTL_enableSYSPLL)
                  000058a4    00000014     ti_msp_dl_config.o (.text.DL_Timer_enableClock)
                  000058b8    00000014     ti_msp_dl_config.o (.text.DL_Timer_setCCPDirection)
                  000058cc    00000014     BlueSerial.o (.text.DL_UART_receiveData)
                  000058e0    00000014     F32C.o (.text.DL_UART_receiveData)
                  000058f4    00000014     Serial.o (.text.DL_UART_receiveData)
                  00005908    00000014     libclang_rt.builtins.a : aeabi_uldivmod.S.obj (.text.__aeabi_uldivmod)
                  0000591c    00000014     libc.a : _printfi.c.obj (.text.strchr)
                  00005930    00000012     Encoder.o (.text.DL_GPIO_getPendingInterrupt)
                  00005942    00000012     Encoder.o (.text.DL_Timer_getPendingInterrupt)
                  00005954    00000012     Timer.o (.text.DL_Timer_getPendingInterrupt)
                  00005966    00000012     Serial.o (.text.DL_UART_getPendingInterrupt)
                  00005978    00000012     driverlib.a : dl_uart.o (.text.DL_UART_setClockConfig)
                  0000598a    00000012     libc.a : memcpy16.S.obj (.text:TI_memcpy_small)
                  0000599c    00000012            : copy_decompress_none.c.obj (.text:decompress:none)
                  000059ae    00000002     --HOLE-- [fill = 0]
                  000059b0    00000010     BlueSerial.o (.text.BlueSerial_GetRxCount)
                  000059c0    00000010     BlueSerial.o (.text.BlueSerial_GetRxData)
                  000059d0    00000010     ti_msp_dl_config.o (.text.DL_SYSCTL_disableHFXT)
                  000059e0    00000010     ti_msp_dl_config.o (.text.DL_SYSCTL_isFCCDone)
                  000059f0    00000010     ti_msp_dl_config.o (.text.DL_SYSCTL_startFCC)
                  00005a00    00000010     driverlib.a : dl_timer.o (.text.DL_Timer_setCaptureCompareValue)
                  00005a10    00000010     mpu_port.o (.text.MPU_Tick)
                  00005a20    00000010     BlueSerial.o (.text.RingBuffer_GetCount)
                  00005a30    00000010     libc.a : wcslen.c.obj (.text.wcslen)
                  00005a40    00000010            : copy_zero_init.c.obj (.text:decompress:ZI)
                  00005a50    0000000e     libclang_rt.builtins.a : aeabi_memset.S.obj (.text.__aeabi_memset)
                  00005a5e    0000000e     libc.a : _printfi.c.obj (.text.strlen)
                  00005a6c    0000000e            : memset16.S.obj (.text:TI_memset_small)
                  00005a7a    00000002     --HOLE-- [fill = 0]
                  00005a7c    0000000c     ti_msp_dl_config.o (.text.DL_SYSCTL_getClockStatus)
                  00005a88    0000000c     ti_msp_dl_config.o (.text.DL_SYSCTL_readFCC)
                  00005a94    0000000c     Grayscale.o (.text.SpeedRamp_IsActive)
                  00005aa0    0000000c     libclang_rt.builtins.a : aeabi_memset.S.obj (.text.__aeabi_memclr)
                  00005aac    0000000a     driverlib.a : dl_common.o (.text.DL_Common_delayCycles)
                  00005ab6    0000000a     libc.a : _printfi.c.obj (.text.OUTLINED_FUNCTION_0)
                  00005ac0    00000010     libclang_rt.builtins.a : adddf3.S.obj (.tramp.__aeabi_dsub.1)
                  00005ad0    0000000a     libc.a : _printfi.c.obj (.text.OUTLINED_FUNCTION_1)
                  00005ada    0000000a            : vsprintf.c.obj (.text._outc)
                  00005ae4    00000008            : aeabi_portable.c.obj (.text.__aeabi_errno_addr)
                  00005aec    00000008     libclang_rt.builtins.a : aeabi_memcpy.S.obj (.text.__aeabi_memcpy)
                  00005af4    00000006     libc.a : exit.c.obj (.text:abort)
                  00005afa    00000004     startup_mspm0g350x_ticlang.o (.text.Default_Handler)
                  00005afe    00000004     libsysbm.a : hostexit.c.obj (.text.HOSTexit)
                  00005b02    00000004     startup_mspm0g350x_ticlang.o (.text.Reset_Handler)
                  00005b06    00000002     --HOLE-- [fill = 0]
                  00005b08    00000010     libc.a : boot_cortex_m.c.obj (.tramp._c_int00_noargs.1)
                  00005b18    00000004            : pre_init.c.obj (.text._system_pre_init)
                  00005b1c    00000004     --HOLE-- [fill = 0]

.cinit     0    00007740    00000050     
                  00007740    0000002c     (.cinit..data.load) [load image, compression = lzss]
                  0000776c    0000000c     (__TI_handler_table)
                  00007778    00000008     (.cinit..bss.load) [load image, compression = zero_init]
                  00007780    00000010     (__TI_cinit_table)

.rodata    0    00005b20    00001c20     
                  00005b20    00000d5c     oled.o (.rodata.asc2_2412)
                  0000687c    000005f0     oled.o (.rodata.asc2_1608)
                  00006e6c    00000474     oled.o (.rodata.asc2_1206)
                  000072e0    0000023a     oled.o (.rodata.OLED_F6x8)
                  0000751a    00000006     Timer.o (.rodata.str1.8854850317548870420.1)
                  00007520    00000101     libc.a : aeabi_ctype.S.obj (.rodata:__aeabi_ctype_table_)
                  00007621    00000003     ti_msp_dl_config.o (.rodata.gPWM_AClockConfig)
                  00007624    00000028     ti_msp_dl_config.o (.rodata.gSYSPLLConfig)
                  0000764c    00000017     Gimbal_Test.o (.rodata.str1.6756241767796355548.1)
                  00007663    00000001     --HOLE-- [fill = 0]
                  00007664    00000014     ti_msp_dl_config.o (.rodata.gTIMER_0TimerConfig)
                  00007678    00000014     ti_msp_dl_config.o (.rodata.gTIMER_ENCODERTimerConfig)
                  0000768c    00000014     Gimbal_Test.o (.rodata.str1.1137305939433323461.1)
                  000076a0    00000014     Gimbal_Test.o (.rodata.str1.7310398143635496649.1)
                  000076b4    00000011     libc.a : _printfi.c.obj (.rodata.str1.10348868589481759720.1)
                  000076c5    00000011            : _printfi.c.obj (.rodata.str1.15363888844622738466.1)
                  000076d6    0000000f     Gimbal_Test.o (.rodata.str1.12048264224332110662.1)
                  000076e5    0000000f     Gimbal_Test.o (.rodata.str1.3912676882186046381.1)
                  000076f4    0000000a     ti_msp_dl_config.o (.rodata.gUART_0Config)
                  000076fe    0000000a     ti_msp_dl_config.o (.rodata.gUART_1Config)
                  00007708    0000000a     Timer.o (.rodata.str1.424061376496243587.1)
                  00007712    00000002     ti_msp_dl_config.o (.rodata.gGY_87ClockConfig)
                  00007714    00000008     ti_msp_dl_config.o (.rodata.gPWM_AConfig)
                  0000771c    00000008     ti_msp_dl_config.o (.rodata.gPWM_BConfig)
                  00007724    00000003     ti_msp_dl_config.o (.rodata.gPWM_BClockConfig)
                  00007727    00000003     ti_msp_dl_config.o (.rodata.gTIMER_0ClockConfig)
                  0000772a    00000003     ti_msp_dl_config.o (.rodata.gTIMER_ENCODERClockConfig)
                  0000772d    00000002     ti_msp_dl_config.o (.rodata.gOLEDClockConfig)
                  0000772f    00000002     ti_msp_dl_config.o (.rodata.gUART_0ClockConfig)
                  00007731    00000002     ti_msp_dl_config.o (.rodata.gUART_1ClockConfig)
                  00007733    0000000d     --HOLE-- [fill = 0]

.init_array 
*          0    00000000    00000000     UNINITIALIZED

.binit     0    00000000    00000000     

.bss       0    20200000    000005f8     UNINITIALIZED
                  20200000    00000480     (.common:OLED_GRAM)
                  20200480    000000bc     (.common:gPWM_ABackup)
                  2020053c    00000064     (.common:BlueSerial_RxPacket)
                  202005a0    00000010     Grayscale.o (.bss.decel_ramp)
                  202005b0    00000010     Grayscale.o (.bss.soft_ramp)
                  202005c0    00000009     F32C.o (.bss.F32C_PollFeedback.rx_buf)
                  202005c9    00000009     Serial.o (.bss.UART1_IRQHandler.rx_buf)
                  202005d2    00000009     F32C.o (.bss.cmd_position)
                  202005db    00000007     F32C.o (.bss.cmd_mode)
                  202005e2    00000007     F32C.o (.bss.cmd_speed)
                  202005e9    00000006     F32C.o (.bss.cmd_feedback)
                  202005ef    00000005     F32C.o (.bss.cmd_enable)
                  202005f4    00000004     Gimbal_Test.o (.bss.Process_Bluetooth_Data.rx_buf)

.data      0    202005f8    00000302     UNINITIALIZED
                  202005f8    00000106     BlueSerial.o (.data.rxBuffer)
                  202006fe    00000106     Serial.o (.data.rxBuffer)
                  20200804    00000014     Motor.o (.data.motor_l_ctrl)
                  20200818    00000014     Motor.o (.data.motor_r_ctrl)
                  2020082c    0000000a     Encoder.o (.data.g_speed_buf_left)
                  20200836    0000000a     Encoder.o (.data.g_speed_buf_right)
                  20200840    00000004     Motor.o (.data.Motor_Kd)
                  20200844    00000004     Motor.o (.data.Motor_Ki)
                  20200848    00000004     Motor.o (.data.Motor_Kp)
                  2020084c    00000004     Timer.o (.data.System_Tick_Count)
                  20200850    00000004     Motor.o (.data.Track_Kd)
                  20200854    00000004     Motor.o (.data.Track_Kp)
                  20200858    00000004     Grayscale.o (.data.Turn_Start_Tick)
                  2020085c    00000004     libc.a : aeabi_portable.c.obj (.data.__aeabi_errno)
                  20200860    00000004     Serial.o (.data.dbg_bcc_err)
                  20200864    00000004     Serial.o (.data.dbg_frame_full)
                  20200868    00000004     Serial.o (.data.dbg_frame_header)
                  2020086c    00000004     Serial.o (.data.dbg_frame_ok)
                  20200870    00000004     Serial.o (.data.dbg_rx_total)
                  20200874    00000004     Serial.o (.data.dbg_tail_err)
                  20200878    00000004     Encoder.o (.data.g_enc_gpioa_irq_cnt)
                  2020087c    00000004     Encoder.o (.data.g_enc_gpiob_irq_cnt)
                  20200880    00000004     Encoder.o (.data.g_enc_left_total)
                  20200884    00000004     Encoder.o (.data.g_enc_right_total)
                  20200888    00000004     Motor.o (.data.last_deviation)
                  2020088c    00000004     F32C.o (.data.motor1_current_position)
                  20200890    00000004     F32C.o (.data.motor1_current_speed)
                  20200894    00000004     F32C.o (.data.motor1_target)
                  20200898    00000004     F32C.o (.data.motor2_current_position)
                  2020089c    00000004     F32C.o (.data.motor2_current_speed)
                  202008a0    00000004     F32C.o (.data.motor2_target)
                  202008a4    00000004     mpu_port.o (.data.mpu_corrected_yaw)
                  202008a8    00000004     mpu_port.o (.data.sys_tick_ms)
                  202008ac    00000004     Serial.o (.data.uart1_isr_count)
                  202008b0    00000002     Grayscale.o (.data.BaseSpeed)
                  202008b2    00000002     Timer.o (.data.Count0)
                  202008b4    00000002     Timer.o (.data.Count1)
                  202008b6    00000002     Grayscale.o (.data.DecelSpeed)
                  202008b8    00000002     Grayscale.o (.data.PWML)
                  202008ba    00000002     Grayscale.o (.data.PWMR)
                  202008bc    00000002     Grayscale.o (.data.SoftStartTime)
                  202008be    00000002     Timer.o (.data.TIMG0_IRQHandler.speed_pid_cnt)
                  202008c0    00000002     Timer.o (.data.TIMG0_IRQHandler.track_10ms_cnt)
                  202008c2    00000002     Grayscale.o (.data.TurnDecelTime)
                  202008c4    00000002     Grayscale.o (.data.TurnPower)
                  202008c6    00000002     Encoder.o (.data.g_enc_gpioa_delta)
                  202008c8    00000002     Encoder.o (.data.g_enc_gpiob_delta)
                  202008ca    00000002     Encoder.o (.data.g_enc_left_20ms_acc)
                  202008cc    00000002     Encoder.o (.data.g_enc_left_delta)
                  202008ce    00000002     Encoder.o (.data.g_enc_left_raw)
                  202008d0    00000002     Encoder.o (.data.g_enc_right_20ms_acc)
                  202008d2    00000002     Encoder.o (.data.g_enc_right_delta)
                  202008d4    00000002     Encoder.o (.data.g_enc_right_raw)
                  202008d6    00000002     Gimbal_Test.o (.data.g_rx_x)
                  202008d8    00000002     Gimbal_Test.o (.data.g_rx_y)
                  202008da    00000002     Encoder.o (.data.g_speed_left_filtered)
                  202008dc    00000002     Encoder.o (.data.g_speed_right_filtered)
                  202008de    00000001     BlueSerial.o (.data.BlueSerial_RxFlag)
                  202008df    00000001     F32C.o (.data.F32C_PollFeedback.rx_idx)
                  202008e0    00000001     Grayscale.o (.data.Gray_1)
                  202008e1    00000001     Grayscale.o (.data.Gray_2)
                  202008e2    00000001     Grayscale.o (.data.Gray_3)
                  202008e3    00000001     Grayscale.o (.data.Gray_4)
                  202008e4    00000001     Grayscale.o (.data.Gray_5)
                  202008e5    00000001     Grayscale.o (.data.Gray_6)
                  202008e6    00000001     Grayscale.o (.data.Gray_7)
                  202008e7    00000001     Grayscale.o (.data.Gray_8)
                  202008e8    00000001     BlueSerial.o (.data.Joystick_Active)
                  202008e9    00000001     Key.o (.data.Key_Num)
                  202008ea    00000001     Key.o (.data.Key_Tick.Count)
                  202008eb    00000001     Key.o (.data.Key_Tick.CurrState)
                  202008ec    00000001     Key.o (.data.Key_Tick.PrevState)
                  202008ed    00000001     Gimbal_Test.o (.data.Process_Bluetooth_Data.rx_idx)
                  202008ee    00000001     Gimbal_Test.o (.data.Process_Bluetooth_Data.rx_state)
                  202008ef    00000001     Grayscale.o (.data.RunFlag)
                  202008f0    00000001     Encoder.o (.data.TIMG12_IRQHandler.cnt)
                  202008f1    00000001     Grayscale.o (.data.Turn_Direction)
                  202008f2    00000001     Grayscale.o (.data.Turn_State)
                  202008f3    00000001     BlueSerial.o (.data.UART0_IRQHandler.RxState)
                  202008f4    00000001     BlueSerial.o (.data.UART0_IRQHandler.pRxPacket)
                  202008f5    00000001     Serial.o (.data.UART1_IRQHandler.rx_idx)
                  202008f6    00000001     Encoder.o (.data.g_enc_20ms_ready)
                  202008f7    00000001     Encoder.o (.data.g_speed_buf_idx_left)
                  202008f8    00000001     Encoder.o (.data.g_speed_buf_idx_right)
                  202008f9    00000001     Grayscale.o (.data.soft_was_running)

.stack     0    20207e00    00000200     UNINITIALIZED
                  20207e00    00000004     libc.a : boot_cortex_m.c.obj (.stack)
                  20207e04    000001fc     --HOLE--

__llvm_prf_cnts 
*          0    20200000    00000000     UNINITIALIZED

__llvm_prf_bits 
*          0    20200000    00000000     UNINITIALIZED

MODULE SUMMARY

       Module                         code    ro data   rw data
       ------                         ----    -------   -------
    .\
       ti_msp_dl_config.o             3458    136       188    
       startup_mspm0g350x_ticlang.o   8       192       0      
    +--+------------------------------+-------+---------+---------+
       Total:                         3466    328       188    
                                                               
    .\Hardware\
       oled.o                         2106    6650      1152   
       Grayscale.o                    1358    0         62     
       Serial.o                       1092    0         300    
       BlueSerial.o                   900     0         366    
       Motor.o                        1092    0         64     
       F32C.o                         950     0         68     
       Encoder.o                      842     0         60     
       Key.o                          262     0         4      
    +--+------------------------------+-------+---------+---------+
       Total:                         8602    6650      2076   
                                                               
    .\Hardware\mpu6050\
       mpu_port.o                     16      0         8      
    +--+------------------------------+-------+---------+---------+
       Total:                         16      0         8      
                                                               
    .\Test\
       Gimbal_Test.o                  972     93        10     
    +--+------------------------------+-------+---------+---------+
       Total:                         972     93        10     
                                                               
    .\system\
       Timer.o                        388     16        12     
       delay.o                        28      0         0      
    +--+------------------------------+-------+---------+---------+
       Total:                         416     16        12     
                                                               
    C:/TI/mspm0_sdk_2_10_00_04/source/ti/driverlib/lib/ticlang/m0p/mspm0g1x0x_g3x0x/driverlib.a
       dl_timer.o                     608     0         0      
       dl_sysctl_mspm0g1x0x_g3x0x.o   416     0         0      
       dl_i2c.o                       132     0         0      
       dl_uart.o                      90      0         0      
       dl_common.o                    10      0         0      
    +--+------------------------------+-------+---------+---------+
       Total:                         1256    0         0      
                                                               
    D:\TI\CCS\ccs\tools\compiler\ti-cgt-armllvm_4.0.4.LTS\lib\armv6m-ti-none-eabi/c/libc.a
       _printfi.c.obj                 4510    34        0      
       aeabi_ctype.S.obj              0       257       0      
       s_scalbn.c.obj                 216     0         0      
       vsnprintf.c.obj                136     0         0      
       copy_decompress_lzss.c.obj     124     0         0      
       s_frexp.c.obj                  92      0         0      
       _ltoa.c.obj                    88      0         0      
       vsprintf.c.obj                 78      0         0      
       atoi.c.obj                     64      0         0      
       autoinit.c.obj                 60      0         0      
       boot_cortex_m.c.obj            56      0         0      
       memccpy.c.obj                  34      0         0      
       copy_decompress_none.c.obj     18      0         0      
       memcpy16.S.obj                 18      0         0      
       copy_zero_init.c.obj           16      0         0      
       wcslen.c.obj                   16      0         0      
       memset16.S.obj                 14      0         0      
       aeabi_portable.c.obj           8       0         4      
       exit.c.obj                     6       0         0      
       pre_init.c.obj                 4       0         0      
    +--+------------------------------+-------+---------+---------+
       Total:                         5558    291       4      
                                                               
    D:\TI\CCS\ccs\tools\compiler\ti-cgt-armllvm_4.0.4.LTS\lib\armv6m-ti-none-eabi/c/libsysbm.a
       hostexit.c.obj                 4       0         0      
    +--+------------------------------+-------+---------+---------+
       Total:                         4       0         0      
                                                               
    D:\TI\CCS\ccs\tools\compiler\ti-cgt-armllvm_4.0.4.LTS\lib\armv6m-ti-none-eabi/libclang_rt.builtins.a
       adddf3.S.obj                   418     0         0      
       divdf3.S.obj                   268     0         0      
       muldf3.S.obj                   228     0         0      
       comparedf2.c.obj               220     0         0      
       addsf3.S.obj                   216     0         0      
       udivmoddi4.S.obj               162     0         0      
       mulsf3.S.obj                   140     0         0      
       divsf3.S.obj                   130     0         0      
       comparesf2.S.obj               118     0         0      
       aeabi_dcmp.S.obj               98      0         0      
       aeabi_fcmp.S.obj               98      0         0      
       aeabi_idivmod.S.obj            86      0         0      
       fixdfsi.S.obj                  74      0         0      
       aeabi_uidivmod.S.obj           64      0         0      
       extendsfdf2.S.obj              64      0         0      
       floatsisf.S.obj                60      0         0      
       muldsi3.S.obj                  58      0         0      
       fixsfsi.S.obj                  56      0         0      
       floatsidf.S.obj                44      0         0      
       floatunsisf.S.obj              40      0         0      
       floatunsidf.S.obj              36      0         0      
       muldi3.S.obj                   36      0         0      
       ashldi3.S.obj                  30      0         0      
       aeabi_memset.S.obj             26      0         0      
       aeabi_uldivmod.S.obj           20      0         0      
       aeabi_memcpy.S.obj             8       0         0      
       aeabi_div0.c.obj               4       0         0      
    +--+------------------------------+-------+---------+---------+
       Total:                         2802    0         0      
                                                               
       Stack:                         0       0         512    
       Linker Generated:              0       80        0      
    +--+------------------------------+-------+---------+---------+
       Grand Total:                   23092   7458      2810   


LINKER GENERATED COPY TABLES

__TI_cinit_table @ 00007780 records: 2, size/record: 8, table size: 16
	.data: load addr=00007740, load size=0000002c bytes, run addr=202005f8, run size=00000302 bytes, compression=lzss
	.bss: load addr=00007778, load size=00000008 bytes, run addr=20200000, run size=000005f8 bytes, compression=zero_init


LINKER GENERATED HANDLER TABLE

__TI_handler_table @ 0000776c records: 3, size/record: 4, table size: 12
	index: 0, handler: __TI_decompress_lzss
	index: 1, handler: __TI_decompress_none
	index: 2, handler: __TI_zero_init


FAR CALL TRAMPOLINES

callee name               trampoline name
   callee addr  tramp addr   call addr  call info
--------------  -----------  ---------  ----------------
__aeabi_dsub              $Tramp$TT$L$PI$$__aeabi_dsub
   00001b55     00005ac0     00005abe   libc.a : _printfi.c.obj (.text.OUTLINED_FUNCTION_0)
_c_int00_noargs           $Tramp$TT$L$PI$$_c_int00_noargs
   000050b1     00005b08     00005b02   startup_mspm0g350x_ticlang.o (.text.Reset_Handler)

[2 trampolines]
[2 trampoline calls]


GLOBAL SYMBOLS: SORTED ALPHABETICALLY BY Name 

address   name                                 
-------   ----                                 
00005afb  ADC0_IRQHandler                      
00005afb  ADC1_IRQHandler                      
00005afb  AES_IRQHandler                       
202008b0  BaseSpeed                            
000059b1  BlueSerial_GetRxCount                
000059c1  BlueSerial_GetRxData                 
00003e55  BlueSerial_Init                      
00004c41  BlueSerial_Printf                    
202008de  BlueSerial_RxFlag                    
2020053c  BlueSerial_RxPacket                  
00004d65  BlueSerial_SendByte                  
00004abb  BlueSerial_SendString                
00005afe  C$$EXIT                              
00005afb  CANFD0_IRQHandler                    
202008b2  Count0                               
202008b4  Count1                               
00005afb  DAC0_IRQHandler                      
00005aad  DL_Common_delayCycles                
00003fd5  DL_I2C_fillControllerTXFIFO          
000050ff  DL_I2C_setClockConfig                
00005369  DL_SYSCTL_configFCC                  
00002d41  DL_SYSCTL_configSYSPLL               
00003c61  DL_SYSCTL_setHFCLKSourceHFXTParams   
00004619  DL_SYSCTL_switchMCLKfromSYSOSCtoHSCLK
00002775  DL_Timer_initFourCCPWMMode           
0000297d  DL_Timer_initTimerMode               
000053f5  DL_Timer_setCaptCompUpdateMethod     
00005631  DL_Timer_setCaptureCompareOutCtl     
00005a01  DL_Timer_setCaptureCompareValue      
00005411  DL_Timer_setClockConfig              
0000446d  DL_UART_init                         
00005979  DL_UART_setClockConfig               
00005afb  DMA_IRQHandler                       
202008b6  DecelSpeed                           
00005afb  Default_Handler                      
00003969  Encoder_CalcSpeed                    
00004b2d  Encoder_GetSpeed                     
00001e4d  F32C_PollFeedback                    
00005afb  GROUP0_IRQHandler                    
00002445  GROUP1_IRQHandler                    
202008e0  Gray_1                               
202008e1  Gray_2                               
202008e2  Gray_3                               
202008e3  Gray_4                               
202008e4  Gray_5                               
202008e5  Gray_6                               
202008e6  Gray_7                               
202008e7  Gray_8                               
0000309d  Gray_Sensor_Read                     
00000a91  Gray_Track_Control                   
00002329  Grayscale_GetDeviation_Track         
00005aff  HOSTexit                             
00005afb  HardFault_Handler                    
00005afb  I2C0_IRQHandler                      
00005afb  I2C1_IRQHandler                      
202008e8  Joystick_Active                      
00005721  Key_GetNum                           
00003eb5  Key_Tick                             
00005a11  MPU_Tick                             
20200840  Motor_Kd                             
20200844  Motor_Ki                             
20200848  Motor_Kp                             
00001ce9  Motor_SetPWM                         
00005149  Motor_SetTargetSpeed                 
000013c9  Motor_Speed_PID_Update               
00005afb  NMI_Handler                          
00003f15  OLED_Clear                           
00003cc5  OLED_ClearPoint                      
00004c0d  OLED_ColorTurn                       
000044b5  OLED_DisplayTurn                     
000044fd  OLED_DrawPoint                       
000072e0  OLED_F6x8                            
20200000  OLED_GRAM                            
00002a79  OLED_Init                            
0000489d  OLED_Printf                          
0000377d  OLED_Refresh                         
000017b1  OLED_ShowChar                        
000032f5  OLED_ShowString                      
00003569  OLED_WR_Byte                         
202008b8  PWML                                 
202008ba  PWMR                                 
00005afb  PendSV_Handler                       
00005afb  RTC_IRQHandler                       
000035f1  Racecar                              
00005b03  Reset_Handler                        
202008ef  RunFlag                              
00005afb  SPI0_IRQHandler                      
00005afb  SPI1_IRQHandler                      
00005afb  SVC_Handler                          
00000f7d  SYSCFG_DL_GPIO_init                  
00004091  SYSCFG_DL_GY_87_init                 
00003f75  SYSCFG_DL_OLED_init                  
00003a51  SYSCFG_DL_PWM_A_init                 
00003d29  SYSCFG_DL_PWM_B_init                 
00002b75  SYSCFG_DL_SYSCTL_SYSPLL_init         
000037f9  SYSCFG_DL_SYSCTL_init                
0000471d  SYSCFG_DL_TIMER_0_init               
0000475d  SYSCFG_DL_TIMER_ENCODER_init         
00004545  SYSCFG_DL_UART_0_init                
000041f1  SYSCFG_DL_UART_1_init                
00004919  SYSCFG_DL_init                       
00003231  SYSCFG_DL_initPower                  
00005261  Send_Enable                          
00005039  Send_FeedbackRequest                 
00005061  Send_Mode                            
0000516d  Send_Position                        
00004d91  Send_Speed                           
00005191  Serial_Init                          
00004c73  Serial_Printf                        
00004955  Serial_SendArray                     
00004dbd  Serial_SendByte                      
00004b65  Serial_SendString                    
202008bc  SoftStartTime                        
00005a95  SpeedRamp_IsActive                   
00004b9d  SpeedRamp_Start                      
00003449  SpeedRamp_Update                     
00005afb  SysTick_Handler                      
2020084c  System_Tick_Count                    
00005afb  TIMA0_IRQHandler                     
00005afb  TIMA1_IRQHandler                     
00002879  TIMG0_IRQHandler                     
00003169  TIMG12_IRQHandler                    
00005afb  TIMG6_IRQHandler                     
00005afb  TIMG7_IRQHandler                     
00005afb  TIMG8_IRQHandler                     
0000598b  TI_memcpy_small                      
00005a6d  TI_memset_small                      
000057ed  Timer_Init                           
20200850  Track_Kd                             
20200854  Track_Kp                             
202008c2  TurnDecelTime                        
202008c4  TurnPower                            
202008f1  Turn_Direction                       
20200858  Turn_Start_Tick                      
202008f2  Turn_State                           
00002fcd  UART0_IRQHandler                     
00001985  UART1_IRQHandler                     
00005afb  UART2_IRQHandler                     
00005afb  UART3_IRQHandler                     
20208000  __STACK_END                          
00000200  __STACK_SIZE                         
00000000  __TI_ATRegion0_region_sz             
00000000  __TI_ATRegion0_src_addr              
00000000  __TI_ATRegion0_trg_addr              
00000000  __TI_ATRegion1_region_sz             
00000000  __TI_ATRegion1_src_addr              
00000000  __TI_ATRegion1_trg_addr              
00000000  __TI_ATRegion2_region_sz             
00000000  __TI_ATRegion2_src_addr              
00000000  __TI_ATRegion2_trg_addr              
00007780  __TI_CINIT_Base                      
00007790  __TI_CINIT_Limit                     
00007790  __TI_CINIT_Warm                      
0000776c  __TI_Handler_Table_Base              
00007778  __TI_Handler_Table_Limit             
00004a09  __TI_auto_init_nobinit_nopinit       
00003875  __TI_decompress_lzss                 
0000599d  __TI_decompress_none                 
000040e9  __TI_ltoa                            
ffffffff  __TI_pprof_out_hndl                  
000000c1  __TI_printfi                         
ffffffff  __TI_prof_data_size                  
ffffffff  __TI_prof_data_start                 
00000000  __TI_static_base__                   
00005a41  __TI_zero_init                       
00001b5f  __adddf3                             
00002eff  __addsf3                             
00007520  __aeabi_ctype_table_                 
00007520  __aeabi_ctype_table_C                
00004421  __aeabi_d2iz                         
00001b5f  __aeabi_dadd                         
00003d8d  __aeabi_dcmpeq                       
00003dc9  __aeabi_dcmpge                       
00003ddd  __aeabi_dcmpgt                       
00003db5  __aeabi_dcmple                       
00003da1  __aeabi_dcmplt                       
00002669  __aeabi_ddiv                         
00002c5d  __aeabi_dmul                         
00001b55  __aeabi_dsub                         
2020085c  __aeabi_errno                        
00005ae5  __aeabi_errno_addr                   
000047dd  __aeabi_f2d                          
00004bd5  __aeabi_f2iz                         
00002eff  __aeabi_fadd                         
00003df1  __aeabi_fcmpeq                       
00003e2d  __aeabi_fcmpge                       
00003e41  __aeabi_fcmpgt                       
00003e19  __aeabi_fcmple                       
00003e05  __aeabi_fcmplt                       
000036f9  __aeabi_fdiv                         
000034dd  __aeabi_fmul                         
00002ef5  __aeabi_fsub                         
00004ef1  __aeabi_i2d                          
00004991  __aeabi_i2f                          
00004199  __aeabi_idiv                         
00001ce7  __aeabi_idiv0                        
00004199  __aeabi_idivmod                      
00003447  __aeabi_ldiv0                        
000052a1  __aeabi_llsl                         
000051d9  __aeabi_lmul                         
00005aa1  __aeabi_memclr                       
00005aa1  __aeabi_memclr4                      
00005aa1  __aeabi_memclr8                      
00005aed  __aeabi_memcpy                       
00005aed  __aeabi_memcpy4                      
00005aed  __aeabi_memcpy8                      
00005a51  __aeabi_memset                       
00005a51  __aeabi_memset4                      
00005a51  __aeabi_memset8                      
000051b5  __aeabi_ui2d                         
00005089  __aeabi_ui2f                         
0000479d  __aeabi_uidiv                        
0000479d  __aeabi_uidivmod                     
00005909  __aeabi_uldivmod                     
000052a1  __ashldi3                            
ffffffff  __binit__                            
00003b29  __cmpdf2                             
00004a45  __cmpsf2                             
00002669  __divdf3                             
000036f9  __divsf3                             
00003b29  __eqdf2                              
00004a45  __eqsf2                              
000047dd  __extendsfdf2                        
00004421  __fixdfsi                            
00004bd5  __fixsfsi                            
00004ef1  __floatsidf                          
00004991  __floatsisf                          
000051b5  __floatunsidf                        
00005089  __floatunsisf                        
000039dd  __gedf2                              
000049cd  __gesf2                              
000039dd  __gtdf2                              
000049cd  __gtsf2                              
00003b29  __ledf2                              
00004a45  __lesf2                              
00003b29  __ltdf2                              
00004a45  __ltsf2                              
UNDEFED   __mpu_init                           
00002c5d  __muldf3                             
000051d9  __muldi3                             
00004a81  __muldsi3                            
000034dd  __mulsf3                             
00003b29  __nedf2                              
00004a45  __nesf2                              
20207e00  __stack                              
20200000  __start___llvm_prf_bits              
20200000  __start___llvm_prf_cnts              
20200000  __stop___llvm_prf_bits               
20200000  __stop___llvm_prf_cnts               
00001b55  __subdf3                             
00002ef5  __subsf3                             
000033a5  __udivmoddi4                         
000050b1  _c_int00_noargs                      
UNDEFED   _system_post_cinit                   
00005b19  _system_pre_init                     
00005af5  abort                                
00006e6c  asc2_1206                            
0000687c  asc2_1608                            
00005b20  asc2_2412                            
0000481d  atoi                                 
ffffffff  binit                                
20200860  dbg_bcc_err                          
20200864  dbg_frame_full                       
20200868  dbg_frame_header                     
2020086c  dbg_frame_ok                         
20200870  dbg_rx_total                         
20200874  dbg_tail_err                         
00005465  delay_ms                             
00004035  frexp                                
00004035  frexpl                               
20200480  gPWM_ABackup                         
20200878  g_enc_gpioa_irq_cnt                  
2020087c  g_enc_gpiob_irq_cnt                  
00000000  interruptVectors                     
00002e1d  ldexp                                
00002e1d  ldexpl                               
00000d09  main                                 
000051fd  memccpy                              
2020088c  motor1_current_position              
20200890  motor1_current_speed                 
20200894  motor1_target                        
20200898  motor2_current_position              
2020089c  motor2_current_speed                 
202008a0  motor2_target                        
20200804  motor_l_ctrl                         
20200818  motor_r_ctrl                         
202008a4  mpu_corrected_yaw                    
00002e1d  scalbn                               
00002e1d  scalbnl                              
202008ac  uart1_isr_count                      
0000485d  vsnprintf                            
00004f1d  vsprintf                             
00005a31  wcslen                               


GLOBAL SYMBOLS: SORTED BY Symbol Address 

address   name                                 
-------   ----                                 
00000000  __TI_ATRegion0_region_sz             
00000000  __TI_ATRegion0_src_addr              
00000000  __TI_ATRegion0_trg_addr              
00000000  __TI_ATRegion1_region_sz             
00000000  __TI_ATRegion1_src_addr              
00000000  __TI_ATRegion1_trg_addr              
00000000  __TI_ATRegion2_region_sz             
00000000  __TI_ATRegion2_src_addr              
00000000  __TI_ATRegion2_trg_addr              
00000000  __TI_static_base__                   
00000000  interruptVectors                     
000000c1  __TI_printfi                         
00000200  __STACK_SIZE                         
00000a91  Gray_Track_Control                   
00000d09  main                                 
00000f7d  SYSCFG_DL_GPIO_init                  
000013c9  Motor_Speed_PID_Update               
000017b1  OLED_ShowChar                        
00001985  UART1_IRQHandler                     
00001b55  __aeabi_dsub                         
00001b55  __subdf3                             
00001b5f  __adddf3                             
00001b5f  __aeabi_dadd                         
00001ce7  __aeabi_idiv0                        
00001ce9  Motor_SetPWM                         
00001e4d  F32C_PollFeedback                    
00002329  Grayscale_GetDeviation_Track         
00002445  GROUP1_IRQHandler                    
00002669  __aeabi_ddiv                         
00002669  __divdf3                             
00002775  DL_Timer_initFourCCPWMMode           
00002879  TIMG0_IRQHandler                     
0000297d  DL_Timer_initTimerMode               
00002a79  OLED_Init                            
00002b75  SYSCFG_DL_SYSCTL_SYSPLL_init         
00002c5d  __aeabi_dmul                         
00002c5d  __muldf3                             
00002d41  DL_SYSCTL_configSYSPLL               
00002e1d  ldexp                                
00002e1d  ldexpl                               
00002e1d  scalbn                               
00002e1d  scalbnl                              
00002ef5  __aeabi_fsub                         
00002ef5  __subsf3                             
00002eff  __addsf3                             
00002eff  __aeabi_fadd                         
00002fcd  UART0_IRQHandler                     
0000309d  Gray_Sensor_Read                     
00003169  TIMG12_IRQHandler                    
00003231  SYSCFG_DL_initPower                  
000032f5  OLED_ShowString                      
000033a5  __udivmoddi4                         
00003447  __aeabi_ldiv0                        
00003449  SpeedRamp_Update                     
000034dd  __aeabi_fmul                         
000034dd  __mulsf3                             
00003569  OLED_WR_Byte                         
000035f1  Racecar                              
000036f9  __aeabi_fdiv                         
000036f9  __divsf3                             
0000377d  OLED_Refresh                         
000037f9  SYSCFG_DL_SYSCTL_init                
00003875  __TI_decompress_lzss                 
00003969  Encoder_CalcSpeed                    
000039dd  __gedf2                              
000039dd  __gtdf2                              
00003a51  SYSCFG_DL_PWM_A_init                 
00003b29  __cmpdf2                             
00003b29  __eqdf2                              
00003b29  __ledf2                              
00003b29  __ltdf2                              
00003b29  __nedf2                              
00003c61  DL_SYSCTL_setHFCLKSourceHFXTParams   
00003cc5  OLED_ClearPoint                      
00003d29  SYSCFG_DL_PWM_B_init                 
00003d8d  __aeabi_dcmpeq                       
00003da1  __aeabi_dcmplt                       
00003db5  __aeabi_dcmple                       
00003dc9  __aeabi_dcmpge                       
00003ddd  __aeabi_dcmpgt                       
00003df1  __aeabi_fcmpeq                       
00003e05  __aeabi_fcmplt                       
00003e19  __aeabi_fcmple                       
00003e2d  __aeabi_fcmpge                       
00003e41  __aeabi_fcmpgt                       
00003e55  BlueSerial_Init                      
00003eb5  Key_Tick                             
00003f15  OLED_Clear                           
00003f75  SYSCFG_DL_OLED_init                  
00003fd5  DL_I2C_fillControllerTXFIFO          
00004035  frexp                                
00004035  frexpl                               
00004091  SYSCFG_DL_GY_87_init                 
000040e9  __TI_ltoa                            
00004199  __aeabi_idiv                         
00004199  __aeabi_idivmod                      
000041f1  SYSCFG_DL_UART_1_init                
00004421  __aeabi_d2iz                         
00004421  __fixdfsi                            
0000446d  DL_UART_init                         
000044b5  OLED_DisplayTurn                     
000044fd  OLED_DrawPoint                       
00004545  SYSCFG_DL_UART_0_init                
00004619  DL_SYSCTL_switchMCLKfromSYSOSCtoHSCLK
0000471d  SYSCFG_DL_TIMER_0_init               
0000475d  SYSCFG_DL_TIMER_ENCODER_init         
0000479d  __aeabi_uidiv                        
0000479d  __aeabi_uidivmod                     
000047dd  __aeabi_f2d                          
000047dd  __extendsfdf2                        
0000481d  atoi                                 
0000485d  vsnprintf                            
0000489d  OLED_Printf                          
00004919  SYSCFG_DL_init                       
00004955  Serial_SendArray                     
00004991  __aeabi_i2f                          
00004991  __floatsisf                          
000049cd  __gesf2                              
000049cd  __gtsf2                              
00004a09  __TI_auto_init_nobinit_nopinit       
00004a45  __cmpsf2                             
00004a45  __eqsf2                              
00004a45  __lesf2                              
00004a45  __ltsf2                              
00004a45  __nesf2                              
00004a81  __muldsi3                            
00004abb  BlueSerial_SendString                
00004b2d  Encoder_GetSpeed                     
00004b65  Serial_SendString                    
00004b9d  SpeedRamp_Start                      
00004bd5  __aeabi_f2iz                         
00004bd5  __fixsfsi                            
00004c0d  OLED_ColorTurn                       
00004c41  BlueSerial_Printf                    
00004c73  Serial_Printf                        
00004d65  BlueSerial_SendByte                  
00004d91  Send_Speed                           
00004dbd  Serial_SendByte                      
00004ef1  __aeabi_i2d                          
00004ef1  __floatsidf                          
00004f1d  vsprintf                             
00005039  Send_FeedbackRequest                 
00005061  Send_Mode                            
00005089  __aeabi_ui2f                         
00005089  __floatunsisf                        
000050b1  _c_int00_noargs                      
000050ff  DL_I2C_setClockConfig                
00005149  Motor_SetTargetSpeed                 
0000516d  Send_Position                        
00005191  Serial_Init                          
000051b5  __aeabi_ui2d                         
000051b5  __floatunsidf                        
000051d9  __aeabi_lmul                         
000051d9  __muldi3                             
000051fd  memccpy                              
00005261  Send_Enable                          
000052a1  __aeabi_llsl                         
000052a1  __ashldi3                            
00005369  DL_SYSCTL_configFCC                  
000053f5  DL_Timer_setCaptCompUpdateMethod     
00005411  DL_Timer_setClockConfig              
00005465  delay_ms                             
00005631  DL_Timer_setCaptureCompareOutCtl     
00005721  Key_GetNum                           
000057ed  Timer_Init                           
00005909  __aeabi_uldivmod                     
00005979  DL_UART_setClockConfig               
0000598b  TI_memcpy_small                      
0000599d  __TI_decompress_none                 
000059b1  BlueSerial_GetRxCount                
000059c1  BlueSerial_GetRxData                 
00005a01  DL_Timer_setCaptureCompareValue      
00005a11  MPU_Tick                             
00005a31  wcslen                               
00005a41  __TI_zero_init                       
00005a51  __aeabi_memset                       
00005a51  __aeabi_memset4                      
00005a51  __aeabi_memset8                      
00005a6d  TI_memset_small                      
00005a95  SpeedRamp_IsActive                   
00005aa1  __aeabi_memclr                       
00005aa1  __aeabi_memclr4                      
00005aa1  __aeabi_memclr8                      
00005aad  DL_Common_delayCycles                
00005ae5  __aeabi_errno_addr                   
00005aed  __aeabi_memcpy                       
00005aed  __aeabi_memcpy4                      
00005aed  __aeabi_memcpy8                      
00005af5  abort                                
00005afb  ADC0_IRQHandler                      
00005afb  ADC1_IRQHandler                      
00005afb  AES_IRQHandler                       
00005afb  CANFD0_IRQHandler                    
00005afb  DAC0_IRQHandler                      
00005afb  DMA_IRQHandler                       
00005afb  Default_Handler                      
00005afb  GROUP0_IRQHandler                    
00005afb  HardFault_Handler                    
00005afb  I2C0_IRQHandler                      
00005afb  I2C1_IRQHandler                      
00005afb  NMI_Handler                          
00005afb  PendSV_Handler                       
00005afb  RTC_IRQHandler                       
00005afb  SPI0_IRQHandler                      
00005afb  SPI1_IRQHandler                      
00005afb  SVC_Handler                          
00005afb  SysTick_Handler                      
00005afb  TIMA0_IRQHandler                     
00005afb  TIMA1_IRQHandler                     
00005afb  TIMG6_IRQHandler                     
00005afb  TIMG7_IRQHandler                     
00005afb  TIMG8_IRQHandler                     
00005afb  UART2_IRQHandler                     
00005afb  UART3_IRQHandler                     
00005afe  C$$EXIT                              
00005aff  HOSTexit                             
00005b03  Reset_Handler                        
00005b19  _system_pre_init                     
00005b20  asc2_2412                            
0000687c  asc2_1608                            
00006e6c  asc2_1206                            
000072e0  OLED_F6x8                            
00007520  __aeabi_ctype_table_                 
00007520  __aeabi_ctype_table_C                
0000776c  __TI_Handler_Table_Base              
00007778  __TI_Handler_Table_Limit             
00007780  __TI_CINIT_Base                      
00007790  __TI_CINIT_Limit                     
00007790  __TI_CINIT_Warm                      
20200000  OLED_GRAM                            
20200000  __start___llvm_prf_bits              
20200000  __start___llvm_prf_cnts              
20200000  __stop___llvm_prf_bits               
20200000  __stop___llvm_prf_cnts               
20200480  gPWM_ABackup                         
2020053c  BlueSerial_RxPacket                  
20200804  motor_l_ctrl                         
20200818  motor_r_ctrl                         
20200840  Motor_Kd                             
20200844  Motor_Ki                             
20200848  Motor_Kp                             
2020084c  System_Tick_Count                    
20200850  Track_Kd                             
20200854  Track_Kp                             
20200858  Turn_Start_Tick                      
2020085c  __aeabi_errno                        
20200860  dbg_bcc_err                          
20200864  dbg_frame_full                       
20200868  dbg_frame_header                     
2020086c  dbg_frame_ok                         
20200870  dbg_rx_total                         
20200874  dbg_tail_err                         
20200878  g_enc_gpioa_irq_cnt                  
2020087c  g_enc_gpiob_irq_cnt                  
2020088c  motor1_current_position              
20200890  motor1_current_speed                 
20200894  motor1_target                        
20200898  motor2_current_position              
2020089c  motor2_current_speed                 
202008a0  motor2_target                        
202008a4  mpu_corrected_yaw                    
202008ac  uart1_isr_count                      
202008b0  BaseSpeed                            
202008b2  Count0                               
202008b4  Count1                               
202008b6  DecelSpeed                           
202008b8  PWML                                 
202008ba  PWMR                                 
202008bc  SoftStartTime                        
202008c2  TurnDecelTime                        
202008c4  TurnPower                            
202008de  BlueSerial_RxFlag                    
202008e0  Gray_1                               
202008e1  Gray_2                               
202008e2  Gray_3                               
202008e3  Gray_4                               
202008e4  Gray_5                               
202008e5  Gray_6                               
202008e6  Gray_7                               
202008e7  Gray_8                               
202008e8  Joystick_Active                      
202008ef  RunFlag                              
202008f1  Turn_Direction                       
202008f2  Turn_State                           
20207e00  __stack                              
20208000  __STACK_END                          
ffffffff  __TI_pprof_out_hndl                  
ffffffff  __TI_prof_data_size                  
ffffffff  __TI_prof_data_start                 
ffffffff  __binit__                            
ffffffff  binit                                
UNDEFED   __mpu_init                           
UNDEFED   _system_post_cinit                   

[293 symbols]
