******************************************************************************
            TI ARM Clang Linker PC v4.0.4                      
******************************************************************************
>> Linked Mon Jul  6 15:19:02 2026

OUTPUT FILE NAME:   <empty.out>
ENTRY POINT SYMBOL: "_c_int00_noargs"  address: 00006ff1


MEMORY CONFIGURATION

         name            origin    length      used     unused   attr    fill
----------------------  --------  ---------  --------  --------  ----  --------
  FLASH                 00000000   00020000  0000a0a0  00015f60  R  X
  SRAM                  20200000   00008000  0000147d  00006b83  RW X
  BCR_CONFIG            41c00000   000000ff  00000000  000000ff  R   
  BSL_CONFIG            41c00100   00000080  00000000  00000080  R   


SEGMENT ALLOCATION MAP

run origin  load origin   length   init length attrs members
----------  ----------- ---------- ----------- ----- -------
00000000    00000000    0000a0a0   0000a0a0    r-x
  00000000    00000000    000000c0   000000c0    r-- .intvecs
  000000c0    000000c0    00007860   00007860    r-x .text
  00007920    00007920    000026e0   000026e0    r-- .rodata
  0000a000    0000a000    000000a0   000000a0    r-- .cinit
20200000    20200000    0000127d   00000000    rw-
  20200000    20200000    00000800   00000000    rw- .sysmem
  20200800    20200800    0000064c   00000000    rw- .bss
  20200e4c    20200e4c    00000431   00000000    rw- .data
20207e00    20207e00    00000200   00000000    rw-
  20207e00    20207e00    00000200   00000000    rw- .stack


SECTION ALLOCATION MAP

 output                                  attributes/
section   page    origin      length       input sections
--------  ----  ----------  ----------   ----------------
.intvecs   0    00000000    000000c0     
                  00000000    000000c0     startup_mspm0g350x_ticlang.o (.intvecs)

.text      0    000000c0    00007860     
                  000000c0    000009d0     libc.a : _printfi.c.obj (.text:__TI_printfi)
                  00000a90    00000364            : e_asin.c.obj (.text.asin)
                  00000df4    000002f8            : s_atan.c.obj (.text.atan)
                  000010ec    000002b0     MPU6050_Test.o (.text.main)
                  0000139c    00000278     inv_mpu_dmp_motion_driver.o (.text.dmp_enable_feature)
                  00001614    00000238     inv_mpu_dmp_motion_driver.o (.text.dmp_set_tap_thresh)
                  0000184c    0000022c     inv_mpu.o (.text.mpu_reset_fifo)
                  00001a78    00000220     libc.a : _printfi.c.obj (.text._pconv_a)
                  00001c98    00000214     inv_mpu.o (.text.mpu_init)
                  00001eac    000001f8     mpu_port.o (.text.DMP_Read_Data)
                  000020a4    000001f4     inv_mpu_dmp_motion_driver.o (.text.dmp_read_fifo)
                  00002298    000001dc     libc.a : _printfi.c.obj (.text._pconv_g)
                  00002474    000001a0     inv_mpu.o (.text.mpu_set_bypass)
                  00002614    00000192     libclang_rt.builtins.a : adddf3.S.obj (.text.adddf3_subdf3)
                  000027a6    00000002                            : aeabi_div0.c.obj (.text.__aeabi_idiv0)
                  000027a8    00000190     mpu_port.o (.text.MPU_Read_Len)
                  00002938    00000188     libc.a : e_atan2.c.obj (.text.atan2)
                  00002ac0    00000178     inv_mpu_dmp_motion_driver.o (.text.dmp_set_orientation)
                  00002c38    00000170     ti_msp_dl_config.o (.text.SYSCFG_DL_GPIO_init)
                  00002da8    00000170     libc.a : e_sqrt.c.obj (.text.sqrt)
                  00002f18    00000158     oled.o (.text.OLED_ShowChar)
                  00003070    0000013c     libc.a : _printfi.c.obj (.text.fcvt)
                  000031ac    00000130     inv_mpu.o (.text.mpu_set_sensors)
                  000032dc    00000124     inv_mpu.o (.text.mpu_load_firmware)
                  00003400    00000120     libc.a : _printfi.c.obj (.text._pconv_e)
                  00003520    0000011c     mpu_port.o (.text.MPU_Write_Len)
                  0000363c    00000114     libc.a : memory.c.obj (.text.aligned_alloc)
                  00003750    00000110     inv_mpu.o (.text.mpu_lp_accel_mode)
                  00003860    0000010c     libclang_rt.builtins.a : divdf3.S.obj (.text.__divdf3)
                  0000396c    00000108     inv_mpu.o (.text.mpu_read_fifo_stream)
                  00003a74    000000fc     driverlib.a : dl_timer.o (.text.DL_Timer_initTimerMode)
                  00003b70    000000f8     oled.o (.text.OLED_Init)
                  00003c68    000000f8     libc.a : fputs.c.obj (.text.fputs)
                  00003d60    000000ec     inv_mpu.o (.text.mpu_set_sample_rate)
                  00003e4c    000000e8     ti_msp_dl_config.o (.text.SYSCFG_DL_SYSCTL_SYSPLL_init)
                  00003f34    000000e8     libc.a : memory.c.obj (.text.free)
                  0000401c    000000e4     libclang_rt.builtins.a : muldf3.S.obj (.text.__muldf3)
                  00004100    000000e4     inv_mpu.o (.text.mpu_set_accel_fsr)
                  000041e4    000000e0     libc.a : setvbuf.c.obj (.text.setvbuf)
                  000042c4    000000dc     driverlib.a : dl_sysctl_mspm0g1x0x_g3x0x.o (.text.DL_SYSCTL_configSYSPLL)
                  000043a0    000000d8     libc.a : s_scalbn.c.obj (.text.scalbn)
                  00004478    000000d8     libclang_rt.builtins.a : addsf3.S.obj (.text)
                  00004550    000000d4     inv_mpu.o (.text.set_int_enable)
                  00004624    000000d0     inv_mpu.o (.text.mpu_set_lpf)
                  000046f4    000000c4     inv_mpu.o (.text.mpu_set_gyro_fsr)
                  000047b8    000000bc     inv_mpu.o (.text.mpu_configure_fifo)
                  00004874    000000b8     inv_mpu.o (.text.mpu_set_dmp_state)
                  0000492c    000000ac     inv_mpu.o (.text.mpu_read_mem)
                  000049d8    000000ac     inv_mpu.o (.text.mpu_write_mem)
                  00004a84    000000a2     libclang_rt.builtins.a : udivmoddi4.S.obj (.text)
                  00004b26    00000002                            : aeabi_div0.c.obj (.text.__aeabi_ldiv0)
                  00004b28    0000009c     libc.a : fputc.c.obj (.text.fputc)
                  00004bc4    0000009c     inv_mpu.o (.text.mpu_set_int_latched)
                  00004c60    00000098     oled.o (.text.OLED_ShowString)
                  00004cf8    00000098     inv_mpu_dmp_motion_driver.o (.text.dmp_set_fifo_rate)
                  00004d90    00000096     mpu_port.o (.text.inv_row_2_scale)
                  00004e26    00000002     libc.a : _lock.c.obj (.text._nop)
                  00004e28    0000008c     ti_msp_dl_config.o (.text.SYSCFG_DL_initPower)
                  00004eb4    0000008c     libclang_rt.builtins.a : mulsf3.S.obj (.text.__mulsf3)
                  00004f40    0000008c     inv_mpu_dmp_motion_driver.o (.text.decode_gesture)
                  00004fcc    00000004     startup_mspm0g350x_ticlang.o (.text.Default_Handler)
                  00004fd0    00000088     libc.a : strcmp-armv6m.S.obj (.text:strcmp)
                  00005058    00000084     ti_msp_dl_config.o (.text.__NVIC_SetPriority)
                  000050dc    00000082     libclang_rt.builtins.a : divsf3.S.obj (.text.__divsf3)
                  0000515e    00000002     --HOLE-- [fill = 0]
                  00005160    0000007c     mpu_port.o (.text.DMP_Init)
                  000051dc    0000007c     oled.o (.text.OLED_Refresh)
                  00005258    0000007c     libc.a : fclose.c.obj (.text.__TI_closefile)
                  000052d4    0000007c            : copy_decompress_lzss.c.obj (.text:decompress:lzss)
                  00005350    00000078     Key.o (.text.Key_GetState)
                  000053c8    00000074     ti_msp_dl_config.o (.text.SYSCFG_DL_SYSCTL_init)
                  0000543c    00000074     libclang_rt.builtins.a : comparedf2.c.obj (.text.__gedf2)
                  000054b0    00000074                            : truncdfsf2.S.obj (.text.__truncdfsf2)
                  00005524    00000074     inv_mpu.o (.text.mpu_get_accel_fsr)
                  00005598    0000006c     libsysbm.a : hostlseek.c.obj (.text.HOSTlseek)
                  00005604    0000006c                : hostrename.c.obj (.text.HOSTrename)
                  00005670    0000006c     libc.a : fseek.c.obj (.text.fseeko)
                  000056dc    0000006c            : getdevice.c.obj (.text.getdevice)
                  00005748    0000006a     Serial.o (.text.RingBuffer_Write)
                  000057b2    00000002     --HOLE-- [fill = 0]
                  000057b4    00000068     libclang_rt.builtins.a : comparedf2.c.obj (.text.__ledf2)
                  0000581c    00000066     libc.a : _printfi.c.obj (.text._mcpy)
                  00005882    00000066     inv_mpu_dmp_motion_driver.o (.text.dmp_set_tap_axes)
                  000058e8    00000064     driverlib.a : dl_sysctl_mspm0g1x0x_g3x0x.o (.text.DL_SYSCTL_setHFCLKSourceHFXTParams)
                  0000594c    00000064     oled.o (.text.OLED_ClearPoint)
                  000059b0    00000064     libc.a : _io_perm.c.obj (.text.__TI_wrt_ok)
                  00005a14    00000064            : memory.c.obj (.text.split)
                  00005a78    00000062     libclang_rt.builtins.a : aeabi_dcmp.S.obj (.text.__aeabi_dcmp)
                  00005ada    00000002     --HOLE-- [fill = 0]
                  00005adc    00000062                            : aeabi_fcmp.S.obj (.text.__aeabi_fcmp)
                  00005b3e    00000002     --HOLE-- [fill = 0]
                  00005b40    00000060     libsysbm.a : hostopen.c.obj (.text.HOSTopen)
                  00005ba0    00000060     Key.o (.text.Key_Tick)
                  00005c00    00000060     oled.o (.text.OLED_Clear)
                  00005c60    00000060     ti_msp_dl_config.o (.text.SYSCFG_DL_OLED_init)
                  00005cc0    00000060     inv_mpu_dmp_motion_driver.o (.text.dmp_enable_gyro_cal)
                  00005d20    0000005e     driverlib.a : dl_i2c.o (.text.DL_I2C_fillControllerTXFIFO)
                  00005d7e    00000002     --HOLE-- [fill = 0]
                  00005d80    0000005c     libc.a : s_frexp.c.obj (.text.frexp)
                  00005ddc    0000005c            : printf.c.obj (.text.printf)
                  00005e38    00000058     libsysbm.a : hostread.c.obj (.text.HOSTread)
                  00005e90    00000058                : hostwrite.c.obj (.text.HOSTwrite)
                  00005ee8    00000058     ti_msp_dl_config.o (.text.SYSCFG_DL_GY_87_init)
                  00005f40    00000058     libc.a : _ltoa.c.obj (.text.__TI_ltoa)
                  00005f98    00000058            : _printfi.c.obj (.text._pconv_f)
                  00005ff0    00000056     libclang_rt.builtins.a : aeabi_idivmod.S.obj (.text.__aeabi_idivmod)
                  00006046    00000052     libc.a : fflush.c.obj (.text.__TI_doflush)
                  00006098    00000052            : _printfi.c.obj (.text._ecpy)
                  000060ea    00000002     --HOLE-- [fill = 0]
                  000060ec    00000050     ti_msp_dl_config.o (.text.DL_GPIO_initPeripheralInputFunctionFeatures)
                  0000613c    00000050     mpu_port.o (.text.DL_I2C_startControllerTransfer)
                  0000618c    00000050     oled.o (.text.DL_I2C_startControllerTransfer)
                  000061dc    00000050     oled.o (.text.OLED_WR_Byte)
                  0000622c    00000050     libsysbm.a : close.c.obj (.text.close)
                  0000627c    0000004c     ti_msp_dl_config.o (.text.DL_GPIO_initDigitalInputFeatures)
                  000062c8    0000004c     ti_msp_dl_config.o (.text.DL_UART_setBaudRateDivisor)
                  00006314    0000004c     Timer.o (.text.TIMG0_IRQHandler)
                  00006360    0000004a     libclang_rt.builtins.a : fixdfsi.S.obj (.text.__fixdfsi)
                  000063aa    00000002     --HOLE-- [fill = 0]
                  000063ac    00000048     driverlib.a : dl_uart.o (.text.DL_UART_init)
                  000063f4    00000048     libsysbm.a : hostclose.c.obj (.text.HOSTclose)
                  0000643c    00000048                : hostunlink.c.obj (.text.HOSTunlink)
                  00006484    00000048     oled.o (.text.OLED_DisplayTurn)
                  000064cc    00000048     oled.o (.text.OLED_DrawPoint)
                  00006514    00000048     ti_msp_dl_config.o (.text.SYSCFG_DL_UART_0_init)
                  0000655c    00000048     ti_msp_dl_config.o (.text.SYSCFG_DL_UART_1_init)
                  000065a4    00000048     inv_mpu_dmp_motion_driver.o (.text.dmp_enable_6x_lp_quat)
                  000065ec    00000048     inv_mpu_dmp_motion_driver.o (.text.dmp_enable_lp_quat)
                  00006634    00000044     driverlib.a : dl_sysctl_mspm0g1x0x_g3x0x.o (.text.DL_SYSCTL_switchMCLKfromSYSOSCtoHSCLK)
                  00006678    00000044     inv_mpu_dmp_motion_driver.o (.text.dmp_set_shake_reject_thresh)
                  000066bc    00000044     inv_mpu_dmp_motion_driver.o (.text.dmp_set_tap_count)
                  00006700    00000040     BlueSerial.o (.text.RingBuffer_Write)
                  00006740    00000040     ti_msp_dl_config.o (.text.SYSCFG_DL_TIMER_0_init)
                  00006780    00000040     libclang_rt.builtins.a : aeabi_uidivmod.S.obj (.text.__aeabi_uidivmod)
                  000067c0    00000040                            : extendsfdf2.S.obj (.text.__extendsfdf2)
                  00006800    00000040     libc.a : atoi.c.obj (.text.atoi)
                  00006840    00000040            : vsnprintf.c.obj (.text.vsnprintf)
                  00006880    0000003e     oled.o (.text.OLED_Printf)
                  000068be    0000003e     mpu_port.o (.text.inv_orientation_matrix_to_scalar)
                  000068fc    0000003c     libclang_rt.builtins.a : floatsisf.S.obj (.text.__floatsisf)
                  00006938    0000003c                            : comparesf2.S.obj (.text.__gtsf2)
                  00006974    0000003c     libc.a : autoinit.c.obj (.text:__TI_auto_init_nobinit_nopinit)
                  000069b0    0000003a     libclang_rt.builtins.a : comparesf2.S.obj (.text.__eqsf2)
                  000069ea    00000002     --HOLE-- [fill = 0]
                  000069ec    0000003a                            : muldsi3.S.obj (.text.__muldsi3)
                  00006a26    00000038     BlueSerial.o (.text.BlueSerial_SendString)
                  00006a5e    00000002     --HOLE-- [fill = 0]
                  00006a60    00000038     libclang_rt.builtins.a : fixsfsi.S.obj (.text.__fixsfsi)
                  00006a98    00000034     oled.o (.text.OLED_ColorTurn)
                  00006acc    00000034     libc.a : fopen.c.obj (.text.__TI_cleanup)
                  00006b00    00000034     libsysbm.a : trgmsg.c.obj (.text.__TI_readmsg)
                  00006b34    00000034                : trgmsg.c.obj (.text.__TI_writemsg)
                  00006b68    00000034     libc.a : exit.c.obj (.text.exit)
                  00006b9c    00000034            : getdevice.c.obj (.text.finddevice)
                  00006bd0    00000032     BlueSerial.o (.text.BlueSerial_Printf)
                  00006c02    00000032     inv_mpu_dmp_motion_driver.o (.text.dmp_set_shake_reject_time)
                  00006c34    00000032     inv_mpu_dmp_motion_driver.o (.text.dmp_set_shake_reject_timeout)
                  00006c66    00000030     libc.a : _printfi.c.obj (.text._fcpy)
                  00006c96    00000030            : vsnprintf.c.obj (.text._outs)
                  00006cc6    00000030     inv_mpu_dmp_motion_driver.o (.text.dmp_set_tap_time)
                  00006cf6    00000030     inv_mpu_dmp_motion_driver.o (.text.dmp_set_tap_time_multi)
                  00006d26    00000002     --HOLE-- [fill = 0]
                  00006d28    0000002c     BlueSerial.o (.text.BlueSerial_SendByte)
                  00006d54    0000002c     BlueSerial.o (.text.__NVIC_ClearPendingIRQ)
                  00006d80    0000002c     Timer.o (.text.__NVIC_ClearPendingIRQ)
                  00006dac    0000002c     BlueSerial.o (.text.__NVIC_EnableIRQ)
                  00006dd8    0000002c     Timer.o (.text.__NVIC_EnableIRQ)
                  00006e04    0000002c     libclang_rt.builtins.a : floatsidf.S.obj (.text.__floatsidf)
                  00006e30    0000002c     libsysbm.a : unlink.c.obj (.text.unlink)
                  00006e5c    0000002c     libc.a : vsprintf.c.obj (.text.vsprintf)
                  00006e88    00000028     mpu_port.o (.text.DL_Common_updateReg)
                  00006eb0    00000028     oled.o (.text.DL_Common_updateReg)
                  00006ed8    00000028     ti_msp_dl_config.o (.text.DL_Common_updateReg)
                  00006f00    00000028     ti_msp_dl_config.o (.text.DL_I2C_setControllerRXFIFOThreshold)
                  00006f28    00000028     ti_msp_dl_config.o (.text.DL_I2C_setControllerTXFIFOThreshold)
                  00006f50    00000028     libclang_rt.builtins.a : floatunsisf.S.obj (.text.__floatunsisf)
                  00006f78    00000028     libc.a : memory.c.obj (.text.free_list_insert)
                  00006fa0    00000028     libsysbm.a : lseek.c.obj (.text.lseek)
                  00006fc8    00000028                : write.c.obj (.text.write)
                  00006ff0    00000028     libc.a : boot_cortex_m.c.obj (.text:_c_int00_noargs)
                  00007018    00000026     ti_msp_dl_config.o (.text.DL_I2C_setAnalogGlitchFilterPulseWidth)
                  0000703e    00000026     driverlib.a : dl_i2c.o (.text.DL_I2C_setClockConfig)
                  00007064    00000024     ti_msp_dl_config.o (.text.DL_I2C_setDigitalGlitchFilterPulseWidth)
                  00007088    00000024     ti_msp_dl_config.o (.text.SYSCFG_DL_init)
                  000070ac    00000024     BlueSerial.o (.text.UART0_IRQHandler)
                  000070d0    00000024     Serial.o (.text.UART1_IRQHandler)
                  000070f4    00000024     libclang_rt.builtins.a : floatunsidf.S.obj (.text.__floatunsidf)
                  00007118    00000024                            : muldi3.S.obj (.text.__muldi3)
                  0000713c    00000022     libc.a : memccpy.c.obj (.text.memccpy)
                  0000715e    00000002     --HOLE-- [fill = 0]
                  00007160    00000020     ti_msp_dl_config.o (.text.DL_GPIO_initPeripheralInputFunction)
                  00007180    00000020     ti_msp_dl_config.o (.text.DL_SYSCTL_setFlashWaitState)
                  000071a0    00000020     libc.a : memcmp.c.obj (.text.memcmp)
                  000071c0    00000020     mpu_port.o (.text.mget_ms)
                  000071e0    0000001e     ti_msp_dl_config.o (.text.DL_UART_setOversampling)
                  000071fe    00000002     --HOLE-- [fill = 0]
                  00007200    0000001e     libclang_rt.builtins.a : ashldi3.S.obj (.text.__ashldi3)
                  0000721e    00000002     --HOLE-- [fill = 0]
                  00007220    0000001c     ti_msp_dl_config.o (.text.DL_GPIO_enableHiZ)
                  0000723c    0000001c     ti_msp_dl_config.o (.text.DL_GPIO_initPeripheralOutputFunction)
                  00007258    0000001c     mpu_port.o (.text.DL_I2C_isControllerRXFIFOEmpty)
                  00007274    0000001c     mpu_port.o (.text.DL_I2C_isControllerTXFIFOFull)
                  00007290    0000001c     driverlib.a : dl_sysctl_mspm0g1x0x_g3x0x.o (.text.DL_SYSCTL_configFCC)
                  000072ac    0000001c     ti_msp_dl_config.o (.text.DL_SYSCTL_setFCCPeriods)
                  000072c8    0000001c     ti_msp_dl_config.o (.text.DL_SYSCTL_setSYSOSCFreq)
                  000072e4    0000001c     ti_msp_dl_config.o (.text.DL_SYSCTL_setULPCLKDivider)
                  00007300    0000001c     ti_msp_dl_config.o (.text.DL_Timer_enableInterrupt)
                  0000731c    0000001c     driverlib.a : dl_timer.o (.text.DL_Timer_setClockConfig)
                  00007338    0000001c     ti_msp_dl_config.o (.text.DL_UART_enableInterrupt)
                  00007354    0000001c     delay.o (.text.delay_ms)
                  00007370    0000001c     inv_mpu_dmp_motion_driver.o (.text.dmp_load_motion_driver_firmware)
                  0000738c    0000001c     libc.a : memory.c.obj (.text.free_list_remove)
                  000073a8    00000018     ti_msp_dl_config.o (.text.DL_GPIO_enableOutput)
                  000073c0    00000018     ti_msp_dl_config.o (.text.DL_GPIO_enablePower)
                  000073d8    00000018     ti_msp_dl_config.o (.text.DL_GPIO_initDigitalOutput)
                  000073f0    00000018     ti_msp_dl_config.o (.text.DL_GPIO_initPeripheralAnalogFunction)
                  00007408    00000018     ti_msp_dl_config.o (.text.DL_GPIO_reset)
                  00007420    00000018     ti_msp_dl_config.o (.text.DL_I2C_enableAnalogGlitchFilter)
                  00007438    00000018     ti_msp_dl_config.o (.text.DL_I2C_enableController)
                  00007450    00000018     ti_msp_dl_config.o (.text.DL_I2C_enableControllerClockStretching)
                  00007468    00000018     ti_msp_dl_config.o (.text.DL_I2C_enablePower)
                  00007480    00000018     ti_msp_dl_config.o (.text.DL_I2C_reset)
                  00007498    00000018     ti_msp_dl_config.o (.text.DL_I2C_setTimerPeriod)
                  000074b0    00000018     ti_msp_dl_config.o (.text.DL_SYSCTL_setBORThreshold)
                  000074c8    00000018     ti_msp_dl_config.o (.text.DL_Timer_enablePower)
                  000074e0    00000018     ti_msp_dl_config.o (.text.DL_Timer_reset)
                  000074f8    00000018     ti_msp_dl_config.o (.text.DL_UART_enablePower)
                  00007510    00000018     BlueSerial.o (.text.DL_UART_isTXFIFOFull)
                  00007528    00000018     ti_msp_dl_config.o (.text.DL_UART_reset)
                  00007540    00000018     libc.a : vsnprintf.c.obj (.text._outc)
                  00007558    00000018            : vsprintf.c.obj (.text._outs)
                  00007570    00000016     BlueSerial.o (.text.BlueSerial_Init)
                  00007586    00000016     Key.o (.text.DL_GPIO_readPins)
                  0000759c    00000016     mpu_port.o (.text.DL_I2C_transmitControllerData)
                  000075b2    00000016     ti_msp_dl_config.o (.text.DL_UART_enable)
                  000075c8    00000016     BlueSerial.o (.text.DL_UART_transmitData)
                  000075de    00000016     Timer.o (.text.Timer_Init)
                  000075f4    00000014     ti_msp_dl_config.o (.text.DL_GPIO_clearPins)
                  00007608    00000014     mpu_port.o (.text.DL_I2C_getControllerStatus)
                  0000761c    00000014     oled.o (.text.DL_I2C_getControllerStatus)
                  00007630    00000014     mpu_port.o (.text.DL_I2C_receiveControllerData)
                  00007644    00000014     ti_msp_dl_config.o (.text.DL_I2C_resetControllerTransfer)
                  00007658    00000014     ti_msp_dl_config.o (.text.DL_SYSCTL_disableSYSPLL)
                  0000766c    00000014     ti_msp_dl_config.o (.text.DL_SYSCTL_enableSYSPLL)
                  00007680    00000014     ti_msp_dl_config.o (.text.DL_Timer_enableClock)
                  00007694    00000014     BlueSerial.o (.text.DL_UART_receiveData)
                  000076a8    00000014     Serial.o (.text.DL_UART_receiveData)
                  000076bc    00000014     libclang_rt.builtins.a : aeabi_uldivmod.S.obj (.text.__aeabi_uldivmod)
                  000076d0    00000014     libc.a : _printfi.c.obj (.text.strchr)
                  000076e4    00000012     Timer.o (.text.DL_Timer_getPendingInterrupt)
                  000076f6    00000012     driverlib.a : dl_uart.o (.text.DL_UART_setClockConfig)
                  00007708    00000012     libc.a : memcpy16.S.obj (.text:TI_memcpy_small)
                  0000771a    00000012            : copy_decompress_none.c.obj (.text:decompress:none)
                  0000772c    00000010     ti_msp_dl_config.o (.text.DL_SYSCTL_disableHFXT)
                  0000773c    00000010     ti_msp_dl_config.o (.text.DL_SYSCTL_isFCCDone)
                  0000774c    00000010     ti_msp_dl_config.o (.text.DL_SYSCTL_startFCC)
                  0000775c    00000010     mpu_port.o (.text.MPU_Tick)
                  0000776c    00000010     libc.a : wcslen.c.obj (.text.wcslen)
                  0000777c    00000010            : copy_zero_init.c.obj (.text:decompress:ZI)
                  0000778c    0000000e            : memory.c.obj (.text.OUTLINED_FUNCTION_0)
                  0000779a    00000002     --HOLE-- [fill = 0]
                  0000779c    0000000e     libclang_rt.builtins.a : aeabi_memset.S.obj (.text.__aeabi_memset)
                  000077aa    0000000e     libsysbm.a : hostrename.c.obj (.text.strcpy)
                  000077b8    0000000e     libc.a : _printfi.c.obj (.text.strlen)
                  000077c6    0000000e     libsysbm.a : hostrename.c.obj (.text.strlen)
                  000077d4    0000000e     libc.a : memset16.S.obj (.text:TI_memset_small)
                  000077e2    00000002     --HOLE-- [fill = 0]
                  000077e4    0000000c     ti_msp_dl_config.o (.text.DL_SYSCTL_getClockStatus)
                  000077f0    0000000c     ti_msp_dl_config.o (.text.DL_SYSCTL_readFCC)
                  000077fc    0000000c     libclang_rt.builtins.a : aeabi_memset.S.obj (.text.__aeabi_memclr)
                  00007808    0000000c     libc.a : memory.c.obj (.text.malloc)
                  00007814    0000000a     driverlib.a : dl_common.o (.text.DL_Common_delayCycles)
                  0000781e    0000000a     libc.a : _printfi.c.obj (.text.OUTLINED_FUNCTION_0)
                  00007828    00000010     libclang_rt.builtins.a : adddf3.S.obj (.tramp.__aeabi_dsub.1)
                  00007838    0000000a     libc.a : e_asin.c.obj (.text.OUTLINED_FUNCTION_0)
                  00007842    00000002     --HOLE-- [fill = 0]
                  00007844    00000010     libclang_rt.builtins.a : muldf3.S.obj (.tramp.__aeabi_dmul.1)
                  00007854    0000000a     libc.a : s_atan.c.obj (.text.OUTLINED_FUNCTION_0)
                  0000785e    0000000a            : _printfi.c.obj (.text.OUTLINED_FUNCTION_1)
                  00007868    0000000a            : e_asin.c.obj (.text.OUTLINED_FUNCTION_1)
                  00007872    0000000a            : e_asin.c.obj (.text.OUTLINED_FUNCTION_3)
                  0000787c    00000010     libclang_rt.builtins.a : divdf3.S.obj (.tramp.__aeabi_ddiv.1)
                  0000788c    0000000a     libc.a : vsprintf.c.obj (.text._outc)
                  00007896    00000008            : s_atan.c.obj (.text.OUTLINED_FUNCTION_2)
                  0000789e    00000002     --HOLE-- [fill = 0]
                  000078a0    00000008            : aeabi_portable.c.obj (.text.__aeabi_errno_addr)
                  000078a8    00000008     libclang_rt.builtins.a : aeabi_memcpy.S.obj (.text.__aeabi_memcpy)
                  000078b0    00000008     libc.a : printf.c.obj (.text._outc)
                  000078b8    00000008            : printf.c.obj (.text._outs)
                  000078c0    00000008            : fseek.c.obj (.text.fseek)
                  000078c8    00000008     libsysbm.a : remove.c.obj (.text.remove)
                  000078d0    00000006     libc.a : s_atan.c.obj (.text.OUTLINED_FUNCTION_1)
                  000078d6    00000002     --HOLE-- [fill = 0]
                  000078d8    00000010     libclang_rt.builtins.a : adddf3.S.obj (.tramp.__aeabi_dadd.1)
                  000078e8    00000006     libc.a : e_asin.c.obj (.text.OUTLINED_FUNCTION_2)
                  000078ee    00000006            : exit.c.obj (.text:abort)
                  000078f4    00000004     libsysbm.a : hostexit.c.obj (.text.HOSTexit)
                  000078f8    00000004     libc.a : e_asin.c.obj (.text.OUTLINED_FUNCTION_4)
                  000078fc    00000004     startup_mspm0g350x_ticlang.o (.text.Reset_Handler)
                  00007900    00000010     libc.a : boot_cortex_m.c.obj (.tramp._c_int00_noargs.1)
                  00007910    00000004            : pre_init.c.obj (.text._system_pre_init)
                  00007914    0000000c     --HOLE-- [fill = 0]

.cinit     0    0000a000    000000a0     
                  0000a000    0000007a     (.cinit..data.load) [load image, compression = lzss]
                  0000a07a    00000002     --HOLE-- [fill = 0]
                  0000a07c    0000000c     (__TI_handler_table)
                  0000a088    00000008     (.cinit..bss.load) [load image, compression = zero_init]
                  0000a090    00000010     (__TI_cinit_table)

.rodata    0    00007920    000026e0     
                  00007920    00000d5c     oled.o (.rodata.asc2_2412)
                  0000867c    00000bf6     inv_mpu_dmp_motion_driver.o (.rodata.dmp_memory)
                  00009272    000005f0     oled.o (.rodata.asc2_1608)
                  00009862    00000474     oled.o (.rodata.asc2_1206)
                  00009cd6    0000000a     ti_msp_dl_config.o (.rodata.gUART_0Config)
                  00009ce0    00000101     libc.a : aeabi_ctype.S.obj (.rodata:__aeabi_ctype_table_)
                  00009de1    0000004d     inv_mpu.o (.rodata.str1.12529722238060830964.1)
                  00009e2e    00000002     ti_msp_dl_config.o (.rodata.gGY_87ClockConfig)
                  00009e30    00000040     libc.a : s_atan.c.obj (.rodata.cst32)
                  00009e70    00000028     ti_msp_dl_config.o (.rodata.gSYSPLLConfig)
                  00009e98    00000028     inv_mpu.o (.rodata.test)
                  00009ec0    00000026     inv_mpu.o (.rodata.str1.6385159555456066691.1)
                  00009ee6    0000001e     inv_mpu.o (.rodata.str1.1389070378196157055.1)
                  00009f04    0000001b     inv_mpu.o (.rodata.reg)
                  00009f1f    00000001     --HOLE-- [fill = 0]
                  00009f20    00000014     ti_msp_dl_config.o (.rodata.gTIMER_0TimerConfig)
                  00009f34    00000014     MPU6050_Test.o (.rodata.str1.17307802965416119940.1)
                  00009f48    00000011     libc.a : _printfi.c.obj (.rodata.str1.10348868589481759720.1)
                  00009f59    00000011            : _printfi.c.obj (.rodata.str1.15363888844622738466.1)
                  00009f6a    0000000f     MPU6050_Test.o (.rodata.str1.10490699815874104135.1)
                  00009f79    0000000f     MPU6050_Test.o (.rodata.str1.15175771625823906890.1)
                  00009f88    0000000f     MPU6050_Test.o (.rodata.str1.3960379022937145995.1)
                  00009f97    0000000e     MPU6050_Test.o (.rodata.str1.6239321097356604675.1)
                  00009fa5    0000000d     MPU6050_Test.o (.rodata.str1.15506021866033524268.1)
                  00009fb2    0000000c     inv_mpu.o (.rodata.hw)
                  00009fbe    0000000c     MPU6050_Test.o (.rodata.str1.15326700676794368539.1)
                  00009fca    0000000c     MPU6050_Test.o (.rodata.str1.3049439272189339874.1)
                  00009fd6    0000000a     ti_msp_dl_config.o (.rodata.gUART_1Config)
                  00009fe0    00000009     MPU6050_Test.o (.rodata.str1.13839830655640585305.1)
                  00009fe9    00000003     ti_msp_dl_config.o (.rodata.gTIMER_0ClockConfig)
                  00009fec    00000002     ti_msp_dl_config.o (.rodata.gOLEDClockConfig)
                  00009fee    00000002     ti_msp_dl_config.o (.rodata.gUART_0ClockConfig)
                  00009ff0    00000002     ti_msp_dl_config.o (.rodata.gUART_1ClockConfig)
                  00009ff2    0000000e     --HOLE-- [fill = 0]

.init_array 
*          0    00000000    00000000     UNINITIALIZED

.binit     0    00000000    00000000     

.sysmem    0    20200000    00000800     UNINITIALIZED
                  20200000    00000010     libc.a : memory.c.obj (.sysmem)
                  20200010    000007f0     --HOLE--

.bss       0    20200800    0000064c     UNINITIALIZED
                  20200800    00000480     (.common:OLED_GRAM)
                  20200c80    00000120     libsysbm.a : trgmsg.c.obj (.bss:_CIOBUF_)
                  20200da0    000000a0     libc.a : defs.c.obj (.bss.__TI_tmpnams)
                  20200e40    00000008     libsysbm.a : hostopen.c.obj (.bss.parmbuf)
                  20200e48    00000004     libc.a : memory.c.obj (.bss.sys_free)

.data      0    20200e4c    00000431     UNINITIALIZED
                  20200e4c    00000106     BlueSerial.o (.data.rxBuffer)
                  20200f52    00000106     Serial.o (.data.rxBuffer)
                  20201058    000000f0     libc.a : defs.c.obj (.data._ftable)
                  20201148    00000078     libsysbm.a : host_device.c.obj (.data._device)
                  202011c0    00000050                : host_device.c.obj (.data._stream)
                  20201210    0000002c     inv_mpu.o (.data.st)
                  2020123c    00000010     inv_mpu_dmp_motion_driver.o (.data.dmp)
                  2020124c    00000009     mpu_port.o (.data.gyro_orientation)
                  20201255    00000001     Key.o (.data.Key_Num)
                  20201256    00000002     Timer.o (.data.Count0)
                  20201258    00000008     libc.a : exit.c.obj (.data..L_MergedGlobals)
                  20201260    00000004            : defs.c.obj (.data.__TI_ft_end)
                  20201264    00000004            : aeabi_portable.c.obj (.data.__aeabi_errno)
                  20201268    00000004            : _lock.c.obj (.data._lock)
                  2020126c    00000004            : _lock.c.obj (.data._unlock)
                  20201270    00000004     mpu_port.o (.data.sys_tick_ms)
                  20201274    00000002     Timer.o (.data.Count1)
                  20201276    00000001     Key.o (.data.Key_Tick.Count)
                  20201277    00000001     Key.o (.data.Key_Tick.CurrState)
                  20201278    00000001     Key.o (.data.Key_Tick.PrevState)
                  20201279    00000003     --HOLE--
                  2020127c    00000001     libc.a : memory.c.obj (.data.memory_is_initialized)

.stack     0    20207e00    00000200     UNINITIALIZED
                  20207e00    00000004     libc.a : boot_cortex_m.c.obj (.stack)
                  20207e04    000001fc     --HOLE--

__llvm_prf_cnts 
*          0    20200000    00000000     UNINITIALIZED

__llvm_prf_bits 
*          0    20200000    00000000     UNINITIALIZED

MODULE SUMMARY

       Module                         code    ro data   rw data
       ------                         ----    -------   -------
    .\
       ti_msp_dl_config.o             2710    91        0      
       startup_mspm0g350x_ticlang.o   8       192       0      
    +--+------------------------------+-------+---------+---------+
       Total:                         2718    283       0      
                                                               
    .\Hardware\
       oled.o                         1542    6080      1152   
       BlueSerial.o                   426     0         262    
       Serial.o                       162     0         262    
       Key.o                          238     0         4      
    +--+------------------------------+-------+---------+---------+
       Total:                         2368    6080      1680   
                                                               
    .\Hardware\mpu6050\
       inv_mpu_dmp_motion_driver.o    3070    3062      16     
       inv_mpu.o                      4704    224       44     
       mpu_port.o                     1810    0         13     
    +--+------------------------------+-------+---------+---------+
       Total:                         9584    3286      73     
                                                               
    .\Test\
       MPU6050_Test.o                 688     125       0      
    +--+------------------------------+-------+---------+---------+
       Total:                         688     125       0      
                                                               
    .\system\
       Timer.o                        204     0         4      
       delay.o                        28      0         0      
    +--+------------------------------+-------+---------+---------+
       Total:                         232     0         4      
                                                               
    C:/TI/mspm0_sdk_2_10_00_04/source/ti/driverlib/lib/ticlang/m0p/mspm0g1x0x_g3x0x/driverlib.a
       dl_sysctl_mspm0g1x0x_g3x0x.o   416     0         0      
       dl_timer.o                     280     0         0      
       dl_i2c.o                       132     0         0      
       dl_uart.o                      90      0         0      
       dl_common.o                    10      0         0      
    +--+------------------------------+-------+---------+---------+
       Total:                         928     0         0      
                                                               
    D:\TI\CCS\ccs\tools\compiler\ti-cgt-armllvm_4.0.4.LTS\lib\armv6m-ti-none-eabi/c/libc.a
       _printfi.c.obj                 4510    34        0      
       e_asin.c.obj                   908     0         0      
       s_atan.c.obj                   784     64        0      
       memory.c.obj                   702     0         5      
       defs.c.obj                     0       0         404    
       e_atan2.c.obj                  392     0         0      
       e_sqrt.c.obj                   368     0         0      
       aeabi_ctype.S.obj              0       257       0      
       fputs.c.obj                    248     0         0      
       setvbuf.c.obj                  224     0         0      
       s_scalbn.c.obj                 216     0         0      
       getdevice.c.obj                160     0         0      
       fputc.c.obj                    156     0         0      
       strcmp-armv6m.S.obj            136     0         0      
       vsnprintf.c.obj                136     0         0      
       copy_decompress_lzss.c.obj     124     0         0      
       fclose.c.obj                   124     0         0      
       fseek.c.obj                    116     0         0      
       printf.c.obj                   108     0         0      
       _io_perm.c.obj                 100     0         0      
       s_frexp.c.obj                  92      0         0      
       _ltoa.c.obj                    88      0         0      
       fflush.c.obj                   82      0         0      
       vsprintf.c.obj                 78      0         0      
       exit.c.obj                     58      0         8      
       atoi.c.obj                     64      0         0      
       autoinit.c.obj                 60      0         0      
       boot_cortex_m.c.obj            56      0         0      
       fopen.c.obj                    52      0         0      
       memccpy.c.obj                  34      0         0      
       memcmp.c.obj                   32      0         0      
       copy_decompress_none.c.obj     18      0         0      
       memcpy16.S.obj                 18      0         0      
       copy_zero_init.c.obj           16      0         0      
       wcslen.c.obj                   16      0         0      
       memset16.S.obj                 14      0         0      
       aeabi_portable.c.obj           8       0         4      
       _lock.c.obj                    2       0         8      
       pre_init.c.obj                 4       0         0      
    +--+------------------------------+-------+---------+---------+
       Total:                         10304   355       429    
                                                               
    D:\TI\CCS\ccs\tools\compiler\ti-cgt-armllvm_4.0.4.LTS\lib\armv6m-ti-none-eabi/c/libsysbm.a
       trgmsg.c.obj                   104     0         288    
       host_device.c.obj              0       0         200    
       hostrename.c.obj               136     0         0      
       hostlseek.c.obj                108     0         0      
       hostopen.c.obj                 96      0         8      
       hostread.c.obj                 88      0         0      
       hostwrite.c.obj                88      0         0      
       close.c.obj                    80      0         0      
       hostclose.c.obj                72      0         0      
       hostunlink.c.obj               72      0         0      
       unlink.c.obj                   44      0         0      
       lseek.c.obj                    40      0         0      
       write.c.obj                    40      0         0      
       remove.c.obj                   8       0         0      
       hostexit.c.obj                 4       0         0      
    +--+------------------------------+-------+---------+---------+
       Total:                         980     0         496    
                                                               
    D:\TI\CCS\ccs\tools\compiler\ti-cgt-armllvm_4.0.4.LTS\lib\armv6m-ti-none-eabi/libclang_rt.builtins.a
       adddf3.S.obj                   434     0         0      
       divdf3.S.obj                   284     0         0      
       muldf3.S.obj                   244     0         0      
       comparedf2.c.obj               220     0         0      
       addsf3.S.obj                   216     0         0      
       udivmoddi4.S.obj               162     0         0      
       mulsf3.S.obj                   140     0         0      
       divsf3.S.obj                   130     0         0      
       comparesf2.S.obj               118     0         0      
       truncdfsf2.S.obj               116     0         0      
       aeabi_dcmp.S.obj               98      0         0      
       aeabi_fcmp.S.obj               98      0         0      
       aeabi_idivmod.S.obj            86      0         0      
       fixdfsi.S.obj                  74      0         0      
       aeabi_uidivmod.S.obj           64      0         0      
       extendsfdf2.S.obj              64      0         0      
       floatsisf.S.obj                60      0         0      
       muldsi3.S.obj                  58      0         0      
       fixsfsi.S.obj                  56      0         0      
       floatsidf.S.obj                44      0         0      
       floatunsisf.S.obj              40      0         0      
       floatunsidf.S.obj              36      0         0      
       muldi3.S.obj                   36      0         0      
       ashldi3.S.obj                  30      0         0      
       aeabi_memset.S.obj             26      0         0      
       aeabi_uldivmod.S.obj           20      0         0      
       aeabi_memcpy.S.obj             8       0         0      
       aeabi_div0.c.obj               4       0         0      
    +--+------------------------------+-------+---------+---------+
       Total:                         2966    0         0      
                                                               
       Heap:                          0       0         2048   
       Stack:                         0       0         512    
       Linker Generated:              0       158       0      
    +--+------------------------------+-------+---------+---------+
       Grand Total:                   30768   10287     5242   


LINKER GENERATED COPY TABLES

__TI_cinit_table @ 0000a090 records: 2, size/record: 8, table size: 16
	.data: load addr=0000a000, load size=0000007a bytes, run addr=20200e4c, run size=00000431 bytes, compression=lzss
	.bss: load addr=0000a088, load size=00000008 bytes, run addr=20200800, run size=0000064c bytes, compression=zero_init


LINKER GENERATED HANDLER TABLE

__TI_handler_table @ 0000a07c records: 3, size/record: 4, table size: 12
	index: 0, handler: __TI_decompress_lzss
	index: 1, handler: __TI_decompress_none
	index: 2, handler: __TI_zero_init


FAR CALL TRAMPOLINES

callee name               trampoline name
   callee addr  tramp addr   call addr  call info
--------------  -----------  ---------  ----------------
__aeabi_dsub              $Tramp$TT$L$PI$$__aeabi_dsub
   00002615     00007828     00007826   libc.a : _printfi.c.obj (.text.OUTLINED_FUNCTION_0)
__aeabi_dmul              $Tramp$TT$L$PI$$__aeabi_dmul
   0000401d     00007844     00007840   libc.a : e_asin.c.obj (.text.OUTLINED_FUNCTION_0)
                             0000785c          : s_atan.c.obj (.text.OUTLINED_FUNCTION_0)
                             00007870          : e_asin.c.obj (.text.OUTLINED_FUNCTION_1)
                             0000789c          : s_atan.c.obj (.text.OUTLINED_FUNCTION_2)
                             000078ec          : e_asin.c.obj (.text.OUTLINED_FUNCTION_2)
__aeabi_ddiv              $Tramp$TT$L$PI$$__aeabi_ddiv
   00003861     0000787c     0000787a   libc.a : e_asin.c.obj (.text.OUTLINED_FUNCTION_3)
__aeabi_dadd              $Tramp$TT$L$PI$$__aeabi_dadd
   0000261f     000078d8     000078d4   libc.a : s_atan.c.obj (.text.OUTLINED_FUNCTION_1)
                             000078fa          : e_asin.c.obj (.text.OUTLINED_FUNCTION_4)
_c_int00_noargs           $Tramp$TT$L$PI$$_c_int00_noargs
   00006ff1     00007900     000078fc   startup_mspm0g350x_ticlang.o (.text.Reset_Handler)

[5 trampolines]
[10 trampoline calls]


GLOBAL SYMBOLS: SORTED ALPHABETICALLY BY Name 

address   name                                 
-------   ----                                 
00004fcd  ADC0_IRQHandler                      
00004fcd  ADC1_IRQHandler                      
00004fcd  AES_IRQHandler                       
00007571  BlueSerial_Init                      
00006bd1  BlueSerial_Printf                    
00006d29  BlueSerial_SendByte                  
00006a27  BlueSerial_SendString                
000078f4  C$$EXIT                              
00006b61  C$$IO$$                              
00004fcd  CANFD0_IRQHandler                    
20201256  Count0                               
20201274  Count1                               
00004fcd  DAC0_IRQHandler                      
00007815  DL_Common_delayCycles                
00005d21  DL_I2C_fillControllerTXFIFO          
0000703f  DL_I2C_setClockConfig                
00007291  DL_SYSCTL_configFCC                  
000042c5  DL_SYSCTL_configSYSPLL               
000058e9  DL_SYSCTL_setHFCLKSourceHFXTParams   
00006635  DL_SYSCTL_switchMCLKfromSYSOSCtoHSCLK
00003a75  DL_Timer_initTimerMode               
0000731d  DL_Timer_setClockConfig              
000063ad  DL_UART_init                         
000076f7  DL_UART_setClockConfig               
00004fcd  DMA_IRQHandler                       
00005161  DMP_Init                             
00001ead  DMP_Read_Data                        
00004fcd  Default_Handler                      
00004fcd  GROUP0_IRQHandler                    
00004fcd  GROUP1_IRQHandler                    
000063f5  HOSTclose                            
000078f5  HOSTexit                             
00005599  HOSTlseek                            
00005b41  HOSTopen                             
00005e39  HOSTread                             
00005605  HOSTrename                           
0000643d  HOSTunlink                           
00005e91  HOSTwrite                            
00004fcd  HardFault_Handler                    
00004fcd  I2C0_IRQHandler                      
00004fcd  I2C1_IRQHandler                      
00005ba1  Key_Tick                             
000027a9  MPU_Read_Len                         
0000775d  MPU_Tick                             
00003521  MPU_Write_Len                        
00004fcd  NMI_Handler                          
00005c01  OLED_Clear                           
0000594d  OLED_ClearPoint                      
00006a99  OLED_ColorTurn                       
00006485  OLED_DisplayTurn                     
000064cd  OLED_DrawPoint                       
20200800  OLED_GRAM                            
00003b71  OLED_Init                            
00006881  OLED_Printf                          
000051dd  OLED_Refresh                         
00002f19  OLED_ShowChar                        
00004c61  OLED_ShowString                      
000061dd  OLED_WR_Byte                         
00004fcd  PendSV_Handler                       
00004fcd  RTC_IRQHandler                       
000078fd  Reset_Handler                        
00004fcd  SPI0_IRQHandler                      
00004fcd  SPI1_IRQHandler                      
00004fcd  SVC_Handler                          
00002c39  SYSCFG_DL_GPIO_init                  
00005ee9  SYSCFG_DL_GY_87_init                 
00005c61  SYSCFG_DL_OLED_init                  
00003e4d  SYSCFG_DL_SYSCTL_SYSPLL_init         
000053c9  SYSCFG_DL_SYSCTL_init                
00006741  SYSCFG_DL_TIMER_0_init               
00006515  SYSCFG_DL_UART_0_init                
0000655d  SYSCFG_DL_UART_1_init                
00007089  SYSCFG_DL_init                       
00004e29  SYSCFG_DL_initPower                  
00004fcd  SysTick_Handler                      
00004fcd  TIMA0_IRQHandler                     
00004fcd  TIMA1_IRQHandler                     
00006315  TIMG0_IRQHandler                     
00004fcd  TIMG12_IRQHandler                    
00004fcd  TIMG6_IRQHandler                     
00004fcd  TIMG7_IRQHandler                     
00004fcd  TIMG8_IRQHandler                     
00007709  TI_memcpy_small                      
000077d5  TI_memset_small                      
000075df  Timer_Init                           
000070ad  UART0_IRQHandler                     
000070d1  UART1_IRQHandler                     
00004fcd  UART2_IRQHandler                     
00004fcd  UART3_IRQHandler                     
20200c80  _CIOBUF_                             
20200c80  __CIOBUF_                            
20208000  __STACK_END                          
00000200  __STACK_SIZE                         
00000800  __SYSMEM_SIZE                        
00000000  __TI_ATRegion0_region_sz             
00000000  __TI_ATRegion0_src_addr              
00000000  __TI_ATRegion0_trg_addr              
00000000  __TI_ATRegion1_region_sz             
00000000  __TI_ATRegion1_src_addr              
00000000  __TI_ATRegion1_trg_addr              
00000000  __TI_ATRegion2_region_sz             
00000000  __TI_ATRegion2_src_addr              
00000000  __TI_ATRegion2_trg_addr              
0000a090  __TI_CINIT_Base                      
0000a0a0  __TI_CINIT_Limit                     
0000a0a0  __TI_CINIT_Warm                      
0000a07c  __TI_Handler_Table_Base              
0000a088  __TI_Handler_Table_Limit             
00006975  __TI_auto_init_nobinit_nopinit       
00006acd  __TI_cleanup                         
20201258  __TI_cleanup_ptr                     
00005259  __TI_closefile                       
000052d5  __TI_decompress_lzss                 
0000771b  __TI_decompress_none                 
00006047  __TI_doflush                         
2020125c  __TI_dtors_ptr                       
20201260  __TI_ft_end                          
00005f41  __TI_ltoa                            
ffffffff  __TI_pprof_out_hndl                  
000000c1  __TI_printfi                         
ffffffff  __TI_prof_data_size                  
ffffffff  __TI_prof_data_start                 
00006b01  __TI_readmsg                         
00000000  __TI_static_base__                   
20200da0  __TI_tmpnams                         
00006b35  __TI_writemsg                        
000059b1  __TI_wrt_ok                          
0000777d  __TI_zero_init                       
0000261f  __adddf3                             
00004483  __addsf3                             
00009ce0  __aeabi_ctype_table_                 
00009ce0  __aeabi_ctype_table_C                
000054b1  __aeabi_d2f                          
00006361  __aeabi_d2iz                         
0000261f  __aeabi_dadd                         
00005a79  __aeabi_dcmpeq                       
00005ab5  __aeabi_dcmpge                       
00005ac9  __aeabi_dcmpgt                       
00005aa1  __aeabi_dcmple                       
00005a8d  __aeabi_dcmplt                       
00003861  __aeabi_ddiv                         
0000401d  __aeabi_dmul                         
00002615  __aeabi_dsub                         
20201264  __aeabi_errno                        
000078a1  __aeabi_errno_addr                   
000067c1  __aeabi_f2d                          
00006a61  __aeabi_f2iz                         
00004483  __aeabi_fadd                         
00005add  __aeabi_fcmpeq                       
00005b19  __aeabi_fcmpge                       
00005b2d  __aeabi_fcmpgt                       
00005b05  __aeabi_fcmple                       
00005af1  __aeabi_fcmplt                       
000050dd  __aeabi_fdiv                         
00004eb5  __aeabi_fmul                         
00004479  __aeabi_fsub                         
00006e05  __aeabi_i2d                          
000068fd  __aeabi_i2f                          
00005ff1  __aeabi_idiv                         
000027a7  __aeabi_idiv0                        
00005ff1  __aeabi_idivmod                      
00004b27  __aeabi_ldiv0                        
00007201  __aeabi_llsl                         
00007119  __aeabi_lmul                         
000077fd  __aeabi_memclr                       
000077fd  __aeabi_memclr4                      
000077fd  __aeabi_memclr8                      
000078a9  __aeabi_memcpy                       
000078a9  __aeabi_memcpy4                      
000078a9  __aeabi_memcpy8                      
0000779d  __aeabi_memset                       
0000779d  __aeabi_memset4                      
0000779d  __aeabi_memset8                      
000070f5  __aeabi_ui2d                         
00006f51  __aeabi_ui2f                         
00006781  __aeabi_uidiv                        
00006781  __aeabi_uidivmod                     
000076bd  __aeabi_uldivmod                     
00007201  __ashldi3                            
ffffffff  __binit__                            
000057b5  __cmpdf2                             
000069b1  __cmpsf2                             
00003861  __divdf3                             
000050dd  __divsf3                             
000057b5  __eqdf2                              
000069b1  __eqsf2                              
000067c1  __extendsfdf2                        
00006361  __fixdfsi                            
00006a61  __fixsfsi                            
00006e05  __floatsidf                          
000068fd  __floatsisf                          
000070f5  __floatunsidf                        
00006f51  __floatunsisf                        
0000543d  __gedf2                              
00006939  __gesf2                              
0000543d  __gtdf2                              
00006939  __gtsf2                              
000057b5  __ledf2                              
000069b1  __lesf2                              
000057b5  __ltdf2                              
000069b1  __ltsf2                              
UNDEFED   __mpu_init                           
0000401d  __muldf3                             
00007119  __muldi3                             
000069ed  __muldsi3                            
00004eb5  __mulsf3                             
000057b5  __nedf2                              
000069b1  __nesf2                              
20207e00  __stack                              
20200000  __start___llvm_prf_bits              
20200000  __start___llvm_prf_cnts              
20200000  __stop___llvm_prf_bits               
20200000  __stop___llvm_prf_cnts               
00002615  __subdf3                             
00004479  __subsf3                             
000054b1  __truncdfsf2                         
00004a85  __udivmoddi4                         
00006ff1  _c_int00_noargs                      
20201148  _device                              
20201058  _ftable                              
20201268  _lock                                
00004e27  _nop                                 
202011c0  _stream                              
20200000  _sys_memory                          
UNDEFED   _system_post_cinit                   
00007911  _system_pre_init                     
2020126c  _unlock                              
000078ef  abort                                
0000363d  aligned_alloc                        
00009862  asc2_1206                            
00009272  asc2_1608                            
00007920  asc2_2412                            
00000a91  asin                                 
00000a91  asinl                                
00000df5  atan                                 
00002939  atan2                                
00002939  atan2l                               
00000df5  atanl                                
00006801  atoi                                 
ffffffff  binit                                
0000622d  close                                
00007355  delay_ms                             
000065a5  dmp_enable_6x_lp_quat                
0000139d  dmp_enable_feature                   
00005cc1  dmp_enable_gyro_cal                  
000065ed  dmp_enable_lp_quat                   
00007371  dmp_load_motion_driver_firmware      
000020a5  dmp_read_fifo                        
00004cf9  dmp_set_fifo_rate                    
00002ac1  dmp_set_orientation                  
00006679  dmp_set_shake_reject_thresh          
00006c03  dmp_set_shake_reject_time            
00006c35  dmp_set_shake_reject_timeout         
00005883  dmp_set_tap_axes                     
000066bd  dmp_set_tap_count                    
00001615  dmp_set_tap_thresh                   
00006cc7  dmp_set_tap_time                     
00006cf7  dmp_set_tap_time_multi               
00006b69  exit                                 
00006b9d  finddevice                           
00004b29  fputc                                
00003c69  fputs                                
00003f35  free                                 
00005d81  frexp                                
00005d81  frexpl                               
000078c1  fseek                                
00005671  fseeko                               
000056dd  getdevice                            
00009fb2  hw                                   
00000000  interruptVectors                     
000068bf  inv_orientation_matrix_to_scalar     
00004d91  inv_row_2_scale                      
000043a1  ldexp                                
000043a1  ldexpl                               
00006fa1  lseek                                
000010ed  main                                 
00007809  malloc                               
0000363d  memalign                             
0000713d  memccpy                              
000071a1  memcmp                               
000071c1  mget_ms                              
000047b9  mpu_configure_fifo                   
00005525  mpu_get_accel_fsr                    
00001c99  mpu_init                             
000032dd  mpu_load_firmware                    
00003751  mpu_lp_accel_mode                    
0000396d  mpu_read_fifo_stream                 
0000492d  mpu_read_mem                         
0000184d  mpu_reset_fifo                       
00004101  mpu_set_accel_fsr                    
00002475  mpu_set_bypass                       
00004875  mpu_set_dmp_state                    
000046f5  mpu_set_gyro_fsr                     
00004bc5  mpu_set_int_latched                  
00004625  mpu_set_lpf                          
00003d61  mpu_set_sample_rate                  
000031ad  mpu_set_sensors                      
000049d9  mpu_write_mem                        
20200e40  parmbuf                              
00005ddd  printf                               
00009f04  reg                                  
000078c9  remove                               
000043a1  scalbn                               
000043a1  scalbnl                              
000041e5  setvbuf                              
00002da9  sqrt                                 
00002da9  sqrtl                                
00004fd1  strcmp                               
00009e98  test                                 
00006e31  unlink                               
00006841  vsnprintf                            
00006e5d  vsprintf                             
0000776d  wcslen                               
00006fc9  write                                


GLOBAL SYMBOLS: SORTED BY Symbol Address 

address   name                                 
-------   ----                                 
00000000  __TI_ATRegion0_region_sz             
00000000  __TI_ATRegion0_src_addr              
00000000  __TI_ATRegion0_trg_addr              
00000000  __TI_ATRegion1_region_sz             
00000000  __TI_ATRegion1_src_addr              
00000000  __TI_ATRegion1_trg_addr              
00000000  __TI_ATRegion2_region_sz             
00000000  __TI_ATRegion2_src_addr              
00000000  __TI_ATRegion2_trg_addr              
00000000  __TI_static_base__                   
00000000  interruptVectors                     
000000c1  __TI_printfi                         
00000200  __STACK_SIZE                         
00000800  __SYSMEM_SIZE                        
00000a91  asin                                 
00000a91  asinl                                
00000df5  atan                                 
00000df5  atanl                                
000010ed  main                                 
0000139d  dmp_enable_feature                   
00001615  dmp_set_tap_thresh                   
0000184d  mpu_reset_fifo                       
00001c99  mpu_init                             
00001ead  DMP_Read_Data                        
000020a5  dmp_read_fifo                        
00002475  mpu_set_bypass                       
00002615  __aeabi_dsub                         
00002615  __subdf3                             
0000261f  __adddf3                             
0000261f  __aeabi_dadd                         
000027a7  __aeabi_idiv0                        
000027a9  MPU_Read_Len                         
00002939  atan2                                
00002939  atan2l                               
00002ac1  dmp_set_orientation                  
00002c39  SYSCFG_DL_GPIO_init                  
00002da9  sqrt                                 
00002da9  sqrtl                                
00002f19  OLED_ShowChar                        
000031ad  mpu_set_sensors                      
000032dd  mpu_load_firmware                    
00003521  MPU_Write_Len                        
0000363d  aligned_alloc                        
0000363d  memalign                             
00003751  mpu_lp_accel_mode                    
00003861  __aeabi_ddiv                         
00003861  __divdf3                             
0000396d  mpu_read_fifo_stream                 
00003a75  DL_Timer_initTimerMode               
00003b71  OLED_Init                            
00003c69  fputs                                
00003d61  mpu_set_sample_rate                  
00003e4d  SYSCFG_DL_SYSCTL_SYSPLL_init         
00003f35  free                                 
0000401d  __aeabi_dmul                         
0000401d  __muldf3                             
00004101  mpu_set_accel_fsr                    
000041e5  setvbuf                              
000042c5  DL_SYSCTL_configSYSPLL               
000043a1  ldexp                                
000043a1  ldexpl                               
000043a1  scalbn                               
000043a1  scalbnl                              
00004479  __aeabi_fsub                         
00004479  __subsf3                             
00004483  __addsf3                             
00004483  __aeabi_fadd                         
00004625  mpu_set_lpf                          
000046f5  mpu_set_gyro_fsr                     
000047b9  mpu_configure_fifo                   
00004875  mpu_set_dmp_state                    
0000492d  mpu_read_mem                         
000049d9  mpu_write_mem                        
00004a85  __udivmoddi4                         
00004b27  __aeabi_ldiv0                        
00004b29  fputc                                
00004bc5  mpu_set_int_latched                  
00004c61  OLED_ShowString                      
00004cf9  dmp_set_fifo_rate                    
00004d91  inv_row_2_scale                      
00004e27  _nop                                 
00004e29  SYSCFG_DL_initPower                  
00004eb5  __aeabi_fmul                         
00004eb5  __mulsf3                             
00004fcd  ADC0_IRQHandler                      
00004fcd  ADC1_IRQHandler                      
00004fcd  AES_IRQHandler                       
00004fcd  CANFD0_IRQHandler                    
00004fcd  DAC0_IRQHandler                      
00004fcd  DMA_IRQHandler                       
00004fcd  Default_Handler                      
00004fcd  GROUP0_IRQHandler                    
00004fcd  GROUP1_IRQHandler                    
00004fcd  HardFault_Handler                    
00004fcd  I2C0_IRQHandler                      
00004fcd  I2C1_IRQHandler                      
00004fcd  NMI_Handler                          
00004fcd  PendSV_Handler                       
00004fcd  RTC_IRQHandler                       
00004fcd  SPI0_IRQHandler                      
00004fcd  SPI1_IRQHandler                      
00004fcd  SVC_Handler                          
00004fcd  SysTick_Handler                      
00004fcd  TIMA0_IRQHandler                     
00004fcd  TIMA1_IRQHandler                     
00004fcd  TIMG12_IRQHandler                    
00004fcd  TIMG6_IRQHandler                     
00004fcd  TIMG7_IRQHandler                     
00004fcd  TIMG8_IRQHandler                     
00004fcd  UART2_IRQHandler                     
00004fcd  UART3_IRQHandler                     
00004fd1  strcmp                               
000050dd  __aeabi_fdiv                         
000050dd  __divsf3                             
00005161  DMP_Init                             
000051dd  OLED_Refresh                         
00005259  __TI_closefile                       
000052d5  __TI_decompress_lzss                 
000053c9  SYSCFG_DL_SYSCTL_init                
0000543d  __gedf2                              
0000543d  __gtdf2                              
000054b1  __aeabi_d2f                          
000054b1  __truncdfsf2                         
00005525  mpu_get_accel_fsr                    
00005599  HOSTlseek                            
00005605  HOSTrename                           
00005671  fseeko                               
000056dd  getdevice                            
000057b5  __cmpdf2                             
000057b5  __eqdf2                              
000057b5  __ledf2                              
000057b5  __ltdf2                              
000057b5  __nedf2                              
00005883  dmp_set_tap_axes                     
000058e9  DL_SYSCTL_setHFCLKSourceHFXTParams   
0000594d  OLED_ClearPoint                      
000059b1  __TI_wrt_ok                          
00005a79  __aeabi_dcmpeq                       
00005a8d  __aeabi_dcmplt                       
00005aa1  __aeabi_dcmple                       
00005ab5  __aeabi_dcmpge                       
00005ac9  __aeabi_dcmpgt                       
00005add  __aeabi_fcmpeq                       
00005af1  __aeabi_fcmplt                       
00005b05  __aeabi_fcmple                       
00005b19  __aeabi_fcmpge                       
00005b2d  __aeabi_fcmpgt                       
00005b41  HOSTopen                             
00005ba1  Key_Tick                             
00005c01  OLED_Clear                           
00005c61  SYSCFG_DL_OLED_init                  
00005cc1  dmp_enable_gyro_cal                  
00005d21  DL_I2C_fillControllerTXFIFO          
00005d81  frexp                                
00005d81  frexpl                               
00005ddd  printf                               
00005e39  HOSTread                             
00005e91  HOSTwrite                            
00005ee9  SYSCFG_DL_GY_87_init                 
00005f41  __TI_ltoa                            
00005ff1  __aeabi_idiv                         
00005ff1  __aeabi_idivmod                      
00006047  __TI_doflush                         
000061dd  OLED_WR_Byte                         
0000622d  close                                
00006315  TIMG0_IRQHandler                     
00006361  __aeabi_d2iz                         
00006361  __fixdfsi                            
000063ad  DL_UART_init                         
000063f5  HOSTclose                            
0000643d  HOSTunlink                           
00006485  OLED_DisplayTurn                     
000064cd  OLED_DrawPoint                       
00006515  SYSCFG_DL_UART_0_init                
0000655d  SYSCFG_DL_UART_1_init                
000065a5  dmp_enable_6x_lp_quat                
000065ed  dmp_enable_lp_quat                   
00006635  DL_SYSCTL_switchMCLKfromSYSOSCtoHSCLK
00006679  dmp_set_shake_reject_thresh          
000066bd  dmp_set_tap_count                    
00006741  SYSCFG_DL_TIMER_0_init               
00006781  __aeabi_uidiv                        
00006781  __aeabi_uidivmod                     
000067c1  __aeabi_f2d                          
000067c1  __extendsfdf2                        
00006801  atoi                                 
00006841  vsnprintf                            
00006881  OLED_Printf                          
000068bf  inv_orientation_matrix_to_scalar     
000068fd  __aeabi_i2f                          
000068fd  __floatsisf                          
00006939  __gesf2                              
00006939  __gtsf2                              
00006975  __TI_auto_init_nobinit_nopinit       
000069b1  __cmpsf2                             
000069b1  __eqsf2                              
000069b1  __lesf2                              
000069b1  __ltsf2                              
000069b1  __nesf2                              
000069ed  __muldsi3                            
00006a27  BlueSerial_SendString                
00006a61  __aeabi_f2iz                         
00006a61  __fixsfsi                            
00006a99  OLED_ColorTurn                       
00006acd  __TI_cleanup                         
00006b01  __TI_readmsg                         
00006b35  __TI_writemsg                        
00006b61  C$$IO$$                              
00006b69  exit                                 
00006b9d  finddevice                           
00006bd1  BlueSerial_Printf                    
00006c03  dmp_set_shake_reject_time            
00006c35  dmp_set_shake_reject_timeout         
00006cc7  dmp_set_tap_time                     
00006cf7  dmp_set_tap_time_multi               
00006d29  BlueSerial_SendByte                  
00006e05  __aeabi_i2d                          
00006e05  __floatsidf                          
00006e31  unlink                               
00006e5d  vsprintf                             
00006f51  __aeabi_ui2f                         
00006f51  __floatunsisf                        
00006fa1  lseek                                
00006fc9  write                                
00006ff1  _c_int00_noargs                      
0000703f  DL_I2C_setClockConfig                
00007089  SYSCFG_DL_init                       
000070ad  UART0_IRQHandler                     
000070d1  UART1_IRQHandler                     
000070f5  __aeabi_ui2d                         
000070f5  __floatunsidf                        
00007119  __aeabi_lmul                         
00007119  __muldi3                             
0000713d  memccpy                              
000071a1  memcmp                               
000071c1  mget_ms                              
00007201  __aeabi_llsl                         
00007201  __ashldi3                            
00007291  DL_SYSCTL_configFCC                  
0000731d  DL_Timer_setClockConfig              
00007355  delay_ms                             
00007371  dmp_load_motion_driver_firmware      
00007571  BlueSerial_Init                      
000075df  Timer_Init                           
000076bd  __aeabi_uldivmod                     
000076f7  DL_UART_setClockConfig               
00007709  TI_memcpy_small                      
0000771b  __TI_decompress_none                 
0000775d  MPU_Tick                             
0000776d  wcslen                               
0000777d  __TI_zero_init                       
0000779d  __aeabi_memset                       
0000779d  __aeabi_memset4                      
0000779d  __aeabi_memset8                      
000077d5  TI_memset_small                      
000077fd  __aeabi_memclr                       
000077fd  __aeabi_memclr4                      
000077fd  __aeabi_memclr8                      
00007809  malloc                               
00007815  DL_Common_delayCycles                
000078a1  __aeabi_errno_addr                   
000078a9  __aeabi_memcpy                       
000078a9  __aeabi_memcpy4                      
000078a9  __aeabi_memcpy8                      
000078c1  fseek                                
000078c9  remove                               
000078ef  abort                                
000078f4  C$$EXIT                              
000078f5  HOSTexit                             
000078fd  Reset_Handler                        
00007911  _system_pre_init                     
00007920  asc2_2412                            
00009272  asc2_1608                            
00009862  asc2_1206                            
00009ce0  __aeabi_ctype_table_                 
00009ce0  __aeabi_ctype_table_C                
00009e98  test                                 
00009f04  reg                                  
00009fb2  hw                                   
0000a07c  __TI_Handler_Table_Base              
0000a088  __TI_Handler_Table_Limit             
0000a090  __TI_CINIT_Base                      
0000a0a0  __TI_CINIT_Limit                     
0000a0a0  __TI_CINIT_Warm                      
20200000  __start___llvm_prf_bits              
20200000  __start___llvm_prf_cnts              
20200000  __stop___llvm_prf_bits               
20200000  __stop___llvm_prf_cnts               
20200000  _sys_memory                          
20200800  OLED_GRAM                            
20200c80  _CIOBUF_                             
20200c80  __CIOBUF_                            
20200da0  __TI_tmpnams                         
20200e40  parmbuf                              
20201058  _ftable                              
20201148  _device                              
202011c0  _stream                              
20201256  Count0                               
20201258  __TI_cleanup_ptr                     
2020125c  __TI_dtors_ptr                       
20201260  __TI_ft_end                          
20201264  __aeabi_errno                        
20201268  _lock                                
2020126c  _unlock                              
20201274  Count1                               
20207e00  __stack                              
20208000  __STACK_END                          
ffffffff  __TI_pprof_out_hndl                  
ffffffff  __TI_prof_data_size                  
ffffffff  __TI_prof_data_start                 
ffffffff  __binit__                            
ffffffff  binit                                
UNDEFED   __mpu_init                           
UNDEFED   _system_post_cinit                   

[314 symbols]
